Archive member included to satisfy reference by file (symbol)

C:/ST/STM32CubeIDE_1.16.0/STM32CubeIDE/plugins/com.st.stm32cube.ide.mcu.externaltools.gnu-tools-for-stm32.12.3.rel1.win32_1.0.200.202406191623/tools/bin/../lib/gcc/arm-none-eabi/12.3.1/../../../../arm-none-eabi/lib/thumb/v7-m/nofp\libc_nano.a(libc_a-exit.o)
                              C:/ST/STM32CubeIDE_1.16.0/STM32CubeIDE/plugins/com.st.stm32cube.ide.mcu.externaltools.gnu-tools-for-stm32.12.3.rel1.win32_1.0.200.202406191623/tools/bin/../lib/gcc/arm-none-eabi/12.3.1/../../../../arm-none-eabi/lib/thumb/v7-m/nofp/crt0.o (exit)
C:/ST/STM32CubeIDE_1.16.0/STM32CubeIDE/plugins/com.st.stm32cube.ide.mcu.externaltools.gnu-tools-for-stm32.12.3.rel1.win32_1.0.200.202406191623/tools/bin/../lib/gcc/arm-none-eabi/12.3.1/../../../../arm-none-eabi/lib/thumb/v7-m/nofp\libc_nano.a(libc_a-malloc.o)
                              ./ThreadSafe/newlib_lock_glue.o (malloc)
C:/ST/STM32CubeIDE_1.16.0/STM32CubeIDE/plugins/com.st.stm32cube.ide.mcu.externaltools.gnu-tools-for-stm32.12.3.rel1.win32_1.0.200.202406191623/tools/bin/../lib/gcc/arm-none-eabi/12.3.1/../../../../arm-none-eabi/lib/thumb/v7-m/nofp\libc_nano.a(libc_a-mallocr.o)
                              C:/ST/STM32CubeIDE_1.16.0/STM32CubeIDE/plugins/com.st.stm32cube.ide.mcu.externaltools.gnu-tools-for-stm32.12.3.rel1.win32_1.0.200.202406191623/tools/bin/../lib/gcc/arm-none-eabi/12.3.1/../../../../arm-none-eabi/lib/thumb/v7-m/nofp\libc_nano.a(libc_a-malloc.o) (_malloc_r)
C:/ST/STM32CubeIDE_1.16.0/STM32CubeIDE/plugins/com.st.stm32cube.ide.mcu.externaltools.gnu-tools-for-stm32.12.3.rel1.win32_1.0.200.202406191623/tools/bin/../lib/gcc/arm-none-eabi/12.3.1/../../../../arm-none-eabi/lib/thumb/v7-m/nofp\libc_nano.a(libc_a-mlock.o)
                              C:/ST/STM32CubeIDE_1.16.0/STM32CubeIDE/plugins/com.st.stm32cube.ide.mcu.externaltools.gnu-tools-for-stm32.12.3.rel1.win32_1.0.200.202406191623/tools/bin/../lib/gcc/arm-none-eabi/12.3.1/../../../../arm-none-eabi/lib/thumb/v7-m/nofp\libc_nano.a(libc_a-mallocr.o) (__malloc_lock)
C:/ST/STM32CubeIDE_1.16.0/STM32CubeIDE/plugins/com.st.stm32cube.ide.mcu.externaltools.gnu-tools-for-stm32.12.3.rel1.win32_1.0.200.202406191623/tools/bin/../lib/gcc/arm-none-eabi/12.3.1/../../../../arm-none-eabi/lib/thumb/v7-m/nofp\libc_nano.a(libc_a-findfp.o)
                              ./Middlewares/Third_Party/FreeRTOS/Source/tasks.o (__sf)
C:/ST/STM32CubeIDE_1.16.0/STM32CubeIDE/plugins/com.st.stm32cube.ide.mcu.externaltools.gnu-tools-for-stm32.12.3.rel1.win32_1.0.200.202406191623/tools/bin/../lib/gcc/arm-none-eabi/12.3.1/../../../../arm-none-eabi/lib/thumb/v7-m/nofp\libc_nano.a(libc_a-fwalk.o)
                              C:/ST/STM32CubeIDE_1.16.0/STM32CubeIDE/plugins/com.st.stm32cube.ide.mcu.externaltools.gnu-tools-for-stm32.12.3.rel1.win32_1.0.200.202406191623/tools/bin/../lib/gcc/arm-none-eabi/12.3.1/../../../../arm-none-eabi/lib/thumb/v7-m/nofp\libc_nano.a(libc_a-findfp.o) (_fwalk_sglue)
C:/ST/STM32CubeIDE_1.16.0/STM32CubeIDE/plugins/com.st.stm32cube.ide.mcu.externaltools.gnu-tools-for-stm32.12.3.rel1.win32_1.0.200.202406191623/tools/bin/../lib/gcc/arm-none-eabi/12.3.1/../../../../arm-none-eabi/lib/thumb/v7-m/nofp\libc_nano.a(libc_a-stdio.o)
                              C:/ST/STM32CubeIDE_1.16.0/STM32CubeIDE/plugins/com.st.stm32cube.ide.mcu.externaltools.gnu-tools-for-stm32.12.3.rel1.win32_1.0.200.202406191623/tools/bin/../lib/gcc/arm-none-eabi/12.3.1/../../../../arm-none-eabi/lib/thumb/v7-m/nofp\libc_nano.a(libc_a-findfp.o) (__sread)
C:/ST/STM32CubeIDE_1.16.0/STM32CubeIDE/plugins/com.st.stm32cube.ide.mcu.externaltools.gnu-tools-for-stm32.12.3.rel1.win32_1.0.200.202406191623/tools/bin/../lib/gcc/arm-none-eabi/12.3.1/../../../../arm-none-eabi/lib/thumb/v7-m/nofp\libc_nano.a(libc_a-memset.o)
                              C:/ST/STM32CubeIDE_1.16.0/STM32CubeIDE/plugins/com.st.stm32cube.ide.mcu.externaltools.gnu-tools-for-stm32.12.3.rel1.win32_1.0.200.202406191623/tools/bin/../lib/gcc/arm-none-eabi/12.3.1/../../../../arm-none-eabi/lib/thumb/v7-m/nofp/crt0.o (memset)
C:/ST/STM32CubeIDE_1.16.0/STM32CubeIDE/plugins/com.st.stm32cube.ide.mcu.externaltools.gnu-tools-for-stm32.12.3.rel1.win32_1.0.200.202406191623/tools/bin/../lib/gcc/arm-none-eabi/12.3.1/../../../../arm-none-eabi/lib/thumb/v7-m/nofp\libc_nano.a(libc_a-closer.o)
                              C:/ST/STM32CubeIDE_1.16.0/STM32CubeIDE/plugins/com.st.stm32cube.ide.mcu.externaltools.gnu-tools-for-stm32.12.3.rel1.win32_1.0.200.202406191623/tools/bin/../lib/gcc/arm-none-eabi/12.3.1/../../../../arm-none-eabi/lib/thumb/v7-m/nofp\libc_nano.a(libc_a-stdio.o) (_close_r)
C:/ST/STM32CubeIDE_1.16.0/STM32CubeIDE/plugins/com.st.stm32cube.ide.mcu.externaltools.gnu-tools-for-stm32.12.3.rel1.win32_1.0.200.202406191623/tools/bin/../lib/gcc/arm-none-eabi/12.3.1/../../../../arm-none-eabi/lib/thumb/v7-m/nofp\libc_nano.a(libc_a-reent.o)
[...]
Memory Configuration

Name             Origin             Length             Attributes
RAM              0x20000000         0x00004c00         xrw
FLASH            0x08002000         0x0000bc00         xr
NCR              0x20004c00         0x00000400         xrw
*default*        0x00000000         0xffffffff

Linker script and memory map

LOAD C:/ST/STM32CubeIDE_1.16.0/STM32CubeIDE/plugins/com.st.stm32cube.ide.mcu.externaltools.gnu-tools-for-stm32.12.3.rel1.win32_1.0.200.202406191623/tools/bin/../lib/gcc/arm-none-eabi/12.3.1/thumb/v7-m/nofp/crti.o
LOAD C:/ST/STM32CubeIDE_1.16.0/STM32CubeIDE/plugins/com.st.stm32cube.ide.mcu.externaltools.gnu-tools-for-stm32.12.3.rel1.win32_1.0.200.202406191623/tools/bin/../lib/gcc/arm-none-eabi/12.3.1/thumb/v7-m/nofp/crtbegin.o
LOAD C:/ST/STM32CubeIDE_1.16.0/STM32CubeIDE/plugins/com.st.stm32cube.ide.mcu.externaltools.gnu-tools-for-stm32.12.3.rel1.win32_1.0.200.202406191623/tools/bin/../lib/gcc/arm-none-eabi/12.3.1/../../../../arm-none-eabi/lib/thumb/v7-m/nofp/crt0.o
LOAD ./APPL/SMon/SMon.o
LOAD ./BSW/Com/CanH/CanH.o
LOAD ./BSW/Diag/Dcm/Dcm.o
LOAD ./BSW/Sys/EcuM/EcuM.o
LOAD ./Core/Startup/startup_stm32f103c8tx.o
LOAD ./Drivers/STM32F1xx_HAL_Driver/Src/stm32f1xx_hal.o
LOAD ./Drivers/STM32F1xx_HAL_Driver/Src/stm32f1xx_hal_adc.o
LOAD ./Drivers/STM32F1xx_HAL_Driver/Src/stm32f1xx_hal_adc_ex.o
LOAD ./Drivers/STM32F1xx_HAL_Driver/Src/stm32f1xx_hal_can.o
LOAD ./Drivers/STM32F1xx_HAL_Driver/Src/stm32f1xx_hal_cortex.o
LOAD ./Drivers/STM32F1xx_HAL_Driver/Src/stm32f1xx_hal_dma.o
LOAD ./Drivers/STM32F1xx_HAL_Driver/Src/stm32f1xx_hal_exti.o
LOAD ./Drivers/STM32F1xx_HAL_Driver/Src/stm32f1xx_hal_flash.o
LOAD ./Drivers/STM32F1xx_HAL_Driver/Src/stm32f1xx_hal_flash_ex.o
LOAD ./Drivers/STM32F1xx_HAL_Driver/Src/stm32f1xx_hal_gpio.o
LOAD ./Drivers/STM32F1xx_HAL_Driver/Src/stm32f1xx_hal_gpio_ex.o
LOAD ./Drivers/STM32F1xx_HAL_Driver/Src/stm32f1xx_hal_pwr.o
LOAD ./Drivers/STM32F1xx_HAL_Driver/Src/stm32f1xx_hal_rcc.o
LOAD ./Drivers/STM32F1xx_HAL_Driver/Src/stm32f1xx_hal_rcc_ex.o
LOAD ./Drivers/STM32F1xx_HAL_Driver/Src/stm32f1xx_hal_tim.o
LOAD ./Drivers/STM32F1xx_HAL_Driver/Src/stm32f1xx_hal_tim_ex.o
LOAD ./Middlewares/Third_Party/FreeRTOS/Source/CMSIS_RTOS_V2/cmsis_os2.o
LOAD ./Middlewares/Third_Party/FreeRTOS/Source/croutine.o
LOAD ./Middlewares/Third_Party/FreeRTOS/Source/event_groups.o
LOAD ./Middlewares/Third_Party/FreeRTOS/Source/list.o
LOAD ./Middlewares/Third_Party/FreeRTOS/Source/queue.o
LOAD ./Middlewares/Third_Party/FreeRTOS/Source/stream_buffer.o
LOAD ./Middlewares/Third_Party/FreeRTOS/Source/tasks.o
LOAD ./Middlewares/Third_Party/FreeRTOS/Source/timers.o
LOAD ./Middlewares/Third_Party/FreeRTOS/Source/portable/GCC/ARM_CM3/port.o
LOAD ./Middlewares/Third_Party/FreeRTOS/Source/portable/MemMang/heap_4.o
LOAD ./Src/adc.o
LOAD ./Src/can.o
LOAD ./Src/dma.o
LOAD ./Src/freertos.o
LOAD ./Src/gpio.o
LOAD ./Src/main.o
LOAD ./Src/stm32f1xx_hal_msp.o
LOAD ./Src/stm32f1xx_hal_timebase_tim.o
LOAD ./Src/stm32f1xx_it.o
LOAD ./Src/system_stm32f1xx.o
LOAD ./Src/tim.o
LOAD ./ThreadSafe/newlib_lock_glue.o
START GROUP
LOAD C:/ST/STM32CubeIDE_1.16.0/STM32CubeIDE/plugins/com.st.stm32cube.ide.mcu.externaltools.gnu-tools-for-stm32.12.3.rel1.win32_1.0.200.202406191623/tools/bin/../lib/gcc/arm-none-eabi/12.3.1/../../../../arm-none-eabi/lib/thumb/v7-m/nofp\libc_nano.a
LOAD C:/ST/STM32CubeIDE_1.16.0/STM32CubeIDE/plugins/com.st.stm32cube.ide.mcu.externaltools.gnu-tools-for-stm32.12.3.rel1.win32_1.0.200.202406191623/tools/bin/../lib/gcc/arm-none-eabi/12.3.1/../../../../arm-none-eabi/lib/thumb/v7-m/nofp\libm.a
END GROUP
START GROUP
LOAD C:/ST/STM32CubeIDE_1.16.0/STM32CubeIDE/plugins/com.st.stm32cube.ide.mcu.externaltools.gnu-tools-for-stm32.12.3.rel1.win32_1.0.200.202406191623/tools/bin/../lib/gcc/arm-none-eabi/12.3.1/thumb/v7-m/nofp\libgcc.a
LOAD C:/ST/STM32CubeIDE_1.16.0/STM32CubeIDE/plugins/com.st.stm32cube.ide.mcu.externaltools.gnu-tools-for-stm32.12.3.rel1.win32_1.0.200.202406191623/tools/bin/../lib/gcc/arm-none-eabi/12.3.1/../../../../arm-none-eabi/lib/thumb/v7-m/nofp\libc_nano.a
END GROUP
START GROUP
LOAD C:/ST/STM32CubeIDE_1.16.0/STM32CubeIDE/plugins/com.st.stm32cube.ide.mcu.externaltools.gnu-tools-for-stm32.12.3.rel1.win32_1.0.200.202406191623/tools/bin/../lib/gcc/arm-none-eabi/12.3.1/thumb/v7-m/nofp\libgcc.a
LOAD C:/ST/STM32CubeIDE_1.16.0/STM32CubeIDE/plugins/com.st.stm32cube.ide.mcu.externaltools.gnu-tools-for-stm32.12.3.rel1.win32_1.0.200.202406191623/tools/bin/../lib/gcc/arm-none-eabi/12.3.1/../../../../arm-none-eabi/lib/thumb/v7-m/nofp\libc_nano.a
LOAD C:/ST/STM32CubeIDE_1.16.0/STM32CubeIDE/plugins/com.st.stm32cube.ide.mcu.externaltools.gnu-tools-for-stm32.12.3.rel1.win32_1.0.200.202406191623/tools/bin/../lib/gcc/arm-none-eabi/12.3.1/../../../../arm-none-eabi/lib/thumb/v7-m/nofp\libnosys.a
END GROUP
START GROUP
LOAD C:/ST/STM32CubeIDE_1.16.0/STM32CubeIDE/plugins/com.st.stm32cube.ide.mcu.externaltools.gnu-tools-for-stm32.12.3.rel1.win32_1.0.200.202406191623/tools/bin/../lib/gcc/arm-none-eabi/12.3.1/thumb/v7-m/nofp\libgcc.a
LOAD C:/ST/STM32CubeIDE_1.16.0/STM32CubeIDE/plugins/com.st.stm32cube.ide.mcu.externaltools.gnu-tools-for-stm32.12.3.rel1.win32_1.0.200.202406191623/tools/bin/../lib/gcc/arm-none-eabi/12.3.1/../../../../arm-none-eabi/lib/thumb/v7-m/nofp\libc_nano.a
LOAD C:/ST/STM32CubeIDE_1.16.0/STM32CubeIDE/plugins/com.st.stm32cube.ide.mcu.externaltools.gnu-tools-for-stm32.12.3.rel1.win32_1.0.200.202406191623/tools/bin/../lib/gcc/arm-none-eabi/12.3.1/../../../../arm-none-eabi/lib/thumb/v7-m/nofp\libnosys.a
END GROUP
LOAD C:/ST/STM32CubeIDE_1.16.0/STM32CubeIDE/plugins/com.st.stm32cube.ide.mcu.externaltools.gnu-tools-for-stm32.12.3.rel1.win32_1.0.200.202406191623/tools/bin/../lib/gcc/arm-none-eabi/12.3.1/thumb/v7-m/nofp/crtend.o
LOAD C:/ST/STM32CubeIDE_1.16.0/STM32CubeIDE/plugins/com.st.stm32cube.ide.mcu.externaltools.gnu-tools-for-stm32.12.3.rel1.win32_1.0.200.202406191623/tools/bin/../lib/gcc/arm-none-eabi/12.3.1/thumb/v7-m/nofp/crtn.o
                0x20004c00                        _estack = (ORIGIN (RAM) + LENGTH (RAM))
                0x00000100                        _Min_Heap_Size = 0x100
                0x00000100                        _Min_Stack_Size = 0x100

.ncrsection     0x20004c00        0x4
 *(.ncr)
 .ncr           0x20004c00        0x4 ./BSW/Diag/Dcm/Dcm.o
                0x20004c00                Dcm_ActiveSessionState

.isr_vector     0x08002000      0x10c
                0x08002000                        . = ALIGN (0x4)
 *(.isr_vector)
 .isr_vector    0x08002000      0x10c ./Core/Startup/startup_stm32f103c8tx.o
                0x08002000                g_pfnVectors
                0x0800210c                        . = ALIGN (0x4)

.text           0x08002110     0x64d8
                0x08002110                        . = ALIGN (0x4)
 *(.text)
 .text          0x08002110       0x40 C:/ST/STM32CubeIDE_1.16.0/STM32CubeIDE/plugins/com.st.stm32cube.ide.mcu.externaltools.gnu-tools-for-stm32.12.3.rel1.win32_1.0.200.202406191623/tools/bin/../lib/gcc/arm-none-eabi/12.3.1/thumb/v7-m/nofp/crtbegin.o
 .text          0x08002150      0x21c C:/ST/STM32CubeIDE_1.16.0/STM32CubeIDE/plugins/com.st.stm32cube.ide.mcu.externaltools.gnu-tools-for-stm32.12.3.rel1.win32_1.0.200.202406191623/tools/bin/../lib/gcc/arm-none-eabi/12.3.1/thumb/v7-m/nofp\libgcc.a(_arm_addsubsf3.o)
                0x08002150                __aeabi_frsub
                0x08002158                __subsf3
                0x08002158                __aeabi_fsub
                0x0800215c                __aeabi_fadd
                0x0800215c                __addsf3
                0x080022bc                __aeabi_ui2f
                0x080022bc                __floatunsisf
                0x080022c4                __aeabi_i2f
                0x080022c4                __floatsisf
                0x080022e0                __aeabi_ul2f
                0x080022e0                __floatundisf
                0x080022f0                __aeabi_l2f
                0x080022f0                __floatdisf
 .text          0x0800236c      0x2a0 C:/ST/STM32CubeIDE_1.16.0/STM32CubeIDE/plugins/com.st.stm32cube.ide.mcu.externaltools.gnu-tools-for-stm32.12.3.rel1.win32_1.0.200.202406191623/tools/bin/../lib/gcc/arm-none-eabi/12.3.1/thumb/v7-m/nofp\libgcc.a(_arm_muldivsf3.o)
                0x0800236c                __mulsf3
                0x0800236c                __aeabi_fmul
                0x080024d4                __aeabi_fdiv
                0x080024d4                __divsf3
 .text          0x0800260c       0xec C:/ST/STM32CubeIDE_1.16.0/STM32CubeIDE/plugins/com.st.stm32cube.ide.mcu.externaltools.gnu-tools-for-stm32.12.3.rel1.win32_1.0.200.202406191623/tools/bin/../lib/gcc/arm-none-eabi/12.3.1/thumb/v7-m/nofp\libgcc.a(_arm_cmpsf2.o)
                0x0800260c                __gesf2
                0x0800260c                __gtsf2
                0x08002614                __lesf2
                0x08002614                __ltsf2
                0x0800261c                __nesf2
                0x0800261c                __eqsf2
                0x0800261c                __cmpsf2
                0x0800267c                __aeabi_cfrcmple
                0x08002684                __aeabi_cfcmpeq
                0x08002684                __aeabi_cfcmple
                0x08002694                __aeabi_fcmpeq
                0x080026a8                __aeabi_fcmplt
                0x080026bc                __aeabi_fcmple
                0x080026d0                __aeabi_fcmpge
                0x080026e4                __aeabi_fcmpgt
 .text          0x080026f8       0x40 C:/ST/STM32CubeIDE_1.16.0/STM32CubeIDE/plugins/com.st.stm32cube.ide.mcu.externaltools.gnu-tools-for-stm32.12.3.rel1.win32_1.0.200.202406191623/tools/bin/../lib/gcc/arm-none-eabi/12.3.1/thumb/v7-m/nofp\libgcc.a(_arm_fixunssfsi.o)
                0x080026f8                __fixunssfsi
                0x080026f8                __aeabi_f2uiz
 *(.text*)
 .text.SMon_I2TAccumulation
                0x08002738      0x140 ./APPL/SMon/SMon.o
                0x08002738                SMon_I2TAccumulation
 .text.SMon_UpdateHistograms
                0x08002878       0x7c ./APPL/SMon/SMon.o
                0x08002878                SMon_UpdateHistograms
 .text.SMon_ProcessShortToPlusTest
                0x080028f4      0x110 ./APPL/SMon/SMon.o
                0x080028f4                SMon_ProcessShortToPlusTest
 .text.SMon_ProcessLoadCurrentState
                0x08002a04       0x68 ./APPL/SMon/SMon.o
                0x08002a04                SMon_ProcessLoadCurrentState
 .text.SMon_ProcessEcuVoltageState
                0x08002a6c       0x88 ./APPL/SMon/SMon.o
                0x08002a6c                SMon_ProcessEcuVoltageState
 .text.SMon_ProcessLoadErrorStatus
                0x08002af4      0x10c ./APPL/SMon/SMon.o
                0x08002af4                SMon_ProcessLoadErrorStatus
 .text.SMon_LoadSwitchingDiagnosis
                0x08002c00       0x7c ./APPL/SMon/SMon.o
                0x08002c00                SMon_LoadSwitchingDiagnosis
 .text.SMon_LoadSwitchingLogic
                0x08002c7c       0xd8 ./APPL/SMon/SMon.o
                0x08002c7c                SMon_LoadSwitchingLogic
 .text.SMon_main
                0x08002d54       0x48 ./APPL/SMon/SMon.o
                0x08002d54                SMon_main
 .text.CanH_MainFunction
                0x08002d9c      0x1ac ./BSW/Com/CanH/CanH.o
                0x08002d9c                CanH_MainFunction
 .text.HAL_CAN_RxFifo0MsgPendingCallback
                0x08002f48       0xc4 ./BSW/Com/CanH/CanH.o
                0x08002f48                HAL_CAN_RxFifo0MsgPendingCallback
 .text.Dcm_SendHistogramISO_TP
                0x0800300c       0x84 ./BSW/Diag/Dcm/Dcm.o
                0x0800300c                Dcm_SendHistogramISO_TP
 .text.Dcm_RC_ReadHistograms
                0x08003090       0x24 ./BSW/Diag/Dcm/Dcm.o
                0x08003090                Dcm_RC_ReadHistograms
 .text.Dcm_ProgrammingSession
                0x080030b4       0x70 ./BSW/Diag/Dcm/Dcm.o
                0x080030b4                Dcm_ProgrammingSession
 .text.Dcm_SendNrc
                0x08003124       0x54 ./BSW/Diag/Dcm/Dcm.o
                0x08003124                Dcm_SendNrc
 .text.Dcm_HardReset
                0x08003178       0x68 ./BSW/Diag/Dcm/Dcm.o
                0x08003178                Dcm_HardReset
 .text.Dcm_ReadSWV
                0x080031e0       0x74 ./BSW/Diag/Dcm/Dcm.o
                0x080031e0                Dcm_ReadSWV
 .text.Dcm_RC_HealSupply
                0x08003254       0x78 ./BSW/Diag/Dcm/Dcm.o
                0x08003254                Dcm_RC_HealSupply
 .text.Dcm_main
                0x080032cc       0xa0 ./BSW/Diag/Dcm/Dcm.o
                0x080032cc                Dcm_main
 .text.__NVIC_SystemReset
                0x0800336c       0x24 ./BSW/Sys/EcuM/EcuM.o
 .text.EcuM_GoSleep
                0x08003390       0xec ./BSW/Sys/EcuM/EcuM.o
                0x08003390                EcuM_GoSleep
 .text.EcuM_main
                0x0800347c       0xa8 ./BSW/Sys/EcuM/EcuM.o
                0x0800347c                EcuM_main
 .text.EcuM_ProcessTimerInterrupt
                0x08003524       0x20 ./BSW/Sys/EcuM/EcuM.o
                0x08003524                EcuM_ProcessTimerInterrupt
 .text.EcuM_PerformReset
                0x08003544        0x6 ./BSW/Sys/EcuM/EcuM.o
                0x08003544                EcuM_PerformReset
 *fill*         0x0800354a        0x2 
 .text.Reset_Handler
                0x0800354c       0x48 ./Core/Startup/startup_stm32f103c8tx.o
                0x0800354c                Reset_Handler
 .text.Default_Handler
                0x08003594        0x2 ./Core/Startup/startup_stm32f103c8tx.o
                0x08003594                RTC_Alarm_IRQHandler
                0x08003594                EXTI2_IRQHandler
                0x08003594                EXTI3_IRQHandler
                0x08003594                EXTI0_IRQHandler
                0x08003594                I2C2_EV_IRQHandler
                0x08003594                ADC1_2_IRQHandler
                0x08003594                SPI1_IRQHandler
                0x08003594                TAMPER_IRQHandler
                0x08003594                DMA1_Channel4_IRQHandler
                0x08003594                USART3_IRQHandler
                0x08003594                RTC_IRQHandler
                0x08003594                DMA1_Channel7_IRQHandler
                0x08003594                I2C1_EV_IRQHandler
                0x08003594                DMA1_Channel6_IRQHandler
                0x08003594                TIM3_IRQHandler
                0x08003594                Default_Handler
                0x08003594                EXTI15_10_IRQHandler
                0x08003594                EXTI9_5_IRQHandler
                0x08003594                SPI2_IRQHandler
                0x08003594                DMA1_Channel5_IRQHandler
                0x08003594                EXTI4_IRQHandler
                0x08003594                DMA1_Channel3_IRQHandler
                0x08003594                WWDG_IRQHandler
                0x08003594                EXTI1_IRQHandler
                0x08003594                USART2_IRQHandler
                0x08003594                I2C2_ER_IRQHandler
                0x08003594                DMA1_Channel2_IRQHandler
                0x08003594                USART1_IRQHandler
                0x08003594                I2C1_ER_IRQHandler
                0x08003594                USBWakeUp_IRQHandler
 *fill*         0x08003596        0x2 
 .text.HAL_Init
                0x08003598       0x24 ./Drivers/STM32F1xx_HAL_Driver/Src/stm32f1xx_hal.o
                0x08003598                HAL_Init
 .text.HAL_IncTick
                0x080035bc       0x18 ./Drivers/STM32F1xx_HAL_Driver/Src/stm32f1xx_hal.o
                0x080035bc                HAL_IncTick
 .text.HAL_GetTick
                0x080035d4        0xc ./Drivers/STM32F1xx_HAL_Driver/Src/stm32f1xx_hal.o
                0x080035d4                HAL_GetTick
 .text.HAL_Delay
                0x080035e0       0x24 ./Drivers/STM32F1xx_HAL_Driver/Src/stm32f1xx_hal.o
                0x080035e0                HAL_Delay
 .text.HAL_DBGMCU_DisableDBGSleepMode
                0x08003604       0x10 ./Drivers/STM32F1xx_HAL_Driver/Src/stm32f1xx_hal.o
                0x08003604                HAL_DBGMCU_DisableDBGSleepMode
 .text.ADC_DMAConvCplt
                0x08003614       0x46 ./Drivers/STM32F1xx_HAL_Driver/Src/stm32f1xx_hal_adc.o
                0x08003614                ADC_DMAConvCplt
 .text.ADC_DMAHalfConvCplt
                0x0800365a        0x6 ./Drivers/STM32F1xx_HAL_Driver/Src/stm32f1xx_hal_adc.o
                0x0800365a                ADC_DMAHalfConvCplt
 .text.ADC_DMAError
                0x08003660       0x16 ./Drivers/STM32F1xx_HAL_Driver/Src/stm32f1xx_hal_adc.o
                0x08003660                ADC_DMAError
 .text.HAL_ADC_ConvHalfCpltCallback
                0x08003676        0x2 ./Drivers/STM32F1xx_HAL_Driver/Src/stm32f1xx_hal_adc.o
                0x08003676                HAL_ADC_ConvHalfCpltCallback
 .text.HAL_ADC_LevelOutOfWindowCallback
                0x08003678        0x2 ./Drivers/STM32F1xx_HAL_Driver/Src/stm32f1xx_hal_adc.o
                0x08003678                HAL_ADC_LevelOutOfWindowCallback
 *fill*         0x0800367a        0x2 
 .text.HAL_ADC_ConfigChannel
                0x0800367c      0x104 ./Drivers/STM32F1xx_HAL_Driver/Src/stm32f1xx_hal_adc.o
                0x0800367c                HAL_ADC_ConfigChannel
 .text.ADC_Enable
                0x08003780       0x78 ./Drivers/STM32F1xx_HAL_Driver/Src/stm32f1xx_hal_adc.o
                0x08003780                ADC_Enable
 .text.HAL_ADC_Start_DMA
                0x080037f8      0x120 ./Drivers/STM32F1xx_HAL_Driver/Src/stm32f1xx_hal_adc.o
                0x080037f8                HAL_ADC_Start_DMA
 .text.ADC_ConversionStop_Disable
                0x08003918       0x4c ./Drivers/STM32F1xx_HAL_Driver/Src/stm32f1xx_hal_adc.o
                0x08003918                ADC_ConversionStop_Disable
 .text.HAL_ADC_Init
                0x08003964      0x130 ./Drivers/STM32F1xx_HAL_Driver/Src/stm32f1xx_hal_adc.o
                0x08003964                HAL_ADC_Init
 .text.HAL_ADC_DeInit
                0x08003a94       0xec ./Drivers/STM32F1xx_HAL_Driver/Src/stm32f1xx_hal_adc.o
                0x08003a94                HAL_ADC_DeInit
 .text.HAL_ADC_Stop
                0x08003b80       0x34 ./Drivers/STM32F1xx_HAL_Driver/Src/stm32f1xx_hal_adc.o
                0x08003b80                HAL_ADC_Stop
 .text.HAL_ADC_Stop_DMA
                0x08003bb4       0x5c ./Drivers/STM32F1xx_HAL_Driver/Src/stm32f1xx_hal_adc.o
                0x08003bb4                HAL_ADC_Stop_DMA
 .text.HAL_ADCEx_Calibration_Start
                0x08003c10       0xe0 ./Drivers/STM32F1xx_HAL_Driver/Src/stm32f1xx_hal_adc_ex.o
                0x08003c10                HAL_ADCEx_Calibration_Start
 .text.HAL_ADCEx_InjectedConvCpltCallback
                0x08003cf0        0x2 ./Drivers/STM32F1xx_HAL_Driver/Src/stm32f1xx_hal_adc_ex.o
                0x08003cf0                HAL_ADCEx_InjectedConvCpltCallback
 .text.HAL_CAN_Init
                0x08003cf2      0x102 ./Drivers/STM32F1xx_HAL_Driver/Src/stm32f1xx_hal_can.o
                0x08003cf2                HAL_CAN_Init
 .text.HAL_CAN_ConfigFilter
                0x08003df4       0xee ./Drivers/STM32F1xx_HAL_Driver/Src/stm32f1xx_hal_can.o
                0x08003df4                HAL_CAN_ConfigFilter
 .text.HAL_CAN_Start
                0x08003ee2       0x56 ./Drivers/STM32F1xx_HAL_Driver/Src/stm32f1xx_hal_can.o
                0x08003ee2                HAL_CAN_Start
 .text.HAL_CAN_RequestSleep
                0x08003f38       0x24 ./Drivers/STM32F1xx_HAL_Driver/Src/stm32f1xx_hal_can.o
                0x08003f38                HAL_CAN_RequestSleep
 .text.HAL_CAN_AddTxMessage
                0x08003f5c       0xa4 ./Drivers/STM32F1xx_HAL_Driver/Src/stm32f1xx_hal_can.o
                0x08003f5c                HAL_CAN_AddTxMessage
 .text.HAL_CAN_GetRxMessage
                0x08004000      0x108 ./Drivers/STM32F1xx_HAL_Driver/Src/stm32f1xx_hal_can.o
                0x08004000                HAL_CAN_GetRxMessage
 .text.HAL_CAN_ActivateNotification
                0x08004108       0x22 ./Drivers/STM32F1xx_HAL_Driver/Src/stm32f1xx_hal_can.o
                0x08004108                HAL_CAN_ActivateNotification
 .text.HAL_CAN_TxMailbox0CompleteCallback
                0x0800412a        0x2 ./Drivers/STM32F1xx_HAL_Driver/Src/stm32f1xx_hal_can.o
                0x0800412a                HAL_CAN_TxMailbox0CompleteCallback
 .text.HAL_CAN_TxMailbox1CompleteCallback
                0x0800412c        0x2 ./Drivers/STM32F1xx_HAL_Driver/Src/stm32f1xx_hal_can.o
                0x0800412c                HAL_CAN_TxMailbox1CompleteCallback
 .text.HAL_CAN_TxMailbox2CompleteCallback
                0x0800412e        0x2 ./Drivers/STM32F1xx_HAL_Driver/Src/stm32f1xx_hal_can.o
                0x0800412e                HAL_CAN_TxMailbox2CompleteCallback
 .text.HAL_CAN_TxMailbox0AbortCallback
                0x08004130        0x2 ./Drivers/STM32F1xx_HAL_Driver/Src/stm32f1xx_hal_can.o
                0x08004130                HAL_CAN_TxMailbox0AbortCallback
 .text.HAL_CAN_TxMailbox1AbortCallback
                0x08004132        0x2 ./Drivers/STM32F1xx_HAL_Driver/Src/stm32f1xx_hal_can.o
                0x08004132                HAL_CAN_TxMailbox1AbortCallback
 .text.HAL_CAN_TxMailbox2AbortCallback
                0x08004134        0x2 ./Drivers/STM32F1xx_HAL_Driver/Src/stm32f1xx_hal_can.o
                0x08004134                HAL_CAN_TxMailbox2AbortCallback
 .text.HAL_CAN_RxFifo0FullCallback
                0x08004136        0x2 ./Drivers/STM32F1xx_HAL_Driver/Src/stm32f1xx_hal_can.o
                0x08004136                HAL_CAN_RxFifo0FullCallback
 .text.HAL_CAN_RxFifo1MsgPendingCallback
                0x08004138        0x2 ./Drivers/STM32F1xx_HAL_Driver/Src/stm32f1xx_hal_can.o
                0x08004138                HAL_CAN_RxFifo1MsgPendingCallback
 .text.HAL_CAN_RxFifo1FullCallback
                0x0800413a        0x2 ./Drivers/STM32F1xx_HAL_Driver/Src/stm32f1xx_hal_can.o
                0x0800413a                HAL_CAN_RxFifo1FullCallback
 .text.HAL_CAN_SleepCallback
                0x0800413c        0x2 ./Drivers/STM32F1xx_HAL_Driver/Src/stm32f1xx_hal_can.o
                0x0800413c                HAL_CAN_SleepCallback
 .text.HAL_CAN_WakeUpFromRxMsgCallback
                0x0800413e        0x2 ./Drivers/STM32F1xx_HAL_Driver/Src/stm32f1xx_hal_can.o
                0x0800413e                HAL_CAN_WakeUpFromRxMsgCallback
 .text.HAL_CAN_ErrorCallback
                0x08004140        0x2 ./Drivers/STM32F1xx_HAL_Driver/Src/stm32f1xx_hal_can.o
                0x08004140                HAL_CAN_ErrorCallback
 .text.HAL_CAN_IRQHandler
                0x08004142      0x20c ./Drivers/STM32F1xx_HAL_Driver/Src/stm32f1xx_hal_can.o
                0x08004142                HAL_CAN_IRQHandler
 .text.HAL_CAN_GetError
                0x0800434e        0x4 ./Drivers/STM32F1xx_HAL_Driver/Src/stm32f1xx_hal_can.o
                0x0800434e                HAL_CAN_GetError
 *fill*         0x08004352        0x2 
 .text.HAL_NVIC_SetPriorityGrouping
                0x08004354       0x24 ./Drivers/STM32F1xx_HAL_Driver/Src/stm32f1xx_hal_cortex.o
                0x08004354                HAL_NVIC_SetPriorityGrouping
 .text.HAL_NVIC_SetPriority
                0x08004378       0x60 ./Drivers/STM32F1xx_HAL_Driver/Src/stm32f1xx_hal_cortex.o
                0x08004378                HAL_NVIC_SetPriority
 .text.HAL_NVIC_EnableIRQ
                0x080043d8       0x1c ./Drivers/STM32F1xx_HAL_Driver/Src/stm32f1xx_hal_cortex.o
                0x080043d8                HAL_NVIC_EnableIRQ
 .text.HAL_NVIC_DisableIRQ
                0x080043f4       0x24 ./Drivers/STM32F1xx_HAL_Driver/Src/stm32f1xx_hal_cortex.o
                0x080043f4                HAL_NVIC_DisableIRQ
 .text.HAL_NVIC_ClearPendingIRQ
                0x08004418       0x1c ./Drivers/STM32F1xx_HAL_Driver/Src/stm32f1xx_hal_cortex.o
                0x08004418                HAL_NVIC_ClearPendingIRQ
 .text.HAL_DMA_Init
                0x08004434       0x64 ./Drivers/STM32F1xx_HAL_Driver/Src/stm32f1xx_hal_dma.o
                0x08004434                HAL_DMA_Init
 .text.HAL_DMA_DeInit
                0x08004498       0x60 ./Drivers/STM32F1xx_HAL_Driver/Src/stm32f1xx_hal_dma.o
                0x08004498                HAL_DMA_DeInit
 .text.HAL_DMA_Start_IT
                0x080044f8       0x8a ./Drivers/STM32F1xx_HAL_Driver/Src/stm32f1xx_hal_dma.o
                0x080044f8                HAL_DMA_Start_IT
 .text.HAL_DMA_Abort
                0x08004582       0x40 ./Drivers/STM32F1xx_HAL_Driver/Src/stm32f1xx_hal_dma.o
                0x08004582                HAL_DMA_Abort
 *fill*         0x080045c2        0x2 
 .text.HAL_DMA_IRQHandler
                0x080045c4      0x130 ./Drivers/STM32F1xx_HAL_Driver/Src/stm32f1xx_hal_dma.o
                0x080045c4                HAL_DMA_IRQHandler
 .text.FLASH_SetErrorCode
                0x080046f4       0x50 ./Drivers/STM32F1xx_HAL_Driver/Src/stm32f1xx_hal_flash.o
 .text.HAL_FLASH_EndOfOperationCallback
                0x08004744        0x2 ./Drivers/STM32F1xx_HAL_Driver/Src/stm32f1xx_hal_flash.o
                0x08004744                HAL_FLASH_EndOfOperationCallback
 .text.HAL_FLASH_OperationErrorCallback
                0x08004746        0x2 ./Drivers/STM32F1xx_HAL_Driver/Src/stm32f1xx_hal_flash.o
                0x08004746                HAL_FLASH_OperationErrorCallback
 .text.HAL_FLASH_IRQHandler
                0x08004748      0x114 ./Drivers/STM32F1xx_HAL_Driver/Src/stm32f1xx_hal_flash.o
                0x08004748                HAL_FLASH_IRQHandler
 .text.FLASH_PageErase
                0x0800485c       0x24 ./Drivers/STM32F1xx_HAL_Driver/Src/stm32f1xx_hal_flash_ex.o
                0x0800485c                FLASH_PageErase
 .text.HAL_GPIO_Init
                0x08004880      0x20c ./Drivers/STM32F1xx_HAL_Driver/Src/stm32f1xx_hal_gpio.o
                0x08004880                HAL_GPIO_Init
 .text.HAL_GPIO_DeInit
                0x08004a8c       0xdc ./Drivers/STM32F1xx_HAL_Driver/Src/stm32f1xx_hal_gpio.o
                0x08004a8c                HAL_GPIO_DeInit
 .text.HAL_GPIO_ReadPin
                0x08004b68        0xc ./Drivers/STM32F1xx_HAL_Driver/Src/stm32f1xx_hal_gpio.o
                0x08004b68                HAL_GPIO_ReadPin
 .text.HAL_GPIO_WritePin
                0x08004b74        0xa ./Drivers/STM32F1xx_HAL_Driver/Src/stm32f1xx_hal_gpio.o
                0x08004b74                HAL_GPIO_WritePin
 *fill*         0x08004b7e        0x2 
 .text.HAL_PWR_EnterSLEEPMode
                0x08004b80       0x20 ./Drivers/STM32F1xx_HAL_Driver/Src/stm32f1xx_hal_pwr.o
                0x08004b80                HAL_PWR_EnterSLEEPMode
 .text.HAL_PWR_EnableSleepOnExit
                0x08004ba0       0x10 ./Drivers/STM32F1xx_HAL_Driver/Src/stm32f1xx_hal_pwr.o
                0x08004ba0                HAL_PWR_EnableSleepOnExit
 .text.HAL_PWR_PVDCallback
                0x08004bb0        0x2 ./Drivers/STM32F1xx_HAL_Driver/Src/stm32f1xx_hal_pwr.o
                0x08004bb0                HAL_PWR_PVDCallback
 *fill*         0x08004bb2        0x2 
 .text.HAL_PWR_PVD_IRQHandler
                0x08004bb4       0x1c ./Drivers/STM32F1xx_HAL_Driver/Src/stm32f1xx_hal_pwr.o
                0x08004bb4                HAL_PWR_PVD_IRQHandler
 .text.HAL_RCC_OscConfig
                0x08004bd0      0x32c ./Drivers/STM32F1xx_HAL_Driver/Src/stm32f1xx_hal_rcc.o
                0x08004bd0                HAL_RCC_OscConfig
 .text.HAL_RCC_GetSysClockFreq
                0x08004efc       0x4c ./Drivers/STM32F1xx_HAL_Driver/Src/stm32f1xx_hal_rcc.o
                0x08004efc                HAL_RCC_GetSysClockFreq
 .text.HAL_RCC_ClockConfig
                0x08004f48      0x140 ./Drivers/STM32F1xx_HAL_Driver/Src/stm32f1xx_hal_rcc.o
                0x08004f48                HAL_RCC_ClockConfig
 .text.HAL_RCC_GetPCLK1Freq
                0x08005088       0x20 ./Drivers/STM32F1xx_HAL_Driver/Src/stm32f1xx_hal_rcc.o
                0x08005088                HAL_RCC_GetPCLK1Freq
 .text.HAL_RCC_GetPCLK2Freq
                0x080050a8       0x20 ./Drivers/STM32F1xx_HAL_Driver/Src/stm32f1xx_hal_rcc.o
                0x080050a8                HAL_RCC_GetPCLK2Freq
 .text.HAL_RCC_GetClockConfig
                0x080050c8       0x3c ./Drivers/STM32F1xx_HAL_Driver/Src/stm32f1xx_hal_rcc.o
                0x080050c8                HAL_RCC_GetClockConfig
 .text.HAL_RCCEx_PeriphCLKConfig
                0x08005104       0xf4 ./Drivers/STM32F1xx_HAL_Driver/Src/stm32f1xx_hal_rcc_ex.o
                0x08005104                HAL_RCCEx_PeriphCLKConfig
 .text.HAL_RCCEx_GetPeriphCLKFreq
                0x080051f8       0xbc ./Drivers/STM32F1xx_HAL_Driver/Src/stm32f1xx_hal_rcc_ex.o
                0x080051f8                HAL_RCCEx_GetPeriphCLKFreq
 .text.TIM_OC1_SetConfig
                0x080052b4       0x50 ./Drivers/STM32F1xx_HAL_Driver/Src/stm32f1xx_hal_tim.o
 .text.TIM_OC3_SetConfig
                0x08005304       0x54 ./Drivers/STM32F1xx_HAL_Driver/Src/stm32f1xx_hal_tim.o
 .text.TIM_OC4_SetConfig
                0x08005358       0x44 ./Drivers/STM32F1xx_HAL_Driver/Src/stm32f1xx_hal_tim.o
 .text.HAL_TIM_PeriodElapsedHalfCpltCallback
                0x0800539c        0x2 ./Drivers/STM32F1xx_HAL_Driver/Src/stm32f1xx_hal_tim.o
                0x0800539c                HAL_TIM_PeriodElapsedHalfCpltCallback
 .text.HAL_TIM_OC_DelayElapsedCallback
                0x0800539e        0x2 ./Drivers/STM32F1xx_HAL_Driver/Src/stm32f1xx_hal_tim.o
                0x0800539e                HAL_TIM_OC_DelayElapsedCallback
 .text.HAL_TIM_IC_CaptureCallback
                0x080053a0        0x2 ./Drivers/STM32F1xx_HAL_Driver/Src/stm32f1xx_hal_tim.o
                0x080053a0                HAL_TIM_IC_CaptureCallback
 .text.HAL_TIM_IC_CaptureHalfCpltCallback
                0x080053a2        0x2 ./Drivers/STM32F1xx_HAL_Driver/Src/stm32f1xx_hal_tim.o
                0x080053a2                HAL_TIM_IC_CaptureHalfCpltCallback
 .text.HAL_TIM_PWM_PulseFinishedCallback
                0x080053a4        0x2 ./Drivers/STM32F1xx_HAL_Driver/Src/stm32f1xx_hal_tim.o
                0x080053a4                HAL_TIM_PWM_PulseFinishedCallback
 .text.HAL_TIM_PWM_PulseFinishedHalfCpltCallback
                0x080053a6        0x2 ./Drivers/STM32F1xx_HAL_Driver/Src/stm32f1xx_hal_tim.o
                0x080053a6                HAL_TIM_PWM_PulseFinishedHalfCpltCallback
 .text.HAL_TIM_TriggerCallback
                0x080053a8        0x2 ./Drivers/STM32F1xx_HAL_Driver/Src/stm32f1xx_hal_tim.o
                0x080053a8                HAL_TIM_TriggerCallback
 .text.HAL_TIM_TriggerHalfCpltCallback
                0x080053aa        0x2 ./Drivers/STM32F1xx_HAL_Driver/Src/stm32f1xx_hal_tim.o
                0x080053aa                HAL_TIM_TriggerHalfCpltCallback
 .text.HAL_TIM_ErrorCallback
                0x080053ac        0x2 ./Drivers/STM32F1xx_HAL_Driver/Src/stm32f1xx_hal_tim.o
                0x080053ac                HAL_TIM_ErrorCallback
 *fill*         0x080053ae        0x2 
 .text.HAL_TIM_Base_Start_IT
                0x080053b0       0x54 ./Drivers/STM32F1xx_HAL_Driver/Src/stm32f1xx_hal_tim.o
                0x080053b0                HAL_TIM_Base_Start_IT
 .text.HAL_TIM_PWM_DeInit
                0x08005404       0x6c ./Drivers/STM32F1xx_HAL_Driver/Src/stm32f1xx_hal_tim.o
                0x08005404                HAL_TIM_PWM_DeInit
 .text.HAL_TIM_IRQHandler
                0x08005470      0x166 ./Drivers/STM32F1xx_HAL_Driver/Src/stm32f1xx_hal_tim.o
                0x08005470                HAL_TIM_IRQHandler
 *fill*         0x080055d6        0x2 
 .text.TIM_Base_SetConfig
                0x080055d8       0x70 ./Drivers/STM32F1xx_HAL_Driver/Src/stm32f1xx_hal_tim.o
                0x080055d8                TIM_Base_SetConfig
 .text.TIM_OC2_SetConfig
                0x08005648       0x58 ./Drivers/STM32F1xx_HAL_Driver/Src/stm32f1xx_hal_tim.o
                0x08005648                TIM_OC2_SetConfig
 .text.HAL_TIM_PWM_ConfigChannel
                0x080056a0       0xc8 ./Drivers/STM32F1xx_HAL_Driver/Src/stm32f1xx_hal_tim.o
                0x080056a0                HAL_TIM_PWM_ConfigChannel
 .text.TIM_ETR_SetConfig
                0x08005768       0x14 ./Drivers/STM32F1xx_HAL_Driver/Src/stm32f1xx_hal_tim.o
                0x08005768                TIM_ETR_SetConfig
 .text.HAL_TIM_ConfigClockSource
                0x0800577c      0x14a ./Drivers/STM32F1xx_HAL_Driver/Src/stm32f1xx_hal_tim.o
                0x0800577c                HAL_TIM_ConfigClockSource
 .text.TIM_CCxChannelCmd
                0x080058c6       0x1c ./Drivers/STM32F1xx_HAL_Driver/Src/stm32f1xx_hal_tim.o
                0x080058c6                TIM_CCxChannelCmd
 *fill*         0x080058e2        0x2 
 .text.HAL_TIM_OC_Start
                0x080058e4       0xa4 ./Drivers/STM32F1xx_HAL_Driver/Src/stm32f1xx_hal_tim.o
                0x080058e4                HAL_TIM_OC_Start
 .text.HAL_TIM_PWM_Start
                0x08005988        0x4 ./Drivers/STM32F1xx_HAL_Driver/Src/stm32f1xx_hal_tim.o
                0x08005988                HAL_TIM_PWM_Start
 .text.HAL_TIM_OC_Stop_IT
                0x0800598c       0xb8 ./Drivers/STM32F1xx_HAL_Driver/Src/stm32f1xx_hal_tim.o
                0x0800598c                HAL_TIM_OC_Stop_IT
 .text.HAL_TIM_PWM_Stop_IT
                0x08005a44        0x4 ./Drivers/STM32F1xx_HAL_Driver/Src/stm32f1xx_hal_tim.o
                0x08005a44                HAL_TIM_PWM_Stop_IT
 .text.TIM_ResetCallback
                0x08005a48       0x84 ./Drivers/STM32F1xx_HAL_Driver/Src/stm32f1xx_hal_tim.o
                0x08005a48                TIM_ResetCallback
 .text.HAL_TIM_Base_Init
                0x08005acc       0x6c ./Drivers/STM32F1xx_HAL_Driver/Src/stm32f1xx_hal_tim.o
                0x08005acc                HAL_TIM_Base_Init
 .text.HAL_TIM_PWM_Init
                0x08005b38       0x6c ./Drivers/STM32F1xx_HAL_Driver/Src/stm32f1xx_hal_tim.o
                0x08005b38                HAL_TIM_PWM_Init
 .text.HAL_TIMEx_MasterConfigSynchronization
                0x08005ba4       0x64 ./Drivers/STM32F1xx_HAL_Driver/Src/stm32f1xx_hal_tim_ex.o
                0x08005ba4                HAL_TIMEx_MasterConfigSynchronization
 .text.HAL_TIMEx_ConfigBreakDeadTime
                0x08005c08       0x52 ./Drivers/STM32F1xx_HAL_Driver/Src/stm32f1xx_hal_tim_ex.o
                0x08005c08                HAL_TIMEx_ConfigBreakDeadTime
 .text.HAL_TIMEx_CommutCallback
                0x08005c5a        0x2 ./Drivers/STM32F1xx_HAL_Driver/Src/stm32f1xx_hal_tim_ex.o
                0x08005c5a                HAL_TIMEx_CommutCallback
 .text.HAL_TIMEx_CommutHalfCpltCallback
                0x08005c5c        0x2 ./Drivers/STM32F1xx_HAL_Driver/Src/stm32f1xx_hal_tim_ex.o
                0x08005c5c                HAL_TIMEx_CommutHalfCpltCallback
 .text.HAL_TIMEx_BreakCallback
                0x08005c5e        0x2 ./Drivers/STM32F1xx_HAL_Driver/Src/stm32f1xx_hal_tim_ex.o
                0x08005c5e                HAL_TIMEx_BreakCallback
 .text.TimerCallback
                0x08005c60       0x14 ./Middlewares/Third_Party/FreeRTOS/Source/CMSIS_RTOS_V2/cmsis_os2.o
 .text.osKernelInitialize
                0x08005c74       0x38 ./Middlewares/Third_Party/FreeRTOS/Source/CMSIS_RTOS_V2/cmsis_os2.o
                0x08005c74                osKernelInitialize
 .text.osKernelStart
                0x08005cac       0x40 ./Middlewares/Third_Party/FreeRTOS/Source/CMSIS_RTOS_V2/cmsis_os2.o
                0x08005cac                osKernelStart
 .text.osThreadNew
                0x08005cec       0xb8 ./Middlewares/Third_Party/FreeRTOS/Source/CMSIS_RTOS_V2/cmsis_os2.o
                0x08005cec                osThreadNew
 .text.osTimerNew
                0x08005da4       0x80 ./Middlewares/Third_Party/FreeRTOS/Source/CMSIS_RTOS_V2/cmsis_os2.o
                0x08005da4                osTimerNew
 .text.osTimerStart
                0x08005e24       0x50 ./Middlewares/Third_Party/FreeRTOS/Source/CMSIS_RTOS_V2/cmsis_os2.o
                0x08005e24                osTimerStart
 .text.vApplicationGetIdleTaskMemory
                0x08005e74       0x18 ./Middlewares/Third_Party/FreeRTOS/Source/CMSIS_RTOS_V2/cmsis_os2.o
                0x08005e74                vApplicationGetIdleTaskMemory
 .text.vApplicationGetTimerTaskMemory
                0x08005e8c       0x18 ./Middlewares/Third_Party/FreeRTOS/Source/CMSIS_RTOS_V2/cmsis_os2.o
                0x08005e8c                vApplicationGetTimerTaskMemory
 .text.vListInitialise
                0x08005ea4       0x16 ./Middlewares/Third_Party/FreeRTOS/Source/list.o
                0x08005ea4                vListInitialise
 .text.vListInitialiseItem
                0x08005eba        0x6 ./Middlewares/Third_Party/FreeRTOS/Source/list.o
                0x08005eba                vListInitialiseItem
 .text.vListInsertEnd
                0x08005ec0       0x16 ./Middlewares/Third_Party/FreeRTOS/Source/list.o
                0x08005ec0                vListInsertEnd
 .text.vListInsert
                0x08005ed6       0x2e ./Middlewares/Third_Party/FreeRTOS/Source/list.o
                0x08005ed6                vListInsert
 .text.uxListRemove
                0x08005f04       0x24 ./Middlewares/Third_Party/FreeRTOS/Source/list.o
                0x08005f04                uxListRemove
 .text.prvIsQueueEmpty
                0x08005f28       0x16 ./Middlewares/Third_Party/FreeRTOS/Source/queue.o
 .text.prvCopyDataToQueue
                0x08005f3e       0x66 ./Middlewares/Third_Party/FreeRTOS/Source/queue.o
 .text.prvCopyDataFromQueue
                0x08005fa4       0x28 ./Middlewares/Third_Party/FreeRTOS/Source/queue.o
 .text.prvUnlockQueue
                0x08005fcc       0x70 ./Middlewares/Third_Party/FreeRTOS/Source/queue.o
 .text.xQueueGenericReset
                0x0800603c       0x7e ./Middlewares/Third_Party/FreeRTOS/Source/queue.o
                0x0800603c                xQueueGenericReset
 .text.xQueueGenericCreateStatic
                0x080060ba       0x9a ./Middlewares/Third_Party/FreeRTOS/Source/queue.o
                0x080060ba                xQueueGenericCreateStatic
 .text.xQueueGenericSend
                0x08006154      0x164 ./Middlewares/Third_Party/FreeRTOS/Source/queue.o
                0x08006154                xQueueGenericSend
 .text.xQueueGenericSendFromISR
                0x080062b8       0xb8 ./Middlewares/Third_Party/FreeRTOS/Source/queue.o
                0x080062b8                xQueueGenericSendFromISR
 .text.xQueueReceive
                0x08006370      0x13c ./Middlewares/Third_Party/FreeRTOS/Source/queue.o
                0x08006370                xQueueReceive
 .text.vQueueWaitForMessageRestricted
                0x080064ac       0x46 ./Middlewares/Third_Party/FreeRTOS/Source/queue.o
                0x080064ac                vQueueWaitForMessageRestricted
 *fill*         0x080064f2        0x2 
 .text.prvAddNewTaskToReadyList
                0x080064f4       0xf4 ./Middlewares/Third_Party/FreeRTOS/Source/tasks.o
 .text.prvAddCurrentTaskToDelayedList
                0x080065e8       0x70 ./Middlewares/Third_Party/FreeRTOS/Source/tasks.o
 .text.prvIdleTask
                0x08006658        0x8 ./Middlewares/Third_Party/FreeRTOS/Source/tasks.o
 .text.prvResetNextTaskUnblockTime
                0x08006660       0x24 ./Middlewares/Third_Party/FreeRTOS/Source/tasks.o
 .text.prvInitialiseNewTask.constprop.0
                0x08006684       0xac ./Middlewares/Third_Party/FreeRTOS/Source/tasks.o
 .text.xTaskCreateStatic
                0x08006730       0x6e ./Middlewares/Third_Party/FreeRTOS/Source/tasks.o
                0x08006730                xTaskCreateStatic
 .text.xTaskCreate
                0x0800679e       0x5c ./Middlewares/Third_Party/FreeRTOS/Source/tasks.o
                0x0800679e                xTaskCreate
 *fill*         0x080067fa        0x2 
 .text.vTaskResume
                0x080067fc       0x94 ./Middlewares/Third_Party/FreeRTOS/Source/tasks.o
                0x080067fc                vTaskResume
 .text.vTaskStartScheduler
                0x08006890       0xa0 ./Middlewares/Third_Party/FreeRTOS/Source/tasks.o
                0x08006890                vTaskStartScheduler
 .text.vTaskSuspendAll
                0x08006930       0x10 ./Middlewares/Third_Party/FreeRTOS/Source/tasks.o
                0x08006930                vTaskSuspendAll
 .text.xTaskGetTickCount
                0x08006940        0xc ./Middlewares/Third_Party/FreeRTOS/Source/tasks.o
                0x08006940                xTaskGetTickCount
 .text.xTaskIncrementTick
                0x0800694c      0x13c ./Middlewares/Third_Party/FreeRTOS/Source/tasks.o
                0x0800694c                xTaskIncrementTick
 .text.xTaskResumeAll
                0x08006a88       0xe8 ./Middlewares/Third_Party/FreeRTOS/Source/tasks.o
                0x08006a88                xTaskResumeAll
 .text.vTaskSwitchContext
                0x08006b70       0x98 ./Middlewares/Third_Party/FreeRTOS/Source/tasks.o
                0x08006b70                vTaskSwitchContext
 .text.vTaskSuspend
                0x08006c08       0xb4 ./Middlewares/Third_Party/FreeRTOS/Source/tasks.o
                0x08006c08                vTaskSuspend
 .text.vTaskPlaceOnEventList
                0x08006cbc       0x34 ./Middlewares/Third_Party/FreeRTOS/Source/tasks.o
                0x08006cbc                vTaskPlaceOnEventList
 .text.vTaskPlaceOnEventListRestricted
                0x08006cf0       0x40 ./Middlewares/Third_Party/FreeRTOS/Source/tasks.o
                0x08006cf0                vTaskPlaceOnEventListRestricted
 .text.xTaskRemoveFromEventList
                0x08006d30       0x80 ./Middlewares/Third_Party/FreeRTOS/Source/tasks.o
                0x08006d30                xTaskRemoveFromEventList
 .text.vTaskInternalSetTimeOutState
                0x08006db0       0x18 ./Middlewares/Third_Party/FreeRTOS/Source/tasks.o
                0x08006db0                vTaskInternalSetTimeOutState
 .text.xTaskCheckForTimeOut
                0x08006dc8       0x78 ./Middlewares/Third_Party/FreeRTOS/Source/tasks.o
                0x08006dc8                xTaskCheckForTimeOut
 .text.vTaskMissedYield
                0x08006e40        0xc ./Middlewares/Third_Party/FreeRTOS/Source/tasks.o
                0x08006e40                vTaskMissedYield
 .text.xTaskGetSchedulerState
                0x08006e4c       0x20 ./Middlewares/Third_Party/FreeRTOS/Source/tasks.o
                0x08006e4c                xTaskGetSchedulerState
 .text.xTaskPriorityDisinherit
                0x08006e6c       0x84 ./Middlewares/Third_Party/FreeRTOS/Source/tasks.o
                0x08006e6c                xTaskPriorityDisinherit
 .text.prvInsertTimerInActiveList
                0x08006ef0       0x3c ./Middlewares/Third_Party/FreeRTOS/Source/timers.o
 .text.prvCheckForValidListAndQueue
                0x08006f2c       0x5c ./Middlewares/Third_Party/FreeRTOS/Source/timers.o
 .text.xTimerCreateTimerTask
                0x08006f88       0x64 ./Middlewares/Third_Party/FreeRTOS/Source/timers.o
                0x08006f88                xTimerCreateTimerTask
 .text.xTimerCreate
                0x08006fec       0x4e ./Middlewares/Third_Party/FreeRTOS/Source/timers.o
                0x08006fec                xTimerCreate
 .text.xTimerCreateStatic
                0x0800703a       0x78 ./Middlewares/Third_Party/FreeRTOS/Source/timers.o
                0x0800703a                xTimerCreateStatic
 *fill*         0x080070b2        0x2 
 .text.xTimerGenericCommand
                0x080070b4       0x54 ./Middlewares/Third_Party/FreeRTOS/Source/timers.o
                0x080070b4                xTimerGenericCommand
 .text.prvSampleTimeNow
                0x08007108       0xa0 ./Middlewares/Third_Party/FreeRTOS/Source/timers.o
 .text.prvTimerTask
                0x080071a8      0x1a4 ./Middlewares/Third_Party/FreeRTOS/Source/timers.o
 .text.pvTimerGetTimerID
                0x0800734c       0x26 ./Middlewares/Third_Party/FreeRTOS/Source/timers.o
                0x0800734c                pvTimerGetTimerID
 *fill*         0x08007372        0x2 
 .text.prvPortStartFirstTask
                0x08007374       0x20 ./Middlewares/Third_Party/FreeRTOS/Source/portable/GCC/ARM_CM3/port.o
 .text.prvTaskExitError
                0x08007394       0x40 ./Middlewares/Third_Party/FreeRTOS/Source/portable/GCC/ARM_CM3/port.o
 .text.pxPortInitialiseStack
                0x080073d4       0x24 ./Middlewares/Third_Party/FreeRTOS/Source/portable/GCC/ARM_CM3/port.o
                0x080073d4                pxPortInitialiseStack
 *fill*         0x080073f8        0x8 
 .text.SVC_Handler
                0x08007400       0x24 ./Middlewares/Third_Party/FreeRTOS/Source/portable/GCC/ARM_CM3/port.o
                0x08007400                SVC_Handler
 .text.vPortEnterCritical
                0x08007424       0x40 ./Middlewares/Third_Party/FreeRTOS/Source/portable/GCC/ARM_CM3/port.o
                0x08007424                vPortEnterCritical
 .text.vPortExitCritical
                0x08007464       0x28 ./Middlewares/Third_Party/FreeRTOS/Source/portable/GCC/ARM_CM3/port.o
                0x08007464                vPortExitCritical
 *fill*         0x0800748c        0x4 
 .text.PendSV_Handler
                0x08007490       0x44 ./Middlewares/Third_Party/FreeRTOS/Source/portable/GCC/ARM_CM3/port.o
                0x08007490                PendSV_Handler
 .text.SysTick_Handler
                0x080074d4       0x2c ./Middlewares/Third_Party/FreeRTOS/Source/portable/GCC/ARM_CM3/port.o
                0x080074d4                SysTick_Handler
 .text.vPortSetupTimerInterrupt
                0x08007500       0x24 ./Middlewares/Third_Party/FreeRTOS/Source/portable/GCC/ARM_CM3/port.o
                0x08007500                vPortSetupTimerInterrupt
 .text.xPortStartScheduler
                0x08007524       0xb0 ./Middlewares/Third_Party/FreeRTOS/Source/portable/GCC/ARM_CM3/port.o
                0x08007524                xPortStartScheduler
 .text.vPortValidateInterruptPriority
                0x080075d4       0x5c ./Middlewares/Third_Party/FreeRTOS/Source/portable/GCC/ARM_CM3/port.o
                0x080075d4                vPortValidateInterruptPriority
 .text.prvInsertBlockIntoFreeList
                0x08007630       0x4c ./Middlewares/Third_Party/FreeRTOS/Source/portable/MemMang/heap_4.o
 .text.pvPortMalloc
                0x0800767c      0x124 ./Middlewares/Third_Party/FreeRTOS/Source/portable/MemMang/heap_4.o
                0x0800767c                pvPortMalloc
 .text.vPortFree
                0x080077a0       0x70 ./Middlewares/Third_Party/FreeRTOS/Source/portable/MemMang/heap_4.o
                0x080077a0                vPortFree
 .text.MX_ADC1_Init
                0x08007810       0xac ./Src/adc.o
                0x08007810                MX_ADC1_Init
 .text.HAL_ADC_MspInit
                0x080078bc       0x94 ./Src/adc.o
                0x080078bc                HAL_ADC_MspInit
 .text.HAL_ADC_MspDeInit
                0x08007950       0x38 ./Src/adc.o
                0x08007950                HAL_ADC_MspDeInit
 .text.MX_CAN_Init
                0x08007988       0xb4 ./Src/can.o
                0x08007988                MX_CAN_Init
 .text.HAL_CAN_MspInit
                0x08007a3c       0x74 ./Src/can.o
                0x08007a3c                HAL_CAN_MspInit
 .text.MX_DMA_Init
                0x08007ab0       0x20 ./Src/dma.o
                0x08007ab0                MX_DMA_Init
 .text.QM_BSW_TASK
                0x08007ad0       0x24 ./Src/freertos.o
                0x08007ad0                QM_BSW_TASK
 .text.QM_APPL_TASK
                0x08007af4       0x3c ./Src/freertos.o
                0x08007af4                QM_APPL_TASK
 .text.QM_DIAG_TASK
                0x08007b30       0x20 ./Src/freertos.o
                0x08007b30                QM_DIAG_TASK
 .text.Alarm5ms_Callback
                0x08007b50       0x4c ./Src/freertos.o
                0x08007b50                Alarm5ms_Callback
 .text.vApplicationIdleHook
                0x08007b9c       0x24 ./Src/freertos.o
                0x08007b9c                vApplicationIdleHook
 .text.vApplicationTickHook
                0x08007bc0       0x10 ./Src/freertos.o
                0x08007bc0                vApplicationTickHook
 .text.vApplicationStackOverflowHook
                0x08007bd0        0x8 ./Src/freertos.o
                0x08007bd0                vApplicationStackOverflowHook
 .text.vApplicationMallocFailedHook
                0x08007bd8        0x8 ./Src/freertos.o
                0x08007bd8                vApplicationMallocFailedHook
 .text.MX_FREERTOS_Init
                0x08007be0       0x78 ./Src/freertos.o
                0x08007be0                MX_FREERTOS_Init
 .text.MX_GPIO_Init
                0x08007c58      0x114 ./Src/gpio.o
                0x08007c58                MX_GPIO_Init
 .text.HAL_ADC_ConvCpltCallback
                0x08007d6c      0x208 ./Src/main.o
                0x08007d6c                HAL_ADC_ConvCpltCallback
 .text.HAL_ADC_ErrorCallback
                0x08007f74       0x2c ./Src/main.o
                0x08007f74                HAL_ADC_ErrorCallback
 .text.SystemClock_Config
                0x08007fa0       0x7e ./Src/main.o
                0x08007fa0                SystemClock_Config
 *fill*         0x0800801e        0x2 
 .text.startup.main
                0x08008020      0x184 ./Src/main.o
                0x08008020                main
 .text.HAL_TIM_PeriodElapsedCallback
                0x080081a4       0x14 ./Src/main.o
                0x080081a4                HAL_TIM_PeriodElapsedCallback
 .text.Error_Handler
                0x080081b8        0x4 ./Src/main.o
                0x080081b8                Error_Handler
 .text.HAL_MspInit
                0x080081bc       0x50 ./Src/stm32f1xx_hal_msp.o
                0x080081bc                HAL_MspInit
 .text.HAL_InitTick
                0x0800820c       0x9c ./Src/stm32f1xx_hal_timebase_tim.o
                0x0800820c                HAL_InitTick
 .text.HAL_SuspendTick
                0x080082a8       0x14 ./Src/stm32f1xx_hal_timebase_tim.o
                0x080082a8                HAL_SuspendTick
 .text.NMI_Handler
                0x080082bc        0xc ./Src/stm32f1xx_it.o
                0x080082bc                NMI_Handler
 .text.HardFault_Handler
                0x080082c8        0xc ./Src/stm32f1xx_it.o
                0x080082c8                HardFault_Handler
 .text.MemManage_Handler
                0x080082d4        0xc ./Src/stm32f1xx_it.o
                0x080082d4                MemManage_Handler
 .text.BusFault_Handler
                0x080082e0        0xc ./Src/stm32f1xx_it.o
                0x080082e0                BusFault_Handler
 .text.UsageFault_Handler
                0x080082ec        0xc ./Src/stm32f1xx_it.o
                0x080082ec                UsageFault_Handler
 .text.DebugMon_Handler
                0x080082f8        0x2 ./Src/stm32f1xx_it.o
                0x080082f8                DebugMon_Handler
 .text.PVD_IRQHandler
                0x080082fa       0x12 ./Src/stm32f1xx_it.o
                0x080082fa                PVD_IRQHandler
 .text.FLASH_IRQHandler
                0x0800830c        0x4 ./Src/stm32f1xx_it.o
                0x0800830c                FLASH_IRQHandler
 .text.RCC_IRQHandler
                0x08008310        0x2 ./Src/stm32f1xx_it.o
                0x08008310                RCC_IRQHandler
 *fill*         0x08008312        0x2 
 .text.DMA1_Channel1_IRQHandler
                0x08008314        0xc ./Src/stm32f1xx_it.o
                0x08008314                DMA1_Channel1_IRQHandler
 .text.USB_HP_CAN1_TX_IRQHandler
                0x08008320        0xc ./Src/stm32f1xx_it.o
                0x08008320                USB_HP_CAN1_TX_IRQHandler
 .text.USB_LP_CAN1_RX0_IRQHandler
                0x0800832c        0x4 ./Src/stm32f1xx_it.o
                0x0800832c                USB_LP_CAN1_RX0_IRQHandler
 .text.CAN1_RX1_IRQHandler
                0x08008330        0x4 ./Src/stm32f1xx_it.o
                0x08008330                CAN1_RX1_IRQHandler
 .text.CAN1_SCE_IRQHandler
                0x08008334        0x4 ./Src/stm32f1xx_it.o
                0x08008334                CAN1_SCE_IRQHandler
 .text.TIM1_BRK_IRQHandler
                0x08008338        0xc ./Src/stm32f1xx_it.o
                0x08008338                TIM1_BRK_IRQHandler
 .text.TIM1_UP_IRQHandler
                0x08008344        0x4 ./Src/stm32f1xx_it.o
                0x08008344                TIM1_UP_IRQHandler
 .text.TIM1_TRG_COM_IRQHandler
                0x08008348        0x4 ./Src/stm32f1xx_it.o
                0x08008348                TIM1_TRG_COM_IRQHandler
 .text.TIM1_CC_IRQHandler
                0x0800834c        0x4 ./Src/stm32f1xx_it.o
                0x0800834c                TIM1_CC_IRQHandler
 .text.TIM2_IRQHandler
                0x08008350       0x14 ./Src/stm32f1xx_it.o
                0x08008350                TIM2_IRQHandler
 .text.TIM4_IRQHandler
                0x08008364        0xc ./Src/stm32f1xx_it.o
                0x08008364                TIM4_IRQHandler
 .text.SystemInit
                0x08008370        0x2 ./Src/system_stm32f1xx.o
                0x08008370                SystemInit
 *fill*         0x08008372        0x2 
 .text.MX_TIM2_Init
                0x08008374       0x68 ./Src/tim.o
                0x08008374                MX_TIM2_Init
 .text.HAL_TIM_PWM_MspInit
                0x080083dc       0x28 ./Src/tim.o
                0x080083dc                HAL_TIM_PWM_MspInit
 .text.HAL_TIM_Base_MspInit
                0x08008404       0x24 ./Src/tim.o
                0x08008404                HAL_TIM_Base_MspInit
 .text.HAL_TIM_MspPostInit
                0x08008428       0x50 ./Src/tim.o
                0x08008428                HAL_TIM_MspPostInit
 .text.MX_TIM1_Init
                0x08008478       0xa8 ./Src/tim.o
                0x08008478                MX_TIM1_Init
 .text.HAL_TIM_PWM_MspDeInit
                0x08008520       0x3c ./Src/tim.o
                0x08008520                HAL_TIM_PWM_MspDeInit
 .text.memset   0x0800855c       0x10 C:/ST/STM32CubeIDE_1.16.0/STM32CubeIDE/plugins/com.st.stm32cube.ide.mcu.externaltools.gnu-tools-for-stm32.12.3.rel1.win32_1.0.200.202406191623/tools/bin/../lib/gcc/arm-none-eabi/12.3.1/../../../../arm-none-eabi/lib/thumb/v7-m/nofp\libc_nano.a(libc_a-memset.o)
                0x0800855c                memset
 .text.__libc_init_array
                0x0800856c       0x48 C:/ST/STM32CubeIDE_1.16.0/STM32CubeIDE/plugins/com.st.stm32cube.ide.mcu.externaltools.gnu-tools-for-stm32.12.3.rel1.win32_1.0.200.202406191623/tools/bin/../lib/gcc/arm-none-eabi/12.3.1/../../../../arm-none-eabi/lib/thumb/v7-m/nofp\libc_nano.a(libc_a-init.o)
                0x0800856c                __libc_init_array
 .text.memcpy   0x080085b4       0x1c C:/ST/STM32CubeIDE_1.16.0/STM32CubeIDE/plugins/com.st.stm32cube.ide.mcu.externaltools.gnu-tools-for-stm32.12.3.rel1.win32_1.0.200.202406191623/tools/bin/../lib/gcc/arm-none-eabi/12.3.1/../../../../arm-none-eabi/lib/thumb/v7-m/nofp\libc_nano.a(libc_a-memcpy-stub.o)
                0x080085b4                memcpy
 *(.glue_7)
 .glue_7        0x080085d0        0x0 linker stubs
 *(.glue_7t)
 .glue_7t       0x080085d0        0x0 linker stubs
 *(.eh_frame)
 .eh_frame      0x080085d0        0x0 C:/ST/STM32CubeIDE_1.16.0/STM32CubeIDE/plugins/com.st.stm32cube.ide.mcu.externaltools.gnu-tools-for-stm32.12.3.rel1.win32_1.0.200.202406191623/tools/bin/../lib/gcc/arm-none-eabi/12.3.1/thumb/v7-m/nofp/crtbegin.o
 *(.init)
 .init          0x080085d0        0x4 C:/ST/STM32CubeIDE_1.16.0/STM32CubeIDE/plugins/com.st.stm32cube.ide.mcu.externaltools.gnu-tools-for-stm32.12.3.rel1.win32_1.0.200.202406191623/tools/bin/../lib/gcc/arm-none-eabi/12.3.1/thumb/v7-m/nofp/crti.o
                0x080085d0                _init
 .init          0x080085d4        0x8 C:/ST/STM32CubeIDE_1.16.0/STM32CubeIDE/plugins/com.st.stm32cube.ide.mcu.externaltools.gnu-tools-for-stm32.12.3.rel1.win32_1.0.200.202406191623/tools/bin/../lib/gcc/arm-none-eabi/12.3.1/thumb/v7-m/nofp/crtn.o
 *(.fini)
 .fini          0x080085dc        0x4 C:/ST/STM32CubeIDE_1.16.0/STM32CubeIDE/plugins/com.st.stm32cube.ide.mcu.externaltools.gnu-tools-for-stm32.12.3.rel1.win32_1.0.200.202406191623/tools/bin/../lib/gcc/arm-none-eabi/12.3.1/thumb/v7-m/nofp/crti.o
                0x080085dc                _fini
 .fini          0x080085e0        0x8 C:/ST/STM32CubeIDE_1.16.0/STM32CubeIDE/plugins/com.st.stm32cube.ide.mcu.externaltools.gnu-tools-for-stm32.12.3.rel1.win32_1.0.200.202406191623/tools/bin/../lib/gcc/arm-none-eabi/12.3.1/thumb/v7-m/nofp/crtn.o
                0x080085e8                        . = ALIGN (0x4)
                0x080085e8                        _etext = .

.vfp11_veneer   0x080085e8        0x0
 .vfp11_veneer  0x080085e8        0x0 linker stubs

.v4_bx          0x080085e8        0x0
 .v4_bx         0x080085e8        0x0 linker stubs

.iplt           0x080085e8        0x0
 .iplt          0x080085e8        0x0 C:/ST/STM32CubeIDE_1.16.0/STM32CubeIDE/plugins/com.st.stm32cube.ide.mcu.externaltools.gnu-tools-for-stm32.12.3.rel1.win32_1.0.200.202406191623/tools/bin/../lib/gcc/arm-none-eabi/12.3.1/thumb/v7-m/nofp/crtbegin.o

.rodata         0x080085e8       0xe8
                0x080085e8                        . = ALIGN (0x4)
 *(.rodata)
 *(.rodata*)
 .rodata.aPredivFactorTable.0
                0x080085e8        0x2 ./Drivers/STM32F1xx_HAL_Driver/Src/stm32f1xx_hal_rcc.o
 .rodata.aPLLMULFactorTable.1
                0x080085ea       0x10 ./Drivers/STM32F1xx_HAL_Driver/Src/stm32f1xx_hal_rcc.o
 .rodata.aPredivFactorTable.0
                0x080085fa        0x2 ./Drivers/STM32F1xx_HAL_Driver/Src/stm32f1xx_hal_rcc_ex.o
 .rodata.aPLLMULFactorTable.1
                0x080085fc       0x10 ./Drivers/STM32F1xx_HAL_Driver/Src/stm32f1xx_hal_rcc_ex.o
 .rodata.vTaskStartScheduler.str1.1
                0x0800860c        0x5 ./Middlewares/Third_Party/FreeRTOS/Source/tasks.o
 .rodata.xTimerCreateTimerTask.str1.1
                0x08008611        0x8 ./Middlewares/Third_Party/FreeRTOS/Source/timers.o
 .rodata.str1.1
                0x08008619       0x20 ./Src/freertos.o
 *fill*         0x08008639        0x3 
 .rodata.Alarm5ms_attributes
                0x0800863c       0x10 ./Src/freertos.o
                0x0800863c                Alarm5ms_attributes
 .rodata.QM_DIAG_attributes
                0x0800864c       0x24 ./Src/freertos.o
                0x0800864c                QM_DIAG_attributes
 .rodata.QM_APPL_attributes
                0x08008670       0x24 ./Src/freertos.o
                0x08008670                QM_APPL_attributes
 .rodata.QM_BSW_attributes
                0x08008694       0x24 ./Src/freertos.o
                0x08008694                QM_BSW_attributes
 .rodata.APBPrescTable
                0x080086b8        0x8 ./Src/system_stm32f1xx.o
                0x080086b8                APBPrescTable
 .rodata.AHBPrescTable
                0x080086c0       0x10 ./Src/system_stm32f1xx.o
                0x080086c0                AHBPrescTable
                0x080086d0                        . = ALIGN (0x4)

.ARM.extab      0x080086d0        0x0
                0x080086d0                        . = ALIGN (0x4)
 *(.ARM.extab* .gnu.linkonce.armextab.*)
                0x080086d0                        . = ALIGN (0x4)

.ARM            0x080086d0        0x0
                0x080086d0                        . = ALIGN (0x4)
                0x080086d0                        __exidx_start = .
 *(.ARM.exidx*)
                0x080086d0                        __exidx_end = .
                0x080086d0                        . = ALIGN (0x4)

.preinit_array  0x080086d0        0x0
                0x080086d0                        . = ALIGN (0x4)
                0x080086d0                        PROVIDE (__preinit_array_start = .)
 *(.preinit_array*)
                0x080086d0                        PROVIDE (__preinit_array_end = .)
                0x080086d0                        . = ALIGN (0x4)

.init_array     0x080086d0        0x4
                0x080086d0                        . = ALIGN (0x4)
                0x080086d0                        PROVIDE (__init_array_start = .)
 *(SORT_BY_NAME(.init_array.*))
 *(.init_array*)
 .init_array    0x080086d0        0x4 C:/ST/STM32CubeIDE_1.16.0/STM32CubeIDE/plugins/com.st.stm32cube.ide.mcu.externaltools.gnu-tools-for-stm32.12.3.rel1.win32_1.0.200.202406191623/tools/bin/../lib/gcc/arm-none-eabi/12.3.1/thumb/v7-m/nofp/crtbegin.o
                0x080086d4                        PROVIDE (__init_array_end = .)
                0x080086d4                        . = ALIGN (0x4)

.fini_array     0x080086d4        0x4
                0x080086d4                        . = ALIGN (0x4)
                [!provide]                        PROVIDE (__fini_array_start = .)
 *(SORT_BY_NAME(.fini_array.*))
 *(.fini_array*)
 .fini_array    0x080086d4        0x4 C:/ST/STM32CubeIDE_1.16.0/STM32CubeIDE/plugins/com.st.stm32cube.ide.mcu.externaltools.gnu-tools-for-stm32.12.3.rel1.win32_1.0.200.202406191623/tools/bin/../lib/gcc/arm-none-eabi/12.3.1/thumb/v7-m/nofp/crtbegin.o
                [!provide]                        PROVIDE (__fini_array_end = .)
                0x080086d8                        . = ALIGN (0x4)
                0x080086d8                        _sidata = LOADADDR (.data)

.rel.dyn        0x080086d8        0x0
 .rel.iplt      0x080086d8        0x0 C:/ST/STM32CubeIDE_1.16.0/STM32CubeIDE/plugins/com.st.stm32cube.ide.mcu.externaltools.gnu-tools-for-stm32.12.3.rel1.win32_1.0.200.202406191623/tools/bin/../lib/gcc/arm-none-eabi/12.3.1/thumb/v7-m/nofp/crtbegin.o

.data           0x20000000       0x74 load address 0x080086d8
                0x20000000                        . = ALIGN (0x4)
                0x20000000                        _sdata = .
 *(.data)
 *(.data*)
 .data.localRequestPhysicalStatus
                0x20000000        0x1 ./APPL/SMon/SMon.o
 *fill*         0x20000001        0x1 
 .data.SMon_VfbT30
                0x20000002        0x2 ./APPL/SMon/SMon.o
                0x20000002                SMon_VfbT30
 .data.SMon_VfbL1
                0x20000004        0x2 ./APPL/SMon/SMon.o
                0x20000004                SMon_VfbL1
 .data.SMon_CmdStat
                0x20000006        0x1 ./APPL/SMon/SMon.o
                0x20000006                SMon_CmdStat
 .data.CanH_CommunicationState
                0x20000007        0x1 ./BSW/Com/CanH/CanH.o
                0x20000007                CanH_CommunicationState
 .data.Dcm_SWV  0x20000008        0x4 ./BSW/Diag/Dcm/Dcm.o
                0x20000008                Dcm_SWV
 .data.EcuM_PostRunTimer
                0x2000000c        0x4 ./BSW/Sys/EcuM/EcuM.o
                0x2000000c                EcuM_PostRunTimer
 .data.EcuM_RunTimer
                0x20000010        0x4 ./BSW/Sys/EcuM/EcuM.o
                0x20000010                EcuM_RunTimer
 .data.EcuM_SWState
                0x20000014        0x1 ./BSW/Sys/EcuM/EcuM.o
                0x20000014                EcuM_SWState
 .data.uwTickFreq
                0x20000015        0x1 ./Drivers/STM32F1xx_HAL_Driver/Src/stm32f1xx_hal.o
                0x20000015                uwTickFreq
 *fill*         0x20000016        0x2 
 .data.uwTickPrio
                0x20000018        0x4 ./Drivers/STM32F1xx_HAL_Driver/Src/stm32f1xx_hal.o
                0x20000018                uwTickPrio
 .data.uxCriticalNesting
                0x2000001c        0x4 ./Middlewares/Third_Party/FreeRTOS/Source/portable/GCC/ARM_CM3/port.o
 .data.SystemCoreClock
                0x20000020        0x4 ./Src/system_stm32f1xx.o
                0x20000020                SystemCoreClock
 .data._impure_ptr
                0x20000024        0x4 C:/ST/STM32CubeIDE_1.16.0/STM32CubeIDE/plugins/com.st.stm32cube.ide.mcu.externaltools.gnu-tools-for-stm32.12.3.rel1.win32_1.0.200.202406191623/tools/bin/../lib/gcc/arm-none-eabi/12.3.1/../../../../arm-none-eabi/lib/thumb/v7-m/nofp\libc_nano.a(libc_a-impure.o)
                0x20000024                _impure_ptr
 .data._impure_data
                0x20000028       0x4c C:/ST/STM32CubeIDE_1.16.0/STM32CubeIDE/plugins/com.st.stm32cube.ide.mcu.externaltools.gnu-tools-for-stm32.12.3.rel1.win32_1.0.200.202406191623/tools/bin/../lib/gcc/arm-none-eabi/12.3.1/../../../../arm-none-eabi/lib/thumb/v7-m/nofp\libc_nano.a(libc_a-impure.o)
                0x20000028                _impure_data
 *(.RamFunc)
 *(.RamFunc*)
                0x20000074                        . = ALIGN (0x4)
                0x20000074                        _edata = .

.igot.plt       0x20000074        0x0 load address 0x0800874c
 .igot.plt      0x20000074        0x0 C:/ST/STM32CubeIDE_1.16.0/STM32CubeIDE/plugins/com.st.stm32cube.ide.mcu.externaltools.gnu-tools-for-stm32.12.3.rel1.win32_1.0.200.202406191623/tools/bin/../lib/gcc/arm-none-eabi/12.3.1/thumb/v7-m/nofp/crtbegin.o
                0x20000074                        . = ALIGN (0x4)

.bss            0x20000078     0x4688 load address 0x0800874c
                0x20000078                        _sbss = .
                0x20000078                        __bss_start__ = _sbss
 *(.bss)
 .bss           0x20000078       0x1c C:/ST/STM32CubeIDE_1.16.0/STM32CubeIDE/plugins/com.st.stm32cube.ide.mcu.externaltools.gnu-tools-for-stm32.12.3.rel1.win32_1.0.200.202406191623/tools/bin/../lib/gcc/arm-none-eabi/12.3.1/thumb/v7-m/nofp/crtbegin.o
 *(.bss*)
 .bss.pSMon_CmdStat.0
                0x20000094        0x1 ./APPL/SMon/SMon.o
 .bss.pSMon_I2TError.1
                0x20000095        0x1 ./APPL/SMon/SMon.o
 .bss.pSMon_CLS_Failure.2
                0x20000096        0x1 ./APPL/SMon/SMon.o
 *fill*         0x20000097        0x1 
 .bss.localTimeStamp.3
                0x20000098        0x4 ./APPL/SMon/SMon.o
 .bss.SMon_CounterUVL1
                0x2000009c        0x4 ./APPL/SMon/SMon.o
 .bss.SMon_CounterOVKL30
                0x200000a0        0x4 ./APPL/SMon/SMon.o
 .bss.SMon_CounterUVKL30
                0x200000a4        0x4 ./APPL/SMon/SMon.o
 .bss.SMon_MainCnt
                0x200000a8        0x4 ./APPL/SMon/SMon.o
 .bss.localS2BCounter
                0x200000ac        0x4 ./APPL/SMon/SMon.o
 .bss.localLowDisTimer
                0x200000b0        0x4 ./APPL/SMon/SMon.o
 .bss.localDischargeTimer
                0x200000b4        0x4 ./APPL/SMon/SMon.o
 .bss.localCPCCounter
                0x200000b8        0x4 ./APPL/SMon/SMon.o
 .bss.localCLSCounter
                0x200000bc        0x4 ./APPL/SMon/SMon.o
 .bss.localT30P50
                0x200000c0        0x2 ./APPL/SMon/SMon.o
 .bss.localCPCFlag
                0x200000c2        0x1 ./APPL/SMon/SMon.o
 .bss.localCLSFlag
                0x200000c3        0x1 ./APPL/SMon/SMon.o
                0x200000c3                localCLSFlag
 .bss.localI2tAvgCounter
                0x200000c4        0x1 ./APPL/SMon/SMon.o
 *fill*         0x200000c5        0x3 
 .bss.SMon_DeltaAmper_Float
                0x200000c8        0x4 ./APPL/SMon/SMon.o
                0x200000c8                SMon_DeltaAmper_Float
 .bss.SMon_ISenseL1_Avged_Float
                0x200000cc        0x4 ./APPL/SMon/SMon.o
                0x200000cc                SMon_ISenseL1_Avged_Float
 .bss.SMon_ISenseL1_Average_Float
                0x200000d0        0x4 ./APPL/SMon/SMon.o
                0x200000d0                SMon_ISenseL1_Average_Float
 .bss.SMon_I2TCounter_Float
                0x200000d4        0x4 ./APPL/SMon/SMon.o
                0x200000d4                SMon_I2TCounter_Float
 .bss.SMon_ISenseL1_Float
                0x200000d8        0x4 ./APPL/SMon/SMon.o
                0x200000d8                SMon_ISenseL1_Float
 .bss.SMon_ISenseL1
                0x200000dc        0x4 ./APPL/SMon/SMon.o
                0x200000dc                SMon_ISenseL1
 .bss.SMon_Hist_VfbL1_ms
                0x200000e0      0x400 ./APPL/SMon/SMon.o
                0x200000e0                SMon_Hist_VfbL1_ms
 .bss.SMon_Hist_VfbT30_ms
                0x200004e0      0x400 ./APPL/SMon/SMon.o
                0x200004e0                SMon_Hist_VfbT30_ms
 .bss.SMon_Hist_ISenseL1_ms
                0x200008e0      0x400 ./APPL/SMon/SMon.o
                0x200008e0                SMon_Hist_ISenseL1_ms
 .bss.SMon_I2TCounter
                0x20000ce0        0x4 ./APPL/SMon/SMon.o
                0x20000ce0                SMon_I2TCounter
 .bss.SMon_LockSupply
                0x20000ce4        0x1 ./APPL/SMon/SMon.o
                0x20000ce4                SMon_LockSupply
 .bss.SMon_RetryCnt
                0x20000ce5        0x1 ./APPL/SMon/SMon.o
                0x20000ce5                SMon_RetryCnt
 .bss.SMon_L1ST
                0x20000ce6        0x1 ./APPL/SMon/SMon.o
                0x20000ce6                SMon_L1ST
 .bss.SMon_ShortToPlusTest
                0x20000ce7        0x1 ./APPL/SMon/SMon.o
                0x20000ce7                SMon_ShortToPlusTest
 .bss.SMon_ValidMeasFlag
                0x20000ce8        0x1 ./APPL/SMon/SMon.o
                0x20000ce8                SMon_ValidMeasFlag
 .bss.SMon_WupLineState
                0x20000ce9        0x1 ./APPL/SMon/SMon.o
                0x20000ce9                SMon_WupLineState
 .bss.SMon_ECU_OV
                0x20000cea        0x1 ./APPL/SMon/SMon.o
                0x20000cea                SMon_ECU_OV
 .bss.SMon_ECU_UV
                0x20000ceb        0x1 ./APPL/SMon/SMon.o
                0x20000ceb                SMon_ECU_UV
 .bss.SMon_CLS_Failure
                0x20000cec        0x1 ./APPL/SMon/SMon.o
                0x20000cec                SMon_CLS_Failure
 .bss.SMon_L1_UVStatus
                0x20000ced        0x1 ./APPL/SMon/SMon.o
                0x20000ced                SMon_L1_UVStatus
 .bss.SMon_I2TError
                0x20000cee        0x1 ./APPL/SMon/SMon.o
                0x20000cee                SMon_I2TError
 .bss.SMon_S2BErrorStatus
                0x20000cef        0x1 ./APPL/SMon/SMon.o
                0x20000cef                SMon_S2BErrorStatus
 .bss.CanH_RequestBusSleep
                0x20000cf0        0x1 ./BSW/Com/CanH/CanH.o
                0x20000cf0                CanH_RequestBusSleep
 *fill*         0x20000cf1        0x3 
 .bss.CanH_NoCommCounter
                0x20000cf4        0x4 ./BSW/Com/CanH/CanH.o
                0x20000cf4                CanH_NoCommCounter
 .bss.CanH_TxMailbox
                0x20000cf8        0x4 ./BSW/Com/CanH/CanH.o
                0x20000cf8                CanH_TxMailbox
 .bss.CanH_TxData
                0x20000cfc        0x8 ./BSW/Com/CanH/CanH.o
                0x20000cfc                CanH_TxData
 .bss.CanH_TxHeader
                0x20000d04       0x18 ./BSW/Com/CanH/CanH.o
                0x20000d04                CanH_TxHeader
 .bss.CanH_RxData
                0x20000d1c        0x8 ./BSW/Com/CanH/CanH.o
                0x20000d1c                CanH_RxData
 .bss.CanH_RxHeader
                0x20000d24       0x1c ./BSW/Com/CanH/CanH.o
                0x20000d24                CanH_RxHeader
 .bss.CanH_MainCounter
                0x20000d40        0x4 ./BSW/Com/CanH/CanH.o
                0x20000d40                CanH_MainCounter
 .bss.Dcm_DiagTxHeader
                0x20000d44       0x18 ./BSW/Diag/Dcm/Dcm.o
                0x20000d44                Dcm_DiagTxHeader
 .bss.Dcm_TxData
                0x20000d5c        0x8 ./BSW/Diag/Dcm/Dcm.o
                0x20000d5c                Dcm_TxData
 .bss.Dcm_RxData
                0x20000d64        0x8 ./BSW/Diag/Dcm/Dcm.o
                0x20000d64                Dcm_RxData
 .bss.Dcm_DiagRxHeader
                0x20000d6c       0x1c ./BSW/Diag/Dcm/Dcm.o
                0x20000d6c                Dcm_DiagRxHeader
 .bss.Dcm_TxMailbox
                0x20000d88        0x4 ./BSW/Diag/Dcm/Dcm.o
                0x20000d88                Dcm_TxMailbox
 .bss.Dcm_MainCounter
                0x20000d8c        0x4 ./BSW/Diag/Dcm/Dcm.o
 .bss.mainCnt   0x20000d90        0x4 ./BSW/Sys/EcuM/EcuM.o
 .bss.EcuM_SleeModeActive
                0x20000d94        0x1 ./BSW/Sys/EcuM/EcuM.o
                0x20000d94                EcuM_SleeModeActive
 .bss.EcuM_WUPLine
                0x20000d95        0x1 ./BSW/Sys/EcuM/EcuM.o
                0x20000d95                EcuM_WUPLine
 *fill*         0x20000d96        0x2 
 .bss.uwTick    0x20000d98        0x4 ./Drivers/STM32F1xx_HAL_Driver/Src/stm32f1xx_hal.o
                0x20000d98                uwTick
 *fill*         0x20000d9c        0x4 
 .bss.pFlash    0x20000da0       0x20 ./Drivers/STM32F1xx_HAL_Driver/Src/stm32f1xx_hal_flash.o
                0x20000da0                pFlash
 .bss.Timer_Stack
                0x20000dc0      0x200 ./Middlewares/Third_Party/FreeRTOS/Source/CMSIS_RTOS_V2/cmsis_os2.o
 .bss.Timer_TCB
                0x20000fc0       0xac ./Middlewares/Third_Party/FreeRTOS/Source/CMSIS_RTOS_V2/cmsis_os2.o
 .bss.Idle_Stack
                0x2000106c      0x200 ./Middlewares/Third_Party/FreeRTOS/Source/CMSIS_RTOS_V2/cmsis_os2.o
 .bss.Idle_TCB  0x2000126c       0xac ./Middlewares/Third_Party/FreeRTOS/Source/CMSIS_RTOS_V2/cmsis_os2.o
 .bss.KernelState
                0x20001318        0x4 ./Middlewares/Third_Party/FreeRTOS/Source/CMSIS_RTOS_V2/cmsis_os2.o
 .bss.uxSchedulerSuspended
                0x2000131c        0x4 ./Middlewares/Third_Party/FreeRTOS/Source/tasks.o
 .bss.xNextTaskUnblockTime
                0x20001320        0x4 ./Middlewares/Third_Party/FreeRTOS/Source/tasks.o
 .bss.uxTaskNumber
                0x20001324        0x4 ./Middlewares/Third_Party/FreeRTOS/Source/tasks.o
 .bss.xNumOfOverflows
                0x20001328        0x4 ./Middlewares/Third_Party/FreeRTOS/Source/tasks.o
 .bss.xYieldPending
                0x2000132c        0x4 ./Middlewares/Third_Party/FreeRTOS/Source/tasks.o
 .bss.uxPendedTicks
                0x20001330        0x4 ./Middlewares/Third_Party/FreeRTOS/Source/tasks.o
 .bss.xSchedulerRunning
                0x20001334        0x4 ./Middlewares/Third_Party/FreeRTOS/Source/tasks.o
 .bss.uxTopReadyPriority
                0x20001338        0x4 ./Middlewares/Third_Party/FreeRTOS/Source/tasks.o
 .bss.xTickCount
                0x2000133c        0x4 ./Middlewares/Third_Party/FreeRTOS/Source/tasks.o
 .bss.uxCurrentNumberOfTasks
                0x20001340        0x4 ./Middlewares/Third_Party/FreeRTOS/Source/tasks.o
 .bss.xSuspendedTaskList
                0x20001344       0x14 ./Middlewares/Third_Party/FreeRTOS/Source/tasks.o
 .bss.xPendingReadyList
                0x20001358       0x14 ./Middlewares/Third_Party/FreeRTOS/Source/tasks.o
 .bss.pxOverflowDelayedTaskList
                0x2000136c        0x4 ./Middlewares/Third_Party/FreeRTOS/Source/tasks.o
 .bss.pxDelayedTaskList
                0x20001370        0x4 ./Middlewares/Third_Party/FreeRTOS/Source/tasks.o
 .bss.xDelayedTaskList2
                0x20001374       0x14 ./Middlewares/Third_Party/FreeRTOS/Source/tasks.o
 .bss.xDelayedTaskList1
                0x20001388       0x14 ./Middlewares/Third_Party/FreeRTOS/Source/tasks.o
 .bss.pxReadyTasksLists
                0x2000139c      0x460 ./Middlewares/Third_Party/FreeRTOS/Source/tasks.o
 .bss.pxCurrentTCB
                0x200017fc        0x4 ./Middlewares/Third_Party/FreeRTOS/Source/tasks.o
                0x200017fc                pxCurrentTCB
 .bss.xStaticTimerQueue.0
                0x20001800       0x50 ./Middlewares/Third_Party/FreeRTOS/Source/timers.o
 .bss.ucStaticTimerQueueStorage.1
                0x20001850       0x78 ./Middlewares/Third_Party/FreeRTOS/Source/timers.o
 .bss.xLastTime.2
                0x200018c8        0x4 ./Middlewares/Third_Party/FreeRTOS/Source/timers.o
 .bss.xTimerTaskHandle
                0x200018cc        0x4 ./Middlewares/Third_Party/FreeRTOS/Source/timers.o
 .bss.xTimerQueue
                0x200018d0        0x4 ./Middlewares/Third_Party/FreeRTOS/Source/timers.o
 .bss.pxOverflowTimerList
                0x200018d4        0x4 ./Middlewares/Third_Party/FreeRTOS/Source/timers.o
 .bss.pxCurrentTimerList
                0x200018d8        0x4 ./Middlewares/Third_Party/FreeRTOS/Source/timers.o
 .bss.xActiveTimerList2
                0x200018dc       0x14 ./Middlewares/Third_Party/FreeRTOS/Source/timers.o
 .bss.xActiveTimerList1
                0x200018f0       0x14 ./Middlewares/Third_Party/FreeRTOS/Source/timers.o
 .bss.ulMaxPRIGROUPValue
                0x20001904        0x4 ./Middlewares/Third_Party/FreeRTOS/Source/portable/GCC/ARM_CM3/port.o
 .bss.ucMaxSysCallPriority
                0x20001908        0x1 ./Middlewares/Third_Party/FreeRTOS/Source/portable/GCC/ARM_CM3/port.o
 *fill*         0x20001909        0x3 
 .bss.xBlockAllocatedBit
                0x2000190c        0x4 ./Middlewares/Third_Party/FreeRTOS/Source/portable/MemMang/heap_4.o
 .bss.xMinimumEverFreeBytesRemaining
                0x20001910        0x4 ./Middlewares/Third_Party/FreeRTOS/Source/portable/MemMang/heap_4.o
 .bss.xFreeBytesRemaining
                0x20001914        0x4 ./Middlewares/Third_Party/FreeRTOS/Source/portable/MemMang/heap_4.o
 .bss.pxEnd     0x20001918        0x4 ./Middlewares/Third_Party/FreeRTOS/Source/portable/MemMang/heap_4.o
 .bss.xStart    0x2000191c        0x8 ./Middlewares/Third_Party/FreeRTOS/Source/portable/MemMang/heap_4.o
 .bss.ucHeap    0x20001924      0x200 ./Middlewares/Third_Party/FreeRTOS/Source/portable/MemMang/heap_4.o
 .bss.hdma_adc1
                0x20001b24       0x44 ./Src/adc.o
                0x20001b24                hdma_adc1
 .bss.hadc1     0x20001b68       0x4c ./Src/adc.o
                0x20001b68                hadc1
 .bss.hcan      0x20001bb4       0x28 ./Src/can.o
                0x20001bb4                hcan
 .bss.Alarm5msHandle
                0x20001bdc        0x4 ./Src/freertos.o
                0x20001bdc                Alarm5msHandle
 .bss.QM_DIAGControlBlock
                0x20001be0       0xac ./Src/freertos.o
                0x20001be0                QM_DIAGControlBlock
 .bss.QM_DIAGBuffer
                0x20001c8c      0xc80 ./Src/freertos.o
                0x20001c8c                QM_DIAGBuffer
 .bss.QM_DIAGHandle
                0x2000290c        0x4 ./Src/freertos.o
                0x2000290c                QM_DIAGHandle
 .bss.QM_APPLControlBlock
                0x20002910       0xac ./Src/freertos.o
                0x20002910                QM_APPLControlBlock
 .bss.QM_APPLBuffer
                0x200029bc      0xc80 ./Src/freertos.o
                0x200029bc                QM_APPLBuffer
 .bss.QM_APPLHandle
                0x2000363c        0x4 ./Src/freertos.o
                0x2000363c                QM_APPLHandle
 .bss.QM_BSWControlBlock
                0x20003640       0xac ./Src/freertos.o
                0x20003640                QM_BSWControlBlock
 .bss.QM_BSWBuffer
                0x200036ec      0xc80 ./Src/freertos.o
                0x200036ec                QM_BSWBuffer
 .bss.QM_BSWHandle
                0x2000436c        0x4 ./Src/freertos.o
                0x2000436c                QM_BSWHandle
 .bss.idlecnt   0x20004370        0x8 ./Src/freertos.o
                0x20004370                idlecnt
 .bss.oscnt     0x20004378        0x4 ./Src/freertos.o
                0x20004378                oscnt
 .bss.filt_vfb2_mV
                0x2000437c        0x4 ./Src/main.o
 .bss.filt_vfb1_mV
                0x20004380        0x4 ./Src/main.o
 .bss.filt_corrected_current_mA
                0x20004384        0x4 ./Src/main.o
 .bss.corrected_current_mA
                0x20004388        0x4 ./Src/main.o
 .bss.filt_current_mA
                0x2000438c        0x4 ./Src/main.o
 .bss.v3        0x20004390        0x4 ./Src/main.o
                0x20004390                v3
 .bss.v2        0x20004394        0x4 ./Src/main.o
                0x20004394                v2
 .bss.v1        0x20004398        0x4 ./Src/main.o
                0x20004398                v1
 .bss.v0        0x2000439c        0x4 ./Src/main.o
                0x2000439c                v0
 .bss.Ain_DmaBuffer
                0x200043a0        0xa ./Src/main.o
                0x200043a0                Ain_DmaBuffer
 *fill*         0x200043aa        0x2 
 .bss.htim4     0x200043ac       0xb4 ./Src/stm32f1xx_hal_timebase_tim.o
                0x200043ac                htim4
 .bss.htim2     0x20004460       0xb4 ./Src/tim.o
                0x20004460                htim2
 .bss.htim1     0x20004514       0xb4 ./Src/tim.o
                0x20004514                htim1
 .bss.__sf      0x200045c8      0x138 C:/ST/STM32CubeIDE_1.16.0/STM32CubeIDE/plugins/com.st.stm32cube.ide.mcu.externaltools.gnu-tools-for-stm32.12.3.rel1.win32_1.0.200.202406191623/tools/bin/../lib/gcc/arm-none-eabi/12.3.1/../../../../arm-none-eabi/lib/thumb/v7-m/nofp\libc_nano.a(libc_a-findfp.o)
                0x200045c8                __sf
 *(COMMON)
                0x20004700                        . = ALIGN (0x4)
                0x20004700                        _ebss = .
                0x20004700                        __bss_end__ = _ebss

._user_heap_stack
                0x20004700      0x200 load address 0x0800874c
                0x20004700                        . = ALIGN (0x8)
                0x20004700                        PROVIDE (end = .)
                [!provide]                        PROVIDE (_end = .)
                0x20004800                        . = (. + _Min_Heap_Size)
 *fill*         0x20004700      0x100 
                0x20004900                        . = (. + _Min_Stack_Size)
 *fill*         0x20004800      0x100 
                0x20004900                        . = ALIGN (0x8)

/DISCARD/
 libc.a(*)
 libm.a(*)
 libgcc.a(*)

.ARM.attributes
                0x00000000       0x29
 *(.ARM.attributes)
 .ARM.attributes
                0x00000000       0x1d C:/ST/STM32CubeIDE_1.16.0/STM32CubeIDE/plugins/com.st.stm32cube.ide.mcu.externaltools.gnu-tools-for-stm32.12.3.rel1.win32_1.0.200.202406191623/tools/bin/../lib/gcc/arm-none-eabi/12.3.1/thumb/v7-m/nofp/crti.o
 .ARM.attributes
                0x0000001d       0x2d C:/ST/STM32CubeIDE_1.16.0/STM32CubeIDE/plugins/com.st.stm32cube.ide.mcu.externaltools.gnu-tools-for-stm32.12.3.rel1.win32_1.0.200.202406191623/tools/bin/../lib/gcc/arm-none-eabi/12.3.1/thumb/v7-m/nofp/crtbegin.o
 .ARM.attributes
                0x0000004a       0x2d ./APPL/SMon/SMon.o
 .ARM.attributes
                0x00000077       0x2d ./BSW/Com/CanH/CanH.o
 .ARM.attributes
                0x000000a4       0x2d ./BSW/Diag/Dcm/Dcm.o
 .ARM.attributes
                0x000000d1       0x2d ./BSW/Sys/EcuM/EcuM.o
 .ARM.attributes
                0x000000fe       0x21 ./Core/Startup/startup_stm32f103c8tx.o
 .ARM.attributes
                0x0000011f       0x2d ./Drivers/STM32F1xx_HAL_Driver/Src/stm32f1xx_hal.o
 .ARM.attributes
                0x0000014c       0x2d ./Drivers/STM32F1xx_HAL_Driver/Src/stm32f1xx_hal_adc.o
 .ARM.attributes
                0x00000179       0x2d ./Drivers/STM32F1xx_HAL_Driver/Src/stm32f1xx_hal_adc_ex.o
 .ARM.attributes
                0x000001a6       0x2d ./Drivers/STM32F1xx_HAL_Driver/Src/stm32f1xx_hal_can.o
 .ARM.attributes
                0x000001d3       0x2d ./Drivers/STM32F1xx_HAL_Driver/Src/stm32f1xx_hal_cortex.o
 .ARM.attributes
                0x00000200       0x2d ./Drivers/STM32F1xx_HAL_Driver/Src/stm32f1xx_hal_dma.o
 .ARM.attributes
                0x0000022d       0x2d ./Drivers/STM32F1xx_HAL_Driver/Src/stm32f1xx_hal_flash.o
 .ARM.attributes
                0x0000025a       0x2d ./Drivers/STM32F1xx_HAL_Driver/Src/stm32f1xx_hal_flash_ex.o
 .ARM.attributes
                0x00000287       0x2d ./Drivers/STM32F1xx_HAL_Driver/Src/stm32f1xx_hal_gpio.o
 .ARM.attributes
                0x000002b4       0x2d ./Drivers/STM32F1xx_HAL_Driver/Src/stm32f1xx_hal_pwr.o
 .ARM.attributes
                0x000002e1       0x2d ./Drivers/STM32F1xx_HAL_Driver/Src/stm32f1xx_hal_rcc.o
 .ARM.attributes
                0x0000030e       0x2d ./Drivers/STM32F1xx_HAL_Driver/Src/stm32f1xx_hal_rcc_ex.o
 .ARM.attributes
                0x0000033b       0x2d ./Drivers/STM32F1xx_HAL_Driver/Src/stm32f1xx_hal_tim.o
 .ARM.attributes
                0x00000368       0x2d ./Drivers/STM32F1xx_HAL_Driver/Src/stm32f1xx_hal_tim_ex.o
 .ARM.attributes
                0x00000395       0x2d ./Middlewares/Third_Party/FreeRTOS/Source/CMSIS_RTOS_V2/cmsis_os2.o
 .ARM.attributes
                0x000003c2       0x2d ./Middlewares/Third_Party/FreeRTOS/Source/list.o
 .ARM.attributes
                0x000003ef       0x2d ./Middlewares/Third_Party/FreeRTOS/Source/queue.o
 .ARM.attributes
                0x0000041c       0x2d ./Middlewares/Third_Party/FreeRTOS/Source/tasks.o
 .ARM.attributes
                0x00000449       0x2d ./Middlewares/Third_Party/FreeRTOS/Source/timers.o
 .ARM.attributes
                0x00000476       0x2d ./Middlewares/Third_Party/FreeRTOS/Source/portable/GCC/ARM_CM3/port.o
 .ARM.attributes
                0x000004a3       0x2d ./Middlewares/Third_Party/FreeRTOS/Source/portable/MemMang/heap_4.o
 .ARM.attributes
                0x000004d0       0x2d ./Src/adc.o
 .ARM.attributes
                0x000004fd       0x2d ./Src/can.o
 .ARM.attributes
                0x0000052a       0x2d ./Src/dma.o
 .ARM.attributes
                0x00000557       0x2d ./Src/freertos.o
 .ARM.attributes
                0x00000584       0x2d ./Src/gpio.o
 .ARM.attributes
                0x000005b1       0x2d ./Src/main.o
 .ARM.attributes
                0x000005de       0x2d ./Src/stm32f1xx_hal_msp.o
 .ARM.attributes
                0x0000060b       0x2d ./Src/stm32f1xx_hal_timebase_tim.o
 .ARM.attributes
                0x00000638       0x2d ./Src/stm32f1xx_it.o
 .ARM.attributes
                0x00000665       0x2d ./Src/system_stm32f1xx.o
 .ARM.attributes
                0x00000692       0x2d ./Src/tim.o
 .ARM.attributes
                0x000006bf       0x2d C:/ST/STM32CubeIDE_1.16.0/STM32CubeIDE/plugins/com.st.stm32cube.ide.mcu.externaltools.gnu-tools-for-stm32.12.3.rel1.win32_1.0.200.202406191623/tools/bin/../lib/gcc/arm-none-eabi/12.3.1/../../../../arm-none-eabi/lib/thumb/v7-m/nofp\libc_nano.a(libc_a-findfp.o)
 .ARM.attributes
                0x000006ec       0x2d C:/ST/STM32CubeIDE_1.16.0/STM32CubeIDE/plugins/com.st.stm32cube.ide.mcu.externaltools.gnu-tools-for-stm32.12.3.rel1.win32_1.0.200.202406191623/tools/bin/../lib/gcc/arm-none-eabi/12.3.1/../../../../arm-none-eabi/lib/thumb/v7-m/nofp\libc_nano.a(libc_a-memset.o)
 .ARM.attributes
                0x00000719       0x2d C:/ST/STM32CubeIDE_1.16.0/STM32CubeIDE/plugins/com.st.stm32cube.ide.mcu.externaltools.gnu-tools-for-stm32.12.3.rel1.win32_1.0.200.202406191623/tools/bin/../lib/gcc/arm-none-eabi/12.3.1/../../../../arm-none-eabi/lib/thumb/v7-m/nofp\libc_nano.a(libc_a-impure.o)
 .ARM.attributes
                0x00000746       0x2d C:/ST/STM32CubeIDE_1.16.0/STM32CubeIDE/plugins/com.st.stm32cube.ide.mcu.externaltools.gnu-tools-for-stm32.12.3.rel1.win32_1.0.200.202406191623/tools/bin/../lib/gcc/arm-none-eabi/12.3.1/../../../../arm-none-eabi/lib/thumb/v7-m/nofp\libc_nano.a(libc_a-init.o)
 .ARM.attributes
                0x00000773       0x2d C:/ST/STM32CubeIDE_1.16.0/STM32CubeIDE/plugins/com.st.stm32cube.ide.mcu.externaltools.gnu-tools-for-stm32.12.3.rel1.win32_1.0.200.202406191623/tools/bin/../lib/gcc/arm-none-eabi/12.3.1/../../../../arm-none-eabi/lib/thumb/v7-m/nofp\libc_nano.a(libc_a-memcpy-stub.o)
 .ARM.attributes
                0x000007a0       0x1d C:/ST/STM32CubeIDE_1.16.0/STM32CubeIDE/plugins/com.st.stm32cube.ide.mcu.externaltools.gnu-tools-for-stm32.12.3.rel1.win32_1.0.200.202406191623/tools/bin/../lib/gcc/arm-none-eabi/12.3.1/thumb/v7-m/nofp\libgcc.a(_arm_addsubsf3.o)
 .ARM.attributes
                0x000007bd       0x1d C:/ST/STM32CubeIDE_1.16.0/STM32CubeIDE/plugins/com.st.stm32cube.ide.mcu.externaltools.gnu-tools-for-stm32.12.3.rel1.win32_1.0.200.202406191623/tools/bin/../lib/gcc/arm-none-eabi/12.3.1/thumb/v7-m/nofp\libgcc.a(_arm_muldivsf3.o)
 .ARM.attributes
                0x000007da       0x1d C:/ST/STM32CubeIDE_1.16.0/STM32CubeIDE/plugins/com.st.stm32cube.ide.mcu.externaltools.gnu-tools-for-stm32.12.3.rel1.win32_1.0.200.202406191623/tools/bin/../lib/gcc/arm-none-eabi/12.3.1/thumb/v7-m/nofp\libgcc.a(_arm_cmpsf2.o)
 .ARM.attributes
                0x000007f7       0x1d C:/ST/STM32CubeIDE_1.16.0/STM32CubeIDE/plugins/com.st.stm32cube.ide.mcu.externaltools.gnu-tools-for-stm32.12.3.rel1.win32_1.0.200.202406191623/tools/bin/../lib/gcc/arm-none-eabi/12.3.1/thumb/v7-m/nofp\libgcc.a(_arm_fixunssfsi.o)
 .ARM.attributes
                0x00000814       0x1d C:/ST/STM32CubeIDE_1.16.0/STM32CubeIDE/plugins/com.st.stm32cube.ide.mcu.externaltools.gnu-tools-for-stm32.12.3.rel1.win32_1.0.200.202406191623/tools/bin/../lib/gcc/arm-none-eabi/12.3.1/thumb/v7-m/nofp/crtn.o
OUTPUT(ELC_APP.elf elf32-littlearm)
LOAD linker stubs
LOAD C:/ST/STM32CubeIDE_1.16.0/STM32CubeIDE/plugins/com.st.stm32cube.ide.mcu.externaltools.gnu-tools-for-stm32.12.3.rel1.win32_1.0.200.202406191623/tools/bin/../lib/gcc/arm-none-eabi/12.3.1/../../../../arm-none-eabi/lib/thumb/v7-m/nofp\libc.a
LOAD C:/ST/STM32CubeIDE_1.16.0/STM32CubeIDE/plugins/com.st.stm32cube.ide.mcu.externaltools.gnu-tools-for-stm32.12.3.rel1.win32_1.0.200.202406191623/tools/bin/../lib/gcc/arm-none-eabi/12.3.1/../../../../arm-none-eabi/lib/thumb/v7-m/nofp\libm.a
LOAD C:/ST/STM32CubeIDE_1.16.0/STM32CubeIDE/plugins/com.st.stm32cube.ide.mcu.externaltools.gnu-tools-for-stm32.12.3.rel1.win32_1.0.200.202406191623/tools/bin/../lib/gcc/arm-none-eabi/12.3.1/thumb/v7-m/nofp\libgcc.a

.debug_info     0x00000000    0x264a2
 .debug_info    0x00000000      0xfd7 ./APPL/SMon/SMon.o
 .debug_info    0x00000fd7      0xa22 ./BSW/Com/CanH/CanH.o
 .debug_info    0x000019f9      0xa5d ./BSW/Diag/Dcm/Dcm.o
 .debug_info    0x00002456     0x17cf ./BSW/Sys/EcuM/EcuM.o
 .debug_info    0x00003c25       0x30 ./Core/Startup/startup_stm32f103c8tx.o
 .debug_info    0x00003c55      0x7dc ./Drivers/STM32F1xx_HAL_Driver/Src/stm32f1xx_hal.o
 .debug_info    0x00004431      0xff8 ./Drivers/STM32F1xx_HAL_Driver/Src/stm32f1xx_hal_adc.o
 .debug_info    0x00005429      0xca4 ./Drivers/STM32F1xx_HAL_Driver/Src/stm32f1xx_hal_adc_ex.o
 .debug_info    0x000060cd     0x114a ./Drivers/STM32F1xx_HAL_Driver/Src/stm32f1xx_hal_can.o
 .debug_info    0x00007217      0xced ./Drivers/STM32F1xx_HAL_Driver/Src/stm32f1xx_hal_cortex.o
 .debug_info    0x00007f04      0x7f6 ./Drivers/STM32F1xx_HAL_Driver/Src/stm32f1xx_hal_dma.o
 .debug_info    0x000086fa      0x669 ./Drivers/STM32F1xx_HAL_Driver/Src/stm32f1xx_hal_flash.o
 .debug_info    0x00008d63      0xba4 ./Drivers/STM32F1xx_HAL_Driver/Src/stm32f1xx_hal_flash_ex.o
 .debug_info    0x00009907      0x604 ./Drivers/STM32F1xx_HAL_Driver/Src/stm32f1xx_hal_gpio.o
 .debug_info    0x00009f0b      0x667 ./Drivers/STM32F1xx_HAL_Driver/Src/stm32f1xx_hal_pwr.o
 .debug_info    0x0000a572      0x9fb ./Drivers/STM32F1xx_HAL_Driver/Src/stm32f1xx_hal_rcc.o
 .debug_info    0x0000af6d      0x420 ./Drivers/STM32F1xx_HAL_Driver/Src/stm32f1xx_hal_rcc_ex.o
 .debug_info    0x0000b38d     0x4328 ./Drivers/STM32F1xx_HAL_Driver/Src/stm32f1xx_hal_tim.o
 .debug_info    0x0000f6b5     0x1a1e ./Drivers/STM32F1xx_HAL_Driver/Src/stm32f1xx_hal_tim_ex.o
 .debug_info    0x000110d3     0x51b2 ./Middlewares/Third_Party/FreeRTOS/Source/CMSIS_RTOS_V2/cmsis_os2.o
 .debug_info    0x00016285      0x2be ./Middlewares/Third_Party/FreeRTOS/Source/list.o
 .debug_info    0x00016543     0x277c ./Middlewares/Third_Party/FreeRTOS/Source/queue.o
 .debug_info    0x00018cbf     0x344c ./Middlewares/Third_Party/FreeRTOS/Source/tasks.o
 .debug_info    0x0001c10b     0x1fbb ./Middlewares/Third_Party/FreeRTOS/Source/timers.o
 .debug_info    0x0001e0c6      0x530 ./Middlewares/Third_Party/FreeRTOS/Source/portable/GCC/ARM_CM3/port.o
 .debug_info    0x0001e5f6      0x4dc ./Middlewares/Third_Party/FreeRTOS/Source/portable/MemMang/heap_4.o
 .debug_info    0x0001ead2      0x9da ./Src/adc.o
 .debug_info    0x0001f4ac      0xabc ./Src/can.o
 .debug_info    0x0001ff68      0x14c ./Src/dma.o
 .debug_info    0x000200b4     0x1712 ./Src/freertos.o
 .debug_info    0x000217c6      0x3eb ./Src/gpio.o
 .debug_info    0x00021bb1     0x1913 ./Src/main.o
 .debug_info    0x000234c4      0x37e ./Src/stm32f1xx_hal_msp.o
 .debug_info    0x00023842      0xbd7 ./Src/stm32f1xx_hal_timebase_tim.o
 .debug_info    0x00024419      0xdd3 ./Src/stm32f1xx_it.o
 .debug_info    0x000251ec      0x231 ./Src/system_stm32f1xx.o
 .debug_info    0x0002541d     0x1085 ./Src/tim.o

.debug_abbrev   0x00000000     0x635a
 .debug_abbrev  0x00000000      0x306 ./APPL/SMon/SMon.o
 .debug_abbrev  0x00000306      0x26c ./BSW/Com/CanH/CanH.o
 .debug_abbrev  0x00000572      0x288 ./BSW/Diag/Dcm/Dcm.o
 .debug_abbrev  0x000007fa      0x3b2 ./BSW/Sys/EcuM/EcuM.o
 .debug_abbrev  0x00000bac       0x24 ./Core/Startup/startup_stm32f103c8tx.o
 .debug_abbrev  0x00000bd0      0x272 ./Drivers/STM32F1xx_HAL_Driver/Src/stm32f1xx_hal.o
 .debug_abbrev  0x00000e42      0x29a ./Drivers/STM32F1xx_HAL_Driver/Src/stm32f1xx_hal_adc.o
 .debug_abbrev  0x000010dc      0x298 ./Drivers/STM32F1xx_HAL_Driver/Src/stm32f1xx_hal_adc_ex.o
 .debug_abbrev  0x00001374      0x2b7 ./Drivers/STM32F1xx_HAL_Driver/Src/stm32f1xx_hal_can.o
 .debug_abbrev  0x0000162b      0x36b ./Drivers/STM32F1xx_HAL_Driver/Src/stm32f1xx_hal_cortex.o
 .debug_abbrev  0x00001996      0x262 ./Drivers/STM32F1xx_HAL_Driver/Src/stm32f1xx_hal_dma.o
 .debug_abbrev  0x00001bf8      0x30e ./Drivers/STM32F1xx_HAL_Driver/Src/stm32f1xx_hal_flash.o
 .debug_abbrev  0x00001f06      0x304 ./Drivers/STM32F1xx_HAL_Driver/Src/stm32f1xx_hal_flash_ex.o
 .debug_abbrev  0x0000220a      0x1f7 ./Drivers/STM32F1xx_HAL_Driver/Src/stm32f1xx_hal_gpio.o
 .debug_abbrev  0x00002401      0x1eb ./Drivers/STM32F1xx_HAL_Driver/Src/stm32f1xx_hal_pwr.o
 .debug_abbrev  0x000025ec      0x2ff ./Drivers/STM32F1xx_HAL_Driver/Src/stm32f1xx_hal_rcc.o
 .debug_abbrev  0x000028eb      0x1d8 ./Drivers/STM32F1xx_HAL_Driver/Src/stm32f1xx_hal_rcc_ex.o
 .debug_abbrev  0x00002ac3      0x3cd ./Drivers/STM32F1xx_HAL_Driver/Src/stm32f1xx_hal_tim.o
 .debug_abbrev  0x00002e90      0x309 ./Drivers/STM32F1xx_HAL_Driver/Src/stm32f1xx_hal_tim_ex.o
 .debug_abbrev  0x00003199      0x5af ./Middlewares/Third_Party/FreeRTOS/Source/CMSIS_RTOS_V2/cmsis_os2.o
 .debug_abbrev  0x00003748      0x10c ./Middlewares/Third_Party/FreeRTOS/Source/list.o
 .debug_abbrev  0x00003854      0x4b0 ./Middlewares/Third_Party/FreeRTOS/Source/queue.o