../APPL/SMon/SMon.c:82:6:SMon_I2TAccumulation	24	static
../APPL/SMon/SMon.c:147:10:SMon_GetBin	0	static
../APPL/SMon/SMon.c:153:6:SMon_UpdateHistograms	8	static
../APPL/SMon/SMon.c:160:6:SMon_ProcessShortToPlusTest	12	static
../APPL/SMon/SMon.c:286:6:SMon_ProcessLoadCurrentState	0	static
../APPL/SMon/SMon.c:309:6:SMon_ProcessEcuVoltageState	8	static
../APPL/SMon/SMon.c:368:6:SMon_ProcessLoadErrorStatus	20	static
../APPL/SMon/SMon.c:495:6:SMon_LoadSwitchingDiagnosis	0	static
../APPL/SMon/SMon.c:549:6:SMon_LoadSwitchingLogic	16	static
../APPL/SMon/SMon.c:626:6:SMon_main	8	static
