Archive member included to satisfy reference by file (symbol)

C:/ST/STM32CubeIDE_1.16.0/STM32CubeIDE/plugins/com.st.stm32cube.ide.mcu.externaltools.gnu-tools-for-stm32.12.3.rel1.win32_1.0.200.202406191623/tools/bin/../lib/gcc/arm-none-eabi/12.3.1/../../../../arm-none-eabi/lib/thumb/v7-m/nofp\libc_nano.a(libc_a-exit.o)
                              C:/ST/STM32CubeIDE_1.16.0/STM32CubeIDE/plugins/com.st.stm32cube.ide.mcu.externaltools.gnu-tools-for-stm32.12.3.rel1.win32_1.0.200.202406191623/tools/bin/../lib/gcc/arm-none-eabi/12.3.1/../../../../arm-none-eabi/lib/thumb/v7-m/nofp/crt0.o (exit)
C:/ST/STM32CubeIDE_1.16.0/STM32CubeIDE/plugins/com.st.stm32cube.ide.mcu.externaltools.gnu-tools-for-stm32.12.3.rel1.win32_1.0.200.202406191623/tools/bin/../lib/gcc/arm-none-eabi/12.3.1/../../../../arm-none-eabi/lib/thumb/v7-m/nofp\libc_nano.a(libc_a-findfp.o)
                              C:/ST/STM32CubeIDE_1.16.0/STM32CubeIDE/plugins/com.st.stm32cube.ide.mcu.externaltools.gnu-tools-for-stm32.12.3.rel1.win32_1.0.200.202406191623/tools/bin/../lib/gcc/arm-none-eabi/12.3.1/../../../../arm-none-eabi/lib/thumb/v7-m/nofp\libc_nano.a(libc_a-exit.o) (__stdio_exit_handler)
C:/ST/STM32CubeIDE_1.16.0/STM32CubeIDE/plugins/com.st.stm32cube.ide.mcu.externaltools.gnu-tools-for-stm32.12.3.rel1.win32_1.0.200.202406191623/tools/bin/../lib/gcc/arm-none-eabi/12.3.1/../../../../arm-none-eabi/lib/thumb/v7-m/nofp\libc_nano.a(libc_a-fwalk.o)
                              C:/ST/STM32CubeIDE_1.16.0/STM32CubeIDE/plugins/com.st.stm32cube.ide.mcu.externaltools.gnu-tools-for-stm32.12.3.rel1.win32_1.0.200.202406191623/tools/bin/../lib/gcc/arm-none-eabi/12.3.1/../../../../arm-none-eabi/lib/thumb/v7-m/nofp\libc_nano.a(libc_a-findfp.o) (_fwalk_sglue)
C:/ST/STM32CubeIDE_1.16.0/STM32CubeIDE/plugins/com.st.stm32cube.ide.mcu.externaltools.gnu-tools-for-stm32.12.3.rel1.win32_1.0.200.202406191623/tools/bin/../lib/gcc/arm-none-eabi/12.3.1/../../../../arm-none-eabi/lib/thumb/v7-m/nofp\libc_nano.a(libc_a-stdio.o)
                              C:/ST/STM32CubeIDE_1.16.0/STM32CubeIDE/plugins/com.st.stm32cube.ide.mcu.externaltools.gnu-tools-for-stm32.12.3.rel1.win32_1.0.200.202406191623/tools/bin/../lib/gcc/arm-none-eabi/12.3.1/../../../../arm-none-eabi/lib/thumb/v7-m/nofp\libc_nano.a(libc_a-findfp.o) (__sread)
C:/ST/STM32CubeIDE_1.16.0/STM32CubeIDE/plugins/com.st.stm32cube.ide.mcu.externaltools.gnu-tools-for-stm32.12.3.rel1.win32_1.0.200.202406191623/tools/bin/../lib/gcc/arm-none-eabi/12.3.1/../../../../arm-none-eabi/lib/thumb/v7-m/nofp\libc_nano.a(libc_a-memset.o)
                              C:/ST/STM32CubeIDE_1.16.0/STM32CubeIDE/plugins/com.st.stm32cube.ide.mcu.externaltools.gnu-tools-for-stm32.12.3.rel1.win32_1.0.200.202406191623/tools/bin/../lib/gcc/arm-none-eabi/12.3.1/../../../../arm-none-eabi/lib/thumb/v7-m/nofp/crt0.o (memset)
C:/ST/STM32CubeIDE_1.16.0/STM32CubeIDE/plugins/com.st.stm32cube.ide.mcu.externaltools.gnu-tools-for-stm32.12.3.rel1.win32_1.0.200.202406191623/tools/bin/../lib/gcc/arm-none-eabi/12.3.1/../../../../arm-none-eabi/lib/thumb/v7-m/nofp\libc_nano.a(libc_a-closer.o)
                              C:/ST/STM32CubeIDE_1.16.0/STM32CubeIDE/plugins/com.st.stm32cube.ide.mcu.externaltools.gnu-tools-for-stm32.12.3.rel1.win32_1.0.200.202406191623/tools/bin/../lib/gcc/arm-none-eabi/12.3.1/../../../../arm-none-eabi/lib/thumb/v7-m/nofp\libc_nano.a(libc_a-stdio.o) (_close_r)
C:/ST/STM32CubeIDE_1.16.0/STM32CubeIDE/plugins/com.st.stm32cube.ide.mcu.externaltools.gnu-tools-for-stm32.12.3.rel1.win32_1.0.200.202406191623/tools/bin/../lib/gcc/arm-none-eabi/12.3.1/../../../../arm-none-eabi/lib/thumb/v7-m/nofp\libc_nano.a(libc_a-reent.o)
                              C:/ST/STM32CubeIDE_1.16.0/STM32CubeIDE/plugins/com.st.stm32cube.ide.mcu.externaltools.gnu-tools-for-stm32.12.3.rel1.win32_1.0.200.202406191623/tools/bin/../lib/gcc/arm-none-eabi/12.3.1/../../../../arm-none-eabi/lib/thumb/v7-m/nofp\libc_nano.a(libc_a-closer.o) (errno)
C:/ST/STM32CubeIDE_1.16.0/STM32CubeIDE/plugins/com.st.stm32cube.ide.mcu.externaltools.gnu-tools-for-stm32.12.3.rel1.win32_1.0.200.202406191623/tools/bin/../lib/gcc/arm-none-eabi/12.3.1/../../../../arm-none-eabi/lib/thumb/v7-m/nofp\libc_nano.a(libc_a-impure.o)
                              C:/ST/STM32CubeIDE_1.16.0/STM32CubeIDE/plugins/com.st.stm32cube.ide.mcu.externaltools.gnu-tools-for-stm32.12.3.rel1.win32_1.0.200.202406191623/tools/bin/../lib/gcc/arm-none-eabi/12.3.1/../../../../arm-none-eabi/lib/thumb/v7-m/nofp\libc_nano.a(libc_a-reent.o) (_impure_ptr)
C:/ST/STM32CubeIDE_1.16.0/STM32CubeIDE/plugins/com.st.stm32cube.ide.mcu.externaltools.gnu-tools-for-stm32.12.3.rel1.win32_1.0.200.202406191623/tools/bin/../lib/gcc/arm-none-eabi/12.3.1/../../../../arm-none-eabi/lib/thumb/v7-m/nofp\libc_nano.a(libc_a-lseekr.o)
[...]
Memory Configuration

Name             Origin             Length             Attributes
RAM              0x20000000         0x00004fc0         xrw
FLASH            0x08000000         0x00004000         xr
NCR              0x20004fc0         0x00000040         xrw
*default*        0x00000000         0xffffffff

Linker script and memory map

LOAD C:/ST/STM32CubeIDE_1.16.0/STM32CubeIDE/plugins/com.st.stm32cube.ide.mcu.externaltools.gnu-tools-for-stm32.12.3.rel1.win32_1.0.200.202406191623/tools/bin/../lib/gcc/arm-none-eabi/12.3.1/thumb/v7-m/nofp/crti.o
LOAD C:/ST/STM32CubeIDE_1.16.0/STM32CubeIDE/plugins/com.st.stm32cube.ide.mcu.externaltools.gnu-tools-for-stm32.12.3.rel1.win32_1.0.200.202406191623/tools/bin/../lib/gcc/arm-none-eabi/12.3.1/thumb/v7-m/nofp/crtbegin.o
LOAD C:/ST/STM32CubeIDE_1.16.0/STM32CubeIDE/plugins/com.st.stm32cube.ide.mcu.externaltools.gnu-tools-for-stm32.12.3.rel1.win32_1.0.200.202406191623/tools/bin/../lib/gcc/arm-none-eabi/12.3.1/../../../../arm-none-eabi/lib/thumb/v7-m/nofp/crt0.o
LOAD ./Core/Src/can.o
LOAD ./Core/Src/crc.o
LOAD ./Core/Src/gpio.o
LOAD ./Core/Src/main.o
LOAD ./Core/Src/ram_blob.o
LOAD ./Core/Src/stm32f1xx_hal_msp.o
LOAD ./Core/Src/stm32f1xx_it.o
LOAD ./Core/Src/syscalls.o
LOAD ./Core/Src/sysmem.o
LOAD ./Core/Src/system_stm32f1xx.o
LOAD ./Core/Startup/startup_stm32f103c8tx.o
LOAD ./Drivers/STM32F1xx_HAL_Driver/stm32f1xx_hal.o
LOAD ./Drivers/STM32F1xx_HAL_Driver/stm32f1xx_hal_can.o
LOAD ./Drivers/STM32F1xx_HAL_Driver/stm32f1xx_hal_cortex.o
LOAD ./Drivers/STM32F1xx_HAL_Driver/stm32f1xx_hal_crc.o
LOAD ./Drivers/STM32F1xx_HAL_Driver/stm32f1xx_hal_dma.o
LOAD ./Drivers/STM32F1xx_HAL_Driver/stm32f1xx_hal_exti.o
LOAD ./Drivers/STM32F1xx_HAL_Driver/stm32f1xx_hal_flash.o
LOAD ./Drivers/STM32F1xx_HAL_Driver/stm32f1xx_hal_flash_ex.o
LOAD ./Drivers/STM32F1xx_HAL_Driver/stm32f1xx_hal_gpio.o
LOAD ./Drivers/STM32F1xx_HAL_Driver/stm32f1xx_hal_gpio_ex.o
LOAD ./Drivers/STM32F1xx_HAL_Driver/stm32f1xx_hal_pwr.o
LOAD ./Drivers/STM32F1xx_HAL_Driver/stm32f1xx_hal_rcc.o
LOAD ./Drivers/STM32F1xx_HAL_Driver/stm32f1xx_hal_rcc_ex.o
LOAD ./Drivers/STM32F1xx_HAL_Driver/stm32f1xx_hal_tim.o
LOAD ./Drivers/STM32F1xx_HAL_Driver/stm32f1xx_hal_tim_ex.o
START GROUP
LOAD C:/ST/STM32CubeIDE_1.16.0/STM32CubeIDE/plugins/com.st.stm32cube.ide.mcu.externaltools.gnu-tools-for-stm32.12.3.rel1.win32_1.0.200.202406191623/tools/bin/../lib/gcc/arm-none-eabi/12.3.1/../../../../arm-none-eabi/lib/thumb/v7-m/nofp\libc_nano.a
LOAD C:/ST/STM32CubeIDE_1.16.0/STM32CubeIDE/plugins/com.st.stm32cube.ide.mcu.externaltools.gnu-tools-for-stm32.12.3.rel1.win32_1.0.200.202406191623/tools/bin/../lib/gcc/arm-none-eabi/12.3.1/../../../../arm-none-eabi/lib/thumb/v7-m/nofp\libm.a
END GROUP
START GROUP
LOAD C:/ST/STM32CubeIDE_1.16.0/STM32CubeIDE/plugins/com.st.stm32cube.ide.mcu.externaltools.gnu-tools-for-stm32.12.3.rel1.win32_1.0.200.202406191623/tools/bin/../lib/gcc/arm-none-eabi/12.3.1/thumb/v7-m/nofp\libgcc.a
LOAD C:/ST/STM32CubeIDE_1.16.0/STM32CubeIDE/plugins/com.st.stm32cube.ide.mcu.externaltools.gnu-tools-for-stm32.12.3.rel1.win32_1.0.200.202406191623/tools/bin/../lib/gcc/arm-none-eabi/12.3.1/../../../../arm-none-eabi/lib/thumb/v7-m/nofp\libc_nano.a
END GROUP
START GROUP
LOAD C:/ST/STM32CubeIDE_1.16.0/STM32CubeIDE/plugins/com.st.stm32cube.ide.mcu.externaltools.gnu-tools-for-stm32.12.3.rel1.win32_1.0.200.202406191623/tools/bin/../lib/gcc/arm-none-eabi/12.3.1/thumb/v7-m/nofp\libgcc.a
LOAD C:/ST/STM32CubeIDE_1.16.0/STM32CubeIDE/plugins/com.st.stm32cube.ide.mcu.externaltools.gnu-tools-for-stm32.12.3.rel1.win32_1.0.200.202406191623/tools/bin/../lib/gcc/arm-none-eabi/12.3.1/../../../../arm-none-eabi/lib/thumb/v7-m/nofp\libc_nano.a
LOAD C:/ST/STM32CubeIDE_1.16.0/STM32CubeIDE/plugins/com.st.stm32cube.ide.mcu.externaltools.gnu-tools-for-stm32.12.3.rel1.win32_1.0.200.202406191623/tools/bin/../lib/gcc/arm-none-eabi/12.3.1/../../../../arm-none-eabi/lib/thumb/v7-m/nofp\libnosys.a
END GROUP
START GROUP
LOAD C:/ST/STM32CubeIDE_1.16.0/STM32CubeIDE/plugins/com.st.stm32cube.ide.mcu.externaltools.gnu-tools-for-stm32.12.3.rel1.win32_1.0.200.202406191623/tools/bin/../lib/gcc/arm-none-eabi/12.3.1/thumb/v7-m/nofp\libgcc.a
LOAD C:/ST/STM32CubeIDE_1.16.0/STM32CubeIDE/plugins/com.st.stm32cube.ide.mcu.externaltools.gnu-tools-for-stm32.12.3.rel1.win32_1.0.200.202406191623/tools/bin/../lib/gcc/arm-none-eabi/12.3.1/../../../../arm-none-eabi/lib/thumb/v7-m/nofp\libc_nano.a
LOAD C:/ST/STM32CubeIDE_1.16.0/STM32CubeIDE/plugins/com.st.stm32cube.ide.mcu.externaltools.gnu-tools-for-stm32.12.3.rel1.win32_1.0.200.202406191623/tools/bin/../lib/gcc/arm-none-eabi/12.3.1/../../../../arm-none-eabi/lib/thumb/v7-m/nofp\libnosys.a
END GROUP
LOAD C:/ST/STM32CubeIDE_1.16.0/STM32CubeIDE/plugins/com.st.stm32cube.ide.mcu.externaltools.gnu-tools-for-stm32.12.3.rel1.win32_1.0.200.202406191623/tools/bin/../lib/gcc/arm-none-eabi/12.3.1/thumb/v7-m/nofp/crtend.o
LOAD C:/ST/STM32CubeIDE_1.16.0/STM32CubeIDE/plugins/com.st.stm32cube.ide.mcu.externaltools.gnu-tools-for-stm32.12.3.rel1.win32_1.0.200.202406191623/tools/bin/../lib/gcc/arm-none-eabi/12.3.1/thumb/v7-m/nofp/crtn.o
                0x20004fc0                        _estack = (ORIGIN (RAM) + LENGTH (RAM))
                0x00000400                        _Min_Heap_Size = 0x400
                0x00000400                        _Min_Stack_Size = 0x400

.ncrsection     0x20004fc0        0x0
                0x20004fc0                        _sncr = .
 *(.ncr)
                0x20004fc0                        _encr = .

.isr_vector     0x08000000      0x10c
                0x08000000                        . = ALIGN (0x4)
 *(.isr_vector)
 .isr_vector    0x08000000      0x10c ./Core/Startup/startup_stm32f103c8tx.o
                0x08000000                g_pfnVectors
                0x0800010c                        . = ALIGN (0x4)

.text           0x0800010c     0x2a08
                0x0800010c                        . = ALIGN (0x4)
 *(.text)
 .text          0x0800010c       0x40 C:/ST/STM32CubeIDE_1.16.0/STM32CubeIDE/plugins/com.st.stm32cube.ide.mcu.externaltools.gnu-tools-for-stm32.12.3.rel1.win32_1.0.200.202406191623/tools/bin/../lib/gcc/arm-none-eabi/12.3.1/thumb/v7-m/nofp/crtbegin.o
 *(.text*)
 .text.MX_CAN_Init
                0x0800014c       0x92 ./Core/Src/can.o
                0x0800014c                MX_CAN_Init
 .text.HAL_CAN_MspInit
                0x080001de       0x7e ./Core/Src/can.o
                0x080001de                HAL_CAN_MspInit
 .text.MX_CRC_Init
                0x0800025c       0x22 ./Core/Src/crc.o
                0x0800025c                MX_CRC_Init
 .text.HAL_CRC_MspInit
                0x0800027e       0x30 ./Core/Src/crc.o
                0x0800027e                HAL_CRC_MspInit
 .text.MX_GPIO_Init
                0x080002ae       0xf8 ./Core/Src/gpio.o
                0x080002ae                MX_GPIO_Init
 .text.__NVIC_SystemReset
                0x080003a6       0x24 ./Core/Src/main.o
 .text.memcopy8
                0x080003ca       0x14 ./Core/Src/main.o
 .text.FBL_CalcCrc32Flash
                0x080003de       0x42 ./Core/Src/main.o
 .text.IsoTp_SendFlowControl
                0x08000420       0x48 ./Core/Src/main.o
 .text.FBL_SendUdsSingleFrame
                0x08000468       0x4e ./Core/Src/main.o
 .text.MX_NVIC_Init
                0x080004b6       0x74 ./Core/Src/main.o
 .text.FBL_RunRamUpdater
                0x0800052a       0x46 ./Core/Src/main.o
                0x0800052a                FBL_RunRamUpdater
 .text.Nvm_GetPage
                0x08000570       0x2e ./Core/Src/main.o
                0x08000570                Nvm_GetPage
 .text.FBL_NvM_EraseFlash_APPL
                0x0800059e       0x52 ./Core/Src/main.o
                0x0800059e                FBL_NvM_EraseFlash_APPL
 .text.FBL_NvM_FlashWriteData
                0x080005f0       0x3c ./Core/Src/main.o
                0x080005f0                FBL_NvM_FlashWriteData
 .text.FBL_StoreApplicationCrc
                0x0800062c       0x3e ./Core/Src/main.o
 .text.FBL_IsValidApplication
                0x0800066a       0x4c ./Core/Src/main.o
 .text.FBL_NvM_FlashReadData
                0x080006b6       0x24 ./Core/Src/main.o
                0x080006b6                FBL_NvM_FlashReadData
 .text.FBL_JumpToAppl
                0x080006da       0x62 ./Core/Src/main.o
                0x080006da                FBL_JumpToAppl
 .text.FBL_DiagService_ER_HardReset
                0x0800073c       0x16 ./Core/Src/main.o
                0x0800073c                FBL_DiagService_ER_HardReset
 .text.FBL_ProcessUds
                0x08000752      0x494 ./Core/Src/main.o
 .text.IsoTp_OnCanRx
                0x08000be6      0x220 ./Core/Src/main.o
 .text.HAL_CAN_RxFifo0MsgPendingCallback
                0x08000e06       0x36 ./Core/Src/main.o
                0x08000e06                HAL_CAN_RxFifo0MsgPendingCallback
 .text.Error_Handler
                0x08000e3c        0x6 ./Core/Src/main.o
                0x08000e3c                Error_Handler
 .text.SystemClock_Config
                0x08000e42       0x64 ./Core/Src/main.o
                0x08000e42                SystemClock_Config
 .text.main     0x08000ea6      0x13c ./Core/Src/main.o
                0x08000ea6                main
 .text.HAL_MspInit
                0x08000fe2       0x44 ./Core/Src/stm32f1xx_hal_msp.o
                0x08000fe2                HAL_MspInit
 .text.__NVIC_SystemReset
                0x08001026       0x24 ./Core/Src/stm32f1xx_it.o
 .text.NMI_Handler
                0x0800104a        0x6 ./Core/Src/stm32f1xx_it.o
                0x0800104a                NMI_Handler
 .text.HardFault_Handler
                0x08001050        0x6 ./Core/Src/stm32f1xx_it.o
                0x08001050                HardFault_Handler
 .text.MemManage_Handler
                0x08001056        0x6 ./Core/Src/stm32f1xx_it.o
                0x08001056                MemManage_Handler
 .text.BusFault_Handler
                0x0800105c        0x6 ./Core/Src/stm32f1xx_it.o
                0x0800105c                BusFault_Handler
 .text.UsageFault_Handler
                0x08001062        0x6 ./Core/Src/stm32f1xx_it.o
                0x08001062                UsageFault_Handler
 .text.SVC_Handler
                0x08001068        0x2 ./Core/Src/stm32f1xx_it.o
                0x08001068                SVC_Handler
 .text.DebugMon_Handler
                0x0800106a        0x2 ./Core/Src/stm32f1xx_it.o
                0x0800106a                DebugMon_Handler
 .text.PendSV_Handler
                0x0800106c        0x2 ./Core/Src/stm32f1xx_it.o
                0x0800106c                PendSV_Handler
 .text.SysTick_Handler
                0x0800106e        0x8 ./Core/Src/stm32f1xx_it.o
                0x0800106e                SysTick_Handler
 .text.PVD_IRQHandler
                0x08001076        0x8 ./Core/Src/stm32f1xx_it.o
                0x08001076                PVD_IRQHandler
 .text.FLASH_IRQHandler
                0x0800107e        0x8 ./Core/Src/stm32f1xx_it.o
                0x0800107e                FLASH_IRQHandler
 .text.RCC_IRQHandler
                0x08001086        0x2 ./Core/Src/stm32f1xx_it.o
                0x08001086                RCC_IRQHandler
 .text.USB_HP_CAN1_TX_IRQHandler
                0x08001088       0x10 ./Core/Src/stm32f1xx_it.o
                0x08001088                USB_HP_CAN1_TX_IRQHandler
 .text.USB_LP_CAN1_RX0_IRQHandler
                0x08001098       0x10 ./Core/Src/stm32f1xx_it.o
                0x08001098                USB_LP_CAN1_RX0_IRQHandler
 .text.CAN1_RX1_IRQHandler
                0x080010a8       0x10 ./Core/Src/stm32f1xx_it.o
                0x080010a8                CAN1_RX1_IRQHandler
 .text.CAN1_SCE_IRQHandler
                0x080010b8       0x10 ./Core/Src/stm32f1xx_it.o
                0x080010b8                CAN1_SCE_IRQHandler
 .text.SystemInit
                0x080010c8        0x2 ./Core/Src/system_stm32f1xx.o
                0x080010c8                SystemInit
 *fill*         0x080010ca        0x2 
 .text.Reset_Handler
                0x080010cc       0x48 ./Core/Startup/startup_stm32f103c8tx.o
                0x080010cc                Reset_Handler
 .text.Default_Handler
                0x08001114        0x2 ./Core/Startup/startup_stm32f103c8tx.o
                0x08001114                RTC_Alarm_IRQHandler
                0x08001114                EXTI2_IRQHandler
                0x08001114                TIM1_CC_IRQHandler
                0x08001114                EXTI3_IRQHandler
                0x08001114                EXTI0_IRQHandler
                0x08001114                I2C2_EV_IRQHandler
                0x08001114                ADC1_2_IRQHandler
                0x08001114                SPI1_IRQHandler
                0x08001114                TAMPER_IRQHandler
                0x08001114                DMA1_Channel4_IRQHandler
                0x08001114                USART3_IRQHandler
                0x08001114                RTC_IRQHandler
                0x08001114                DMA1_Channel7_IRQHandler
                0x08001114                TIM4_IRQHandler
                0x08001114                I2C1_EV_IRQHandler
                0x08001114                DMA1_Channel6_IRQHandler
                0x08001114                TIM3_IRQHandler
                0x08001114                TIM1_TRG_COM_IRQHandler
                0x08001114                DMA1_Channel1_IRQHandler
                0x08001114                Default_Handler
                0x08001114                EXTI15_10_IRQHandler
                0x08001114                EXTI9_5_IRQHandler
                0x08001114                SPI2_IRQHandler
                0x08001114                DMA1_Channel5_IRQHandler
                0x08001114                EXTI4_IRQHandler
                0x08001114                DMA1_Channel3_IRQHandler
                0x08001114                TIM1_UP_IRQHandler
                0x08001114                WWDG_IRQHandler
                0x08001114                TIM2_IRQHandler
                0x08001114                TIM1_BRK_IRQHandler
                0x08001114                EXTI1_IRQHandler
                0x08001114                USART2_IRQHandler
                0x08001114                I2C2_ER_IRQHandler
                0x08001114                DMA1_Channel2_IRQHandler
                0x08001114                USART1_IRQHandler
                0x08001114                I2C1_ER_IRQHandler
                0x08001114                USBWakeUp_IRQHandler
 .text.HAL_InitTick
                0x08001116       0x50 ./Drivers/STM32F1xx_HAL_Driver/stm32f1xx_hal.o
                0x08001116                HAL_InitTick
 .text.HAL_Init
                0x08001166       0x26 ./Drivers/STM32F1xx_HAL_Driver/stm32f1xx_hal.o
                0x08001166                HAL_Init
 .text.HAL_IncTick
                0x0800118c       0x1a ./Drivers/STM32F1xx_HAL_Driver/stm32f1xx_hal.o
                0x0800118c                HAL_IncTick
 .text.HAL_GetTick
                0x080011a6        0xc ./Drivers/STM32F1xx_HAL_Driver/stm32f1xx_hal.o
                0x080011a6                HAL_GetTick
 .text.HAL_CAN_TxMailbox0CompleteCallback
                0x080011b2        0x2 ./Drivers/STM32F1xx_HAL_Driver/stm32f1xx_hal_can.o
                0x080011b2                HAL_CAN_TxMailbox0CompleteCallback
 .text.HAL_CAN_TxMailbox1CompleteCallback
                0x080011b4        0x2 ./Drivers/STM32F1xx_HAL_Driver/stm32f1xx_hal_can.o
                0x080011b4                HAL_CAN_TxMailbox1CompleteCallback
 .text.HAL_CAN_TxMailbox2CompleteCallback
                0x080011b6        0x2 ./Drivers/STM32F1xx_HAL_Driver/stm32f1xx_hal_can.o
                0x080011b6                HAL_CAN_TxMailbox2CompleteCallback
 .text.HAL_CAN_TxMailbox0AbortCallback
                0x080011b8        0x2 ./Drivers/STM32F1xx_HAL_Driver/stm32f1xx_hal_can.o
                0x080011b8                HAL_CAN_TxMailbox0AbortCallback
 .text.HAL_CAN_TxMailbox1AbortCallback
                0x080011ba        0x2 ./Drivers/STM32F1xx_HAL_Driver/stm32f1xx_hal_can.o
                0x080011ba                HAL_CAN_TxMailbox1AbortCallback
 .text.HAL_CAN_TxMailbox2AbortCallback
                0x080011bc        0x2 ./Drivers/STM32F1xx_HAL_Driver/stm32f1xx_hal_can.o
                0x080011bc                HAL_CAN_TxMailbox2AbortCallback
 .text.HAL_CAN_RxFifo0FullCallback
                0x080011be        0x2 ./Drivers/STM32F1xx_HAL_Driver/stm32f1xx_hal_can.o
                0x080011be                HAL_CAN_RxFifo0FullCallback
 .text.HAL_CAN_RxFifo1MsgPendingCallback
                0x080011c0        0x2 ./Drivers/STM32F1xx_HAL_Driver/stm32f1xx_hal_can.o
                0x080011c0                HAL_CAN_RxFifo1MsgPendingCallback
 .text.HAL_CAN_RxFifo1FullCallback
                0x080011c2        0x2 ./Drivers/STM32F1xx_HAL_Driver/stm32f1xx_hal_can.o
                0x080011c2                HAL_CAN_RxFifo1FullCallback
 .text.HAL_CAN_SleepCallback
                0x080011c4        0x2 ./Drivers/STM32F1xx_HAL_Driver/stm32f1xx_hal_can.o
                0x080011c4                HAL_CAN_SleepCallback
 .text.HAL_CAN_WakeUpFromRxMsgCallback
                0x080011c6        0x2 ./Drivers/STM32F1xx_HAL_Driver/stm32f1xx_hal_can.o
                0x080011c6                HAL_CAN_WakeUpFromRxMsgCallback
 .text.HAL_CAN_ErrorCallback
                0x080011c8        0x2 ./Drivers/STM32F1xx_HAL_Driver/stm32f1xx_hal_can.o
                0x080011c8                HAL_CAN_ErrorCallback
 .text.HAL_CAN_Init
                0x080011ca      0x1e0 ./Drivers/STM32F1xx_HAL_Driver/stm32f1xx_hal_can.o
                0x080011ca                HAL_CAN_Init
 .text.HAL_CAN_ConfigFilter
                0x080013aa      0x10c ./Drivers/STM32F1xx_HAL_Driver/stm32f1xx_hal_can.o
                0x080013aa                HAL_CAN_ConfigFilter
 .text.HAL_CAN_Start
                0x080014b6       0x5c ./Drivers/STM32F1xx_HAL_Driver/stm32f1xx_hal_can.o
                0x080014b6                HAL_CAN_Start
 .text.HAL_CAN_AddTxMessage
                0x08001512       0xea ./Drivers/STM32F1xx_HAL_Driver/stm32f1xx_hal_can.o
                0x08001512                HAL_CAN_AddTxMessage
 .text.HAL_CAN_GetRxMessage
                0x080015fc      0x16a ./Drivers/STM32F1xx_HAL_Driver/stm32f1xx_hal_can.o
                0x080015fc                HAL_CAN_GetRxMessage
 .text.HAL_CAN_ActivateNotification
                0x08001766       0x24 ./Drivers/STM32F1xx_HAL_Driver/stm32f1xx_hal_can.o
                0x08001766                HAL_CAN_ActivateNotification
 .text.HAL_CAN_IRQHandler
                0x0800178a      0x23a ./Drivers/STM32F1xx_HAL_Driver/stm32f1xx_hal_can.o
                0x0800178a                HAL_CAN_IRQHandler
 .text.__NVIC_SetPriority
                0x080019c4       0x2c ./Drivers/STM32F1xx_HAL_Driver/stm32f1xx_hal_cortex.o
 .text.NVIC_EncodePriority
                0x080019f0       0x3e ./Drivers/STM32F1xx_HAL_Driver/stm32f1xx_hal_cortex.o
 .text.HAL_NVIC_SetPriorityGrouping
                0x08001a2e       0x26 ./Drivers/STM32F1xx_HAL_Driver/stm32f1xx_hal_cortex.o
                0x08001a2e                HAL_NVIC_SetPriorityGrouping
 .text.HAL_NVIC_SetPriority
                0x08001a54       0x20 ./Drivers/STM32F1xx_HAL_Driver/stm32f1xx_hal_cortex.o
                0x08001a54                HAL_NVIC_SetPriority
 .text.HAL_NVIC_EnableIRQ
                0x08001a74       0x1c ./Drivers/STM32F1xx_HAL_Driver/stm32f1xx_hal_cortex.o
                0x08001a74                HAL_NVIC_EnableIRQ
 .text.HAL_SYSTICK_Config
                0x08001a90       0x2a ./Drivers/STM32F1xx_HAL_Driver/stm32f1xx_hal_cortex.o
                0x08001a90                HAL_SYSTICK_Config
 .text.HAL_NVIC_ClearPendingIRQ
                0x08001aba       0x1e ./Drivers/STM32F1xx_HAL_Driver/stm32f1xx_hal_cortex.o
                0x08001aba                HAL_NVIC_ClearPendingIRQ
 .text.HAL_CRC_Init
                0x08001ad8       0x1e ./Drivers/STM32F1xx_HAL_Driver/stm32f1xx_hal_crc.o
                0x08001ad8                HAL_CRC_Init
 .text.HAL_CRC_Calculate
                0x08001af6       0x48 ./Drivers/STM32F1xx_HAL_Driver/stm32f1xx_hal_crc.o
                0x08001af6                HAL_CRC_Calculate
 .text.FLASH_Program_HalfWord
                0x08001b3e       0x20 ./Drivers/STM32F1xx_HAL_Driver/stm32f1xx_hal_flash.o
 .text.FLASH_SetErrorCode
                0x08001b5e       0x9c ./Drivers/STM32F1xx_HAL_Driver/stm32f1xx_hal_flash.o
 .text.HAL_FLASH_EndOfOperationCallback
                0x08001bfa        0x2 ./Drivers/STM32F1xx_HAL_Driver/stm32f1xx_hal_flash.o
                0x08001bfa                HAL_FLASH_EndOfOperationCallback
 .text.HAL_FLASH_OperationErrorCallback
                0x08001bfc        0x2 ./Drivers/STM32F1xx_HAL_Driver/stm32f1xx_hal_flash.o
                0x08001bfc                HAL_FLASH_OperationErrorCallback
 .text.HAL_FLASH_IRQHandler
                0x08001bfe      0x1ee ./Drivers/STM32F1xx_HAL_Driver/stm32f1xx_hal_flash.o
                0x08001bfe                HAL_FLASH_IRQHandler
 .text.HAL_FLASH_Unlock
                0x08001dec       0x40 ./Drivers/STM32F1xx_HAL_Driver/stm32f1xx_hal_flash.o
                0x08001dec                HAL_FLASH_Unlock
 .text.HAL_FLASH_Lock
                0x08001e2c       0x14 ./Drivers/STM32F1xx_HAL_Driver/stm32f1xx_hal_flash.o
                0x08001e2c                HAL_FLASH_Lock
 .text.HAL_FLASH_GetError
                0x08001e40        0xc ./Drivers/STM32F1xx_HAL_Driver/stm32f1xx_hal_flash.o
                0x08001e40                HAL_FLASH_GetError
 .text.FLASH_WaitForLastOperation
                0x08001e4c       0x88 ./Drivers/STM32F1xx_HAL_Driver/stm32f1xx_hal_flash.o
                0x08001e4c                FLASH_WaitForLastOperation
 .text.HAL_FLASH_Program
                0x08001ed4       0xb2 ./Drivers/STM32F1xx_HAL_Driver/stm32f1xx_hal_flash.o
                0x08001ed4                HAL_FLASH_Program
 .text.FLASH_MassErase
                0x08001f86       0x26 ./Drivers/STM32F1xx_HAL_Driver/stm32f1xx_hal_flash_ex.o
 .text.FLASH_PageErase
                0x08001fac       0x28 ./Drivers/STM32F1xx_HAL_Driver/stm32f1xx_hal_flash_ex.o
                0x08001fac                FLASH_PageErase
 .text.HAL_FLASHEx_Erase
                0x08001fd4       0xbc ./Drivers/STM32F1xx_HAL_Driver/stm32f1xx_hal_flash_ex.o
                0x08001fd4                HAL_FLASHEx_Erase
 .text.HAL_GPIO_Init
                0x08002090      0x270 ./Drivers/STM32F1xx_HAL_Driver/stm32f1xx_hal_gpio.o
                0x08002090                HAL_GPIO_Init
 .text.HAL_GPIO_WritePin
                0x08002300        0xc ./Drivers/STM32F1xx_HAL_Driver/stm32f1xx_hal_gpio.o
                0x08002300                HAL_GPIO_WritePin
 .text.HAL_PWR_PVDCallback
                0x0800230c        0x2 ./Drivers/STM32F1xx_HAL_Driver/stm32f1xx_hal_pwr.o
                0x0800230c                HAL_PWR_PVDCallback
 .text.HAL_PWR_PVD_IRQHandler
                0x0800230e       0x28 ./Drivers/STM32F1xx_HAL_Driver/stm32f1xx_hal_pwr.o
                0x0800230e                HAL_PWR_PVD_IRQHandler
 .text.RCC_Delay
                0x08002336       0x30 ./Drivers/STM32F1xx_HAL_Driver/stm32f1xx_hal_rcc.o
 .text.HAL_RCC_OscConfig
                0x08002366      0x4f4 ./Drivers/STM32F1xx_HAL_Driver/stm32f1xx_hal_rcc.o
                0x08002366                HAL_RCC_OscConfig
 .text.HAL_RCC_GetSysClockFreq
                0x0800285a       0x68 ./Drivers/STM32F1xx_HAL_Driver/stm32f1xx_hal_rcc.o
                0x0800285a                HAL_RCC_GetSysClockFreq
 .text.HAL_RCC_ClockConfig
                0x080028c2      0x1c4 ./Drivers/STM32F1xx_HAL_Driver/stm32f1xx_hal_rcc.o
                0x080028c2                HAL_RCC_ClockConfig
 .text.memset   0x08002a86       0x10 C:/ST/STM32CubeIDE_1.16.0/STM32CubeIDE/plugins/com.st.stm32cube.ide.mcu.externaltools.gnu-tools-for-stm32.12.3.rel1.win32_1.0.200.202406191623/tools/bin/../lib/gcc/arm-none-eabi/12.3.1/../../../../arm-none-eabi/lib/thumb/v7-m/nofp\libc_nano.a(libc_a-memset.o)
                0x08002a86                memset
 *fill*         0x08002a96        0x2 
 .text.__libc_init_array
                0x08002a98       0x48 C:/ST/STM32CubeIDE_1.16.0/STM32CubeIDE/plugins/com.st.stm32cube.ide.mcu.externaltools.gnu-tools-for-stm32.12.3.rel1.win32_1.0.200.202406191623/tools/bin/../lib/gcc/arm-none-eabi/12.3.1/../../../../arm-none-eabi/lib/thumb/v7-m/nofp\libc_nano.a(libc_a-init.o)
                0x08002a98                __libc_init_array
 .text.memcpy   0x08002ae0       0x1c C:/ST/STM32CubeIDE_1.16.0/STM32CubeIDE/plugins/com.st.stm32cube.ide.mcu.externaltools.gnu-tools-for-stm32.12.3.rel1.win32_1.0.200.202406191623/tools/bin/../lib/gcc/arm-none-eabi/12.3.1/../../../../arm-none-eabi/lib/thumb/v7-m/nofp\libc_nano.a(libc_a-memcpy-stub.o)
                0x08002ae0                memcpy
 *(.glue_7)
 .glue_7        0x08002afc        0x0 linker stubs
 *(.glue_7t)
 .glue_7t       0x08002afc        0x0 linker stubs
 *(.eh_frame)
 .eh_frame      0x08002afc        0x0 C:/ST/STM32CubeIDE_1.16.0/STM32CubeIDE/plugins/com.st.stm32cube.ide.mcu.externaltools.gnu-tools-for-stm32.12.3.rel1.win32_1.0.200.202406191623/tools/bin/../lib/gcc/arm-none-eabi/12.3.1/thumb/v7-m/nofp/crtbegin.o
 *(.init)
 .init          0x08002afc        0x4 C:/ST/STM32CubeIDE_1.16.0/STM32CubeIDE/plugins/com.st.stm32cube.ide.mcu.externaltools.gnu-tools-for-stm32.12.3.rel1.win32_1.0.200.202406191623/tools/bin/../lib/gcc/arm-none-eabi/12.3.1/thumb/v7-m/nofp/crti.o
                0x08002afc                _init
 .init          0x08002b00        0x8 C:/ST/STM32CubeIDE_1.16.0/STM32CubeIDE/plugins/com.st.stm32cube.ide.mcu.externaltools.gnu-tools-for-stm32.12.3.rel1.win32_1.0.200.202406191623/tools/bin/../lib/gcc/arm-none-eabi/12.3.1/thumb/v7-m/nofp/crtn.o
 *(.fini)
 .fini          0x08002b08        0x4 C:/ST/STM32CubeIDE_1.16.0/STM32CubeIDE/plugins/com.st.stm32cube.ide.mcu.externaltools.gnu-tools-for-stm32.12.3.rel1.win32_1.0.200.202406191623/tools/bin/../lib/gcc/arm-none-eabi/12.3.1/thumb/v7-m/nofp/crti.o
                0x08002b08                _fini
 .fini          0x08002b0c        0x8 C:/ST/STM32CubeIDE_1.16.0/STM32CubeIDE/plugins/com.st.stm32cube.ide.mcu.externaltools.gnu-tools-for-stm32.12.3.rel1.win32_1.0.200.202406191623/tools/bin/../lib/gcc/arm-none-eabi/12.3.1/thumb/v7-m/nofp/crtn.o
                0x08002b14                        . = ALIGN (0x4)
                0x08002b14                        _etext = .

.vfp11_veneer   0x08002b14        0x0
 .vfp11_veneer  0x08002b14        0x0 linker stubs

.v4_bx          0x08002b14        0x0
 .v4_bx         0x08002b14        0x0 linker stubs

.iplt           0x08002b14        0x0
 .iplt          0x08002b14        0x0 C:/ST/STM32CubeIDE_1.16.0/STM32CubeIDE/plugins/com.st.stm32cube.ide.mcu.externaltools.gnu-tools-for-stm32.12.3.rel1.win32_1.0.200.202406191623/tools/bin/../lib/gcc/arm-none-eabi/12.3.1/thumb/v7-m/nofp/crtbegin.o

.rodata         0x08002b14       0x2c
                0x08002b14                        . = ALIGN (0x4)
 *(.rodata)
 *(.rodata*)
 .rodata.FBL_ProcessUds.str1.4
                0x08002b14        0x8 ./Core/Src/main.o
 .rodata.str1.4
                0x08002b1c        0x8 ./Core/Src/ram_blob.o
 .rodata.AHBPrescTable
                0x08002b1c       0x10 ./Core/Src/system_stm32f1xx.o
                0x08002b1c                AHBPrescTable
 .rodata.aPredivFactorTable.0
                0x08002b2c        0x2 ./Drivers/STM32F1xx_HAL_Driver/stm32f1xx_hal_rcc.o
 *fill*         0x08002b2e        0x2 
 .rodata.aPLLMULFactorTable.1
                0x08002b30       0x10 ./Drivers/STM32F1xx_HAL_Driver/stm32f1xx_hal_rcc.o
                0x08002b40                        . = ALIGN (0x4)

.ARM.extab      0x08002b40        0x0
                0x08002b40                        . = ALIGN (0x4)
 *(.ARM.extab* .gnu.linkonce.armextab.*)
                0x08002b40                        . = ALIGN (0x4)

.ARM            0x08002b40        0x0
                0x08002b40                        . = ALIGN (0x4)
                0x08002b40                        __exidx_start = .
 *(.ARM.exidx*)
                0x08002b40                        __exidx_end = .
                0x08002b40                        . = ALIGN (0x4)

.preinit_array  0x08002b40        0x0
                0x08002b40                        . = ALIGN (0x4)
                0x08002b40                        PROVIDE (__preinit_array_start = .)
 *(.preinit_array*)
                0x08002b40                        PROVIDE (__preinit_array_end = .)
                0x08002b40                        . = ALIGN (0x4)

.init_array     0x08002b40        0x4
                0x08002b40                        . = ALIGN (0x4)
                0x08002b40                        PROVIDE (__init_array_start = .)
 *(SORT_BY_NAME(.init_array.*))
 *(.init_array*)
 .init_array    0x08002b40        0x4 C:/ST/STM32CubeIDE_1.16.0/STM32CubeIDE/plugins/com.st.stm32cube.ide.mcu.externaltools.gnu-tools-for-stm32.12.3.rel1.win32_1.0.200.202406191623/tools/bin/../lib/gcc/arm-none-eabi/12.3.1/thumb/v7-m/nofp/crtbegin.o
                0x08002b44                        PROVIDE (__init_array_end = .)
                0x08002b44                        . = ALIGN (0x4)

.fini_array     0x08002b44        0x4
                0x08002b44                        . = ALIGN (0x4)
                [!provide]                        PROVIDE (__fini_array_start = .)
 *(SORT_BY_NAME(.fini_array.*))
 *(.fini_array*)
 .fini_array    0x08002b44        0x4 C:/ST/STM32CubeIDE_1.16.0/STM32CubeIDE/plugins/com.st.stm32cube.ide.mcu.externaltools.gnu-tools-for-stm32.12.3.rel1.win32_1.0.200.202406191623/tools/bin/../lib/gcc/arm-none-eabi/12.3.1/thumb/v7-m/nofp/crtbegin.o
                [!provide]                        PROVIDE (__fini_array_end = .)
                0x08002b48                        . = ALIGN (0x4)

.rel.dyn        0x08002b48        0x0
 .rel.iplt      0x08002b48        0x0 C:/ST/STM32CubeIDE_1.16.0/STM32CubeIDE/plugins/com.st.stm32cube.ide.mcu.externaltools.gnu-tools-for-stm32.12.3.rel1.win32_1.0.200.202406191623/tools/bin/../lib/gcc/arm-none-eabi/12.3.1/thumb/v7-m/nofp/crtbegin.o

.ram_blob       0x20000000      0xb94 load address 0x08002b48
                0x20000000                        . = ALIGN (0x4)
                0x20000000                        __ram_blob_vma_start = .
 *(.ram_blob_vectors)
 .ram_blob_vectors
                0x20000000       0x6c ./Core/Src/ram_blob.o
                0x20000000                ram_vectors
 *(.ram_blob_text*)
 .ram_blob_text
                0x2000006c      0xb14 ./Core/Src/ram_blob.o
                0x20000aaa                ram_updater_start
 *(.ram_blob_data*)
 .ram_blob_data
                0x20000b80       0x13 ./Core/Src/ram_blob.o
                0x20000b94                        . = ALIGN (0x4)
 *fill*         0x20000b93        0x1 
                0x20000b94                        __ram_blob_vma_end = .
                0x08002b48                        __ram_blob_load_start = LOADADDR (.ram_blob)
                0x080036dc                        __ram_blob_load_end = (LOADADDR (.ram_blob) + SIZEOF (.ram_blob))
                0x080036dc                        _sidata = LOADADDR (.data)

.data           0x20000b94       0x20 load address 0x080036dc
                0x20000b94                        . = ALIGN (0x4)
                0x20000b94                        _sdata = .
 *(.data)
 *(.data*)
 .data.ROM_APPL_START_ADDR
                0x20000b94        0x4 ./Core/Src/main.o
                0x20000b94                ROM_APPL_START_ADDR
 .data.FBL_ResetCounterFBL
                0x20000b98        0x4 ./Core/Src/main.o
                0x20000b98                FBL_ResetCounterFBL
 .data.FBL_DSC_Pointer
                0x20000b9c        0x4 ./Core/Src/main.o
                0x20000b9c                FBL_DSC_Pointer
 .data.FBL_DSC_State
                0x20000ba0        0x1 ./Core/Src/main.o
                0x20000ba0                FBL_DSC_State
 *fill*         0x20000ba1        0x3 
 .data.FBL_Dcm_SWV
                0x20000ba4        0x4 ./Core/Src/main.o
                0x20000ba4                FBL_Dcm_SWV
 .data.SystemCoreClock
                0x20000ba8        0x4 ./Core/Src/system_stm32f1xx.o
                0x20000ba8                SystemCoreClock
 .data.uwTickFreq
                0x20000bac        0x1 ./Drivers/STM32F1xx_HAL_Driver/stm32f1xx_hal.o
                0x20000bac                uwTickFreq
 *fill*         0x20000bad        0x3 
 .data.uwTickPrio
                0x20000bb0        0x4 ./Drivers/STM32F1xx_HAL_Driver/stm32f1xx_hal.o
                0x20000bb0                uwTickPrio
 *(.RamFunc)
 *(.RamFunc*)
                0x20000bb4                        . = ALIGN (0x4)
                0x20000bb4                        _edata = .

.igot.plt       0x20000bb4        0x0 load address 0x080036fc
 .igot.plt      0x20000bb4        0x0 C:/ST/STM32CubeIDE_1.16.0/STM32CubeIDE/plugins/com.st.stm32cube.ide.mcu.externaltools.gnu-tools-for-stm32.12.3.rel1.win32_1.0.200.202406191623/tools/bin/../lib/gcc/arm-none-eabi/12.3.1/thumb/v7-m/nofp/crtbegin.o
                0x20000bb4                        . = ALIGN (0x4)

.bss            0x20000bb8     0x13a8 load address 0x080036fc
                0x20000bb8                        _sbss = .
                0x20000bb8                        __bss_start__ = _sbss
 *(.bss)
 .bss           0x20000bb8       0x1c C:/ST/STM32CubeIDE_1.16.0/STM32CubeIDE/plugins/com.st.stm32cube.ide.mcu.externaltools.gnu-tools-for-stm32.12.3.rel1.win32_1.0.200.202406191623/tools/bin/../lib/gcc/arm-none-eabi/12.3.1/thumb/v7-m/nofp/crtbegin.o
 *(.bss*)
 .bss.notificationLocal.0
                0x20000bd4        0x4 ./Core/Src/can.o
 .bss.hcan      0x20000bd8       0x64 ./Core/Src/can.o
                0x20000bd8                hcan
 .bss.hcrc      0x20000c3c        0x8 ./Core/Src/crc.o
                0x20000c3c                hcrc
 .bss.app_entry.0
                0x20000c44        0x4 ./Core/Src/main.o
 .bss.EraseInitStruct.2
                0x20000c48       0x10 ./Core/Src/main.o
 .bss.appValid.3
                0x20000c58        0x1 ./Core/Src/main.o
 .bss.cntForCrc.4
                0x20000c59        0x1 ./Core/Src/main.o
 *fill*         0x20000c5a        0x2 
 .bss.FBL_DSC_Status
                0x20000c5c        0x4 ./Core/Src/main.o
                0x20000c5c                FBL_DSC_Status
 .bss.ROM_APPL_START_ADDR_storedValue
                0x20000c60        0x4 ./Core/Src/main.o
                0x20000c60                ROM_APPL_START_ADDR_storedValue
 .bss.FBL_ProgrammingAddress
                0x20000c64        0x4 ./Core/Src/main.o
                0x20000c64                FBL_ProgrammingAddress
 .bss.FBL_ProgrammingIndex
                0x20000c68        0x4 ./Core/Src/main.o
                0x20000c68                FBL_ProgrammingIndex
 .bss.FBL_TxMailbox
                0x20000c6c        0x4 ./Core/Src/main.o
                0x20000c6c                FBL_TxMailbox
 .bss.FBL_TxHeader
                0x20000c70       0x18 ./Core/Src/main.o
                0x20000c70                FBL_TxHeader
 .bss.FBL_RxHeader
                0x20000c88       0x1c ./Core/Src/main.o
                0x20000c88                FBL_RxHeader
 .bss.FBL_RxFrame
                0x20000ca4        0x8 ./Core/Src/main.o
                0x20000ca4                FBL_RxFrame
 .bss.FBL_PendingLen
                0x20000cac        0x1 ./Core/Src/main.o
                0x20000cac                FBL_PendingLen
 *fill*         0x20000cad        0x3 
 .bss.FBL_PendingBytes
                0x20000cb0        0x4 ./Core/Src/main.o
                0x20000cb0                FBL_PendingBytes
 .bss.FBL_BlockLength
                0x20000cb4        0x4 ./Core/Src/main.o
                0x20000cb4                FBL_BlockLength
 .bss.FBL_BlockStartAddr
                0x20000cb8        0x4 ./Core/Src/main.o
                0x20000cb8                FBL_BlockStartAddr
 .bss.isotp_rx_state
                0x20000cbc        0x1 ./Core/Src/main.o
                0x20000cbc                isotp_rx_state
 .bss.isotp_rx_sn
                0x20000cbd        0x1 ./Core/Src/main.o
                0x20000cbd                isotp_rx_sn
 .bss.isotp_rx_expected
                0x20000cbe        0x2 ./Core/Src/main.o
                0x20000cbe                isotp_rx_expected
 .bss.isotp_rx_len
                0x20000cc0        0x2 ./Core/Src/main.o
                0x20000cc0                isotp_rx_len
 *fill*         0x20000cc2        0x2 
 .bss.isotp_rx_buf
                0x20000cc4      0xfff ./Core/Src/main.o
                0x20000cc4                isotp_rx_buf
 .bss.g_run_ram_updater
                0x20001cc3        0x1 ./Core/Src/main.o
                0x20001cc3                g_run_ram_updater
 .bss.FBL_BytesReceived
                0x20001cc4        0x4 ./Core/Src/main.o
                0x20001cc4                FBL_BytesReceived
 .bss.isotp_rx_state
                0x20001cc8        0x1 ./Core/Src/ram_blob.o
 .bss.isotp_rx_sn
                0x20001cc9        0x1 ./Core/Src/ram_blob.o
 .bss.isotp_rx_expected
                0x20001cca        0x2 ./Core/Src/ram_blob.o
 .bss.isotp_rx_len
                0x20001ccc        0x2 ./Core/Src/ram_blob.o
 *fill*         0x20001cce        0x2 
 .bss.isotp_rx_buf_ram
                0x20001cd0      0x240 ./Core/Src/ram_blob.o
 .bss.pending_len
                0x20001f10        0x1 ./Core/Src/ram_blob.o
 *fill*         0x20001f11        0x3 
 .bss.pending_bytes
                0x20001f14        0x4 ./Core/Src/ram_blob.o
 .bss.bytes_received
                0x20001f18        0x4 ./Core/Src/ram_blob.o
 .bss.prog_addr
                0x20001f1c        0x4 ./Core/Src/ram_blob.o
 .bss.block_length
                0x20001f20        0x4 ./Core/Src/ram_blob.o
 .bss.block_start_addr
                0x20001f24        0x4 ./Core/Src/ram_blob.o
 .bss.tx        0x20001f28        0x8 ./Core/Src/ram_blob.o
 .bss.rx        0x20001f30        0x8 ./Core/Src/ram_blob.o
 .bss.uwTick    0x20001f38        0x4 ./Drivers/STM32F1xx_HAL_Driver/stm32f1xx_hal.o
                0x20001f38                uwTick
 *fill*         0x20001f3c        0x4 
 .bss.pFlash    0x20001f40       0x20 ./Drivers/STM32F1xx_HAL_Driver/stm32f1xx_hal_flash.o
                0x20001f40                pFlash
 *(COMMON)
                0x20001f60                        . = ALIGN (0x4)
                0x20001f60                        _ebss = .
                0x20001f60                        __bss_end__ = _ebss

._user_heap_stack
                0x20001f60      0x800 load address 0x080036fc
                0x20001f60                        . = ALIGN (0x8)
                [!provide]                        PROVIDE (end = .)
                0x20001f60                        PROVIDE (_end = .)
                0x20002360                        . = (. + _Min_Heap_Size)
 *fill*         0x20001f60      0x400 
                0x20002760                        . = (. + _Min_Stack_Size)
 *fill*         0x20002360      0x400 
                0x20002760                        . = ALIGN (0x8)

/DISCARD/
 libc.a(*)
 libm.a(*)
 libgcc.a(*)

.ARM.attributes
                0x00000000       0x29
 *(.ARM.attributes)
 .ARM.attributes
                0x00000000       0x1d C:/ST/STM32CubeIDE_1.16.0/STM32CubeIDE/plugins/com.st.stm32cube.ide.mcu.externaltools.gnu-tools-for-stm32.12.3.rel1.win32_1.0.200.202406191623/tools/bin/../lib/gcc/arm-none-eabi/12.3.1/thumb/v7-m/nofp/crti.o
 .ARM.attributes
                0x0000001d       0x2d C:/ST/STM32CubeIDE_1.16.0/STM32CubeIDE/plugins/com.st.stm32cube.ide.mcu.externaltools.gnu-tools-for-stm32.12.3.rel1.win32_1.0.200.202406191623/tools/bin/../lib/gcc/arm-none-eabi/12.3.1/thumb/v7-m/nofp/crtbegin.o
 .ARM.attributes
                0x0000004a       0x2d ./Core/Src/can.o
 .ARM.attributes
                0x00000077       0x2d ./Core/Src/crc.o
 .ARM.attributes
                0x000000a4       0x2d ./Core/Src/gpio.o
 .ARM.attributes
                0x000000d1       0x2d ./Core/Src/main.o
 .ARM.attributes
                0x000000fe       0x2d ./Core/Src/ram_blob.o
 .ARM.attributes
                0x0000012b       0x2d ./Core/Src/stm32f1xx_hal_msp.o
 .ARM.attributes
                0x00000158       0x2d ./Core/Src/stm32f1xx_it.o
 .ARM.attributes
                0x00000185       0x2d ./Core/Src/system_stm32f1xx.o
 .ARM.attributes
                0x000001b2       0x21 ./Core/Startup/startup_stm32f103c8tx.o
 .ARM.attributes
                0x000001d3       0x2d ./Drivers/STM32F1xx_HAL_Driver/stm32f1xx_hal.o
 .ARM.attributes
                0x00000200       0x2d ./Drivers/STM32F1xx_HAL_Driver/stm32f1xx_hal_can.o
 .ARM.attributes
                0x0000022d       0x2d ./Drivers/STM32F1xx_HAL_Driver/stm32f1xx_hal_cortex.o
 .ARM.attributes
                0x0000025a       0x2d ./Drivers/STM32F1xx_HAL_Driver/stm32f1xx_hal_crc.o
 .ARM.attributes
                0x00000287       0x2d ./Drivers/STM32F1xx_HAL_Driver/stm32f1xx_hal_flash.o
 .ARM.attributes
                0x000002b4       0x2d ./Drivers/STM32F1xx_HAL_Driver/stm32f1xx_hal_flash_ex.o
 .ARM.attributes
                0x000002e1       0x2d ./Drivers/STM32F1xx_HAL_Driver/stm32f1xx_hal_gpio.o
 .ARM.attributes
                0x0000030e       0x2d ./Drivers/STM32F1xx_HAL_Driver/stm32f1xx_hal_pwr.o
 .ARM.attributes
                0x0000033b       0x2d ./Drivers/STM32F1xx_HAL_Driver/stm32f1xx_hal_rcc.o
 .ARM.attributes
                0x00000368       0x2d C:/ST/STM32CubeIDE_1.16.0/STM32CubeIDE/plugins/com.st.stm32cube.ide.mcu.externaltools.gnu-tools-for-stm32.12.3.rel1.win32_1.0.200.202406191623/tools/bin/../lib/gcc/arm-none-eabi/12.3.1/../../../../arm-none-eabi/lib/thumb/v7-m/nofp\libc_nano.a(libc_a-memset.o)
 .ARM.attributes
                0x00000395       0x2d C:/ST/STM32CubeIDE_1.16.0/STM32CubeIDE/plugins/com.st.stm32cube.ide.mcu.externaltools.gnu-tools-for-stm32.12.3.rel1.win32_1.0.200.202406191623/tools/bin/../lib/gcc/arm-none-eabi/12.3.1/../../../../arm-none-eabi/lib/thumb/v7-m/nofp\libc_nano.a(libc_a-init.o)
 .ARM.attributes
                0x000003c2       0x2d C:/ST/STM32CubeIDE_1.16.0/STM32CubeIDE/plugins/com.st.stm32cube.ide.mcu.externaltools.gnu-tools-for-stm32.12.3.rel1.win32_1.0.200.202406191623/tools/bin/../lib/gcc/arm-none-eabi/12.3.1/../../../../arm-none-eabi/lib/thumb/v7-m/nofp\libc_nano.a(libc_a-memcpy-stub.o)
 .ARM.attributes
                0x000003ef       0x1d C:/ST/STM32CubeIDE_1.16.0/STM32CubeIDE/plugins/com.st.stm32cube.ide.mcu.externaltools.gnu-tools-for-stm32.12.3.rel1.win32_1.0.200.202406191623/tools/bin/../lib/gcc/arm-none-eabi/12.3.1/thumb/v7-m/nofp/crtn.o
OUTPUT(ELC_FBL.elf elf32-littlearm)
LOAD linker stubs
LOAD C:/ST/STM32CubeIDE_1.16.0/STM32CubeIDE/plugins/com.st.stm32cube.ide.mcu.externaltools.gnu-tools-for-stm32.12.3.rel1.win32_1.0.200.202406191623/tools/bin/../lib/gcc/arm-none-eabi/12.3.1/../../../../arm-none-eabi/lib/thumb/v7-m/nofp\libc.a
LOAD C:/ST/STM32CubeIDE_1.16.0/STM32CubeIDE/plugins/com.st.stm32cube.ide.mcu.externaltools.gnu-tools-for-stm32.12.3.rel1.win32_1.0.200.202406191623/tools/bin/../lib/gcc/arm-none-eabi/12.3.1/../../../../arm-none-eabi/lib/thumb/v7-m/nofp\libm.a
LOAD C:/ST/STM32CubeIDE_1.16.0/STM32CubeIDE/plugins/com.st.stm32cube.ide.mcu.externaltools.gnu-tools-for-stm32.12.3.rel1.win32_1.0.200.202406191623/tools/bin/../lib/gcc/arm-none-eabi/12.3.1/thumb/v7-m/nofp\libgcc.a

.debug_info     0x00000000     0xa392
 .debug_info    0x00000000      0xb24 ./Core/Src/can.o
 .debug_info    0x00000b24      0x33e ./Core/Src/crc.o
 .debug_info    0x00000e62      0x391 ./Core/Src/gpio.o
 .debug_info    0x000011f3     0x22d5 ./Core/Src/main.o
 .debug_info    0x000034c8      0xe85 ./Core/Src/ram_blob.o
 .debug_info    0x0000434d      0x1f8 ./Core/Src/stm32f1xx_hal_msp.o
 .debug_info    0x00004545      0x8e9 ./Core/Src/stm32f1xx_it.o
 .debug_info    0x00004e2e      0x231 ./Core/Src/system_stm32f1xx.o
 .debug_info    0x0000505f       0x30 ./Core/Startup/startup_stm32f103c8tx.o
 .debug_info    0x0000508f      0x7a6 ./Drivers/STM32F1xx_HAL_Driver/stm32f1xx_hal.o
 .debug_info    0x00005835     0x13c9 ./Drivers/STM32F1xx_HAL_Driver/stm32f1xx_hal_can.o
 .debug_info    0x00006bfe      0xcb1 ./Drivers/STM32F1xx_HAL_Driver/stm32f1xx_hal_cortex.o
 .debug_info    0x000078af      0x3c0 ./Drivers/STM32F1xx_HAL_Driver/stm32f1xx_hal_crc.o
 .debug_info    0x00007c6f      0x64a ./Drivers/STM32F1xx_HAL_Driver/stm32f1xx_hal_flash.o
 .debug_info    0x000082b9      0xa9c ./Drivers/STM32F1xx_HAL_Driver/stm32f1xx_hal_flash_ex.o
 .debug_info    0x00008d55      0x608 ./Drivers/STM32F1xx_HAL_Driver/stm32f1xx_hal_gpio.o
 .debug_info    0x0000935d      0x673 ./Drivers/STM32F1xx_HAL_Driver/stm32f1xx_hal_pwr.o
 .debug_info    0x000099d0      0x9c2 ./Drivers/STM32F1xx_HAL_Driver/stm32f1xx_hal_rcc.o

.debug_abbrev   0x00000000     0x273d
 .debug_abbrev  0x00000000      0x273 ./Core/Src/can.o
 .debug_abbrev  0x00000273      0x1a6 ./Core/Src/crc.o
 .debug_abbrev  0x00000419      0x153 ./Core/Src/gpio.o
 .debug_abbrev  0x0000056c      0x56e ./Core/Src/main.o
 .debug_abbrev  0x00000ada      0x2d6 ./Core/Src/ram_blob.o
 .debug_abbrev  0x00000db0       0xef ./Core/Src/stm32f1xx_hal_msp.o
 .debug_abbrev  0x00000e9f      0x223 ./Core/Src/stm32f1xx_it.o
 .debug_abbrev  0x000010c2      0x145 ./Core/Src/system_stm32f1xx.o
 .debug_abbrev  0x00001207       0x24 ./Core/Startup/startup_stm32f103c8tx.o
 .debug_abbrev  0x0000122b      0x22f ./Drivers/STM32F1xx_HAL_Driver/stm32f1xx_hal.o
 .debug_abbrev  0x0000145a      0x278 ./Drivers/STM32F1xx_HAL_Driver/stm32f1xx_hal_can.o
 .debug_abbrev  0x000016d2      0x36f ./Drivers/STM32F1xx_HAL_Driver/stm32f1xx_hal_cortex.o
 .debug_abbrev  0x00001a41      0x1d9 ./Drivers/STM32F1xx_HAL_Driver/stm32f1xx_hal_crc.o
 .debug_abbrev  0x00001c1a      0x253 ./Drivers/STM32F1xx_HAL_Driver/stm32f1xx_hal_flash.o
 .debug_abbrev  0x00001e6d      0x24a ./Drivers/STM32F1xx_HAL_Driver/stm32f1xx_hal_flash_ex.o
 .debug_abbrev  0x000020b7      0x1f9 ./Drivers/STM32F1xx_HAL_Driver/stm32f1xx_hal_gpio.o
 .debug_abbrev  0x000022b0      0x1eb ./Drivers/STM32F1xx_HAL_Driver/stm32f1xx_hal_pwr.o
 .debug_abbrev  0x0000249b      0x2a2 ./Drivers/STM32F1xx_HAL_Driver/stm32f1xx_hal_rcc.o

.debug_loclists
                0x00000000     0x33a2
 .debug_loclists
                0x00000000       0x5c ./Core/Src/can.o
 .debug_loclists
                0x0000005c      0x950 ./Core/Src/main.o
 .debug_loclists
                0x000009ac      0xa7f ./Core/Src/ram_blob.o
 .debug_loclists
                0x0000142b       0x17 ./Core/Src/stm32f1xx_hal_msp.o
 .debug_loclists
                0x00001442       0xb4 ./Core/Src/system_stm32f1xx.o
 .debug_loclists
                0x000014f6       0xbf ./Drivers/STM32F1xx_HAL_Driver/stm32f1xx_hal.o
 .debug_loclists
                0x000015b5      0x948 ./Drivers/STM32F1xx_HAL_Driver/stm32f1xx_hal_can.o
 .debug_loclists
                0x00001efd      0x422 ./Drivers/STM32F1xx_HAL_Driver/stm32f1xx_hal_cortex.o
 .debug_loclists
                0x0000231f      0x141 ./Drivers/STM32F1xx_HAL_Driver/stm32f1xx_hal_crc.o
 .debug_loclists
                0x00002460      0x257 ./Drivers/STM32F1xx_HAL_Driver/stm32f1xx_hal_flash.o
 .debug_loclists
                0x000026b7      0x50e ./Drivers/STM32F1xx_HAL_Driver/stm32f1xx_hal_flash_ex.o
 .debug_loclists
                0x00002bc5      0x2fd ./Drivers/STM32F1xx_HAL_Driver/stm32f1xx_hal_gpio.o
 .debug_loclists
                0x00002ec2       0xd0 ./Drivers/STM32F1xx_HAL_Driver/stm32f1xx_hal_pwr.o
 .debug_loclists
                0x00002f92      0x410 ./Drivers/STM32F1xx_HAL_Driver/stm32f1xx_hal_rcc.o

.debug_aranges  0x00000000      0x8e0
 .debug_aranges
                0x00000000       0x30 ./Core/Src/can.o
 .debug_aranges
                0x00000030       0x30 ./Core/Src/crc.o
 .debug_aranges
                0x00000060       0x20 ./Core/Src/gpio.o
 .debug_aranges
                0x00000080       0xc0 ./Core/Src/main.o
 .debug_aranges
                0x00000140       0xa8 ./Core/Src/ram_blob.o
 .debug_aranges
                0x000001e8       0x20 ./Core/Src/stm32f1xx_hal_msp.o
 .debug_aranges
                0x00000208       0xa0 ./Core/Src/stm32f1xx_it.o
 .debug_aranges
                0x000002a8       0x28 ./Core/Src/system_stm32f1xx.o
 .debug_aranges
                0x000002d0       0x28 ./Core/Startup/startup_stm32f103c8tx.o
 .debug_aranges
                0x000002f8       0xe0 ./Drivers/STM32F1xx_HAL_Driver/stm32f1xx_hal.o
 .debug_aranges
                0x000003d8      0x148 ./Drivers/STM32F1xx_HAL_Driver/stm32f1xx_hal_can.o
 .debug_aranges
                0x00000520       0xc0 ./Drivers/STM32F1xx_HAL_Driver/stm32f1xx_hal_cortex.o
 .debug_aranges
                0x000005e0       0x50 ./Drivers/STM32F1xx_HAL_Driver/stm32f1xx_hal_crc.o
 .debug_aranges
                0x00000630       0x88 ./Drivers/STM32F1xx_HAL_Driver/stm32f1xx_hal_flash.o
 .debug_aranges
                0x000006b8       0x98 ./Drivers/STM32F1xx_HAL_Driver/stm32f1xx_hal_flash_ex.o
 .debug_aranges
                0x00000750       0x58 ./Drivers/STM32F1xx_HAL_Driver/stm32f1xx_hal_gpio.o
 .debug_aranges
                0x000007a8       0xa8 ./Drivers/STM32F1xx_HAL_Driver/stm32f1xx_hal_pwr.o
 .debug_aranges
                0x00000850       0x90 ./Drivers/STM32F1xx_HAL_Driver/stm32f1xx_hal_rcc.o

.debug_rnglists
                0x00000000      0x74a
 .debug_rnglists
                0x00000000       0x20 ./Core/Src/can.o
 .debug_rnglists
                0x00000020       0x1f ./Core/Src/crc.o
 .debug_rnglists
                0x0000003f       0x14 ./Core/Src/gpio.o
 .debug_rnglists
                0x00000053      0x119 ./Core/Src/main.o
 .debug_rnglists
                0x0000016c       0xba ./Core/Src/ram_blob.o
 .debug_rnglists
                0x00000226       0x13 ./Core/Src/stm32f1xx_hal_msp.o
 .debug_rnglists
                0x00000239       0x73 ./Core/Src/stm32f1xx_it.o
 .debug_rnglists
                0x000002ac       0x1a ./Core/Src/system_stm32f1xx.o
 .debug_rnglists
                0x000002c6       0x19 ./Core/Startup/startup_stm32f103c8tx.o
 .debug_rnglists
                0x000002df       0xa3 ./Drivers/STM32F1xx_HAL_Driver/stm32f1xx_hal.o
 .debug_rnglists
                0x00000382       0xf8 ./Drivers/STM32F1xx_HAL_Driver/stm32f1xx_hal_can.o
 .debug_rnglists
                0x0000047a       0x8b ./Drivers/STM32F1xx_HAL_Driver/stm32f1xx_hal_cortex.o
 .debug_rnglists
                0x00000505       0x37 ./Drivers/STM32F1xx_HAL_Driver/stm32f1xx_hal_crc.o
 .debug_rnglists
                0x0000053c       0x66 ./Drivers/STM32F1xx_HAL_Driver/stm32f1xx_hal_flash.o
 .debug_rnglists
                0x000005a2       0x71 ./Drivers/STM32F1xx_HAL_Driver/stm32f1xx_hal_flash_ex.o
 .debug_rnglists
                0x00000613       0x3f ./Drivers/STM32F1xx_HAL_Driver/stm32f1xx_hal_gpio.o
 .debug_rnglists
                0x00000652       0x7a ./Drivers/STM32F1xx_HAL_Driver/stm32f1xx_hal_pwr.o
 .debug_rnglists
                0x000006cc       0x7e ./Drivers/STM32F1xx_HAL_Driver/stm32f1xx_hal_rcc.o

.debug_macro    0x00000000    0x17696
 .debug_macro   0x00000000      0x1ac ./Core/Src/can.o
 .debug_macro   0x000001ac      0xaa8 ./Core/Src/can.o
 .debug_macro   0x00000c54      0x20f ./Core/Src/can.o
 .debug_macro   0x00000e63       0x2e ./Core/Src/can.o
 .debug_macro   0x00000e91       0x22 ./Core/Src/can.o
 .debug_macro   0x00000eb3       0x22 ./Core/Src/can.o
 .debug_macro   0x00000ed5       0x8e ./Core/Src/can.o
 .debug_macro   0x00000f63       0x51 ./Core/Src/can.o
 .debug_macro   0x00000fb4      0x103 ./Core/Src/can.o
 .debug_macro   0x000010b7       0x6a ./Core/Src/can.o
 .debug_macro   0x00001121      0x1df ./Core/Src/can.o
 .debug_macro   0x00001300       0x1c ./Core/Src/can.o
 .debug_macro   0x0000131c       0x22 ./Core/Src/can.o
 .debug_macro   0x0000133e       0xbd ./Core/Src/can.o
 .debug_macro   0x000013fb      0xd23 ./Core/Src/can.o
 .debug_macro   0x0000211e     0xe09e ./Core/Src/can.o
 .debug_macro   0x000101bc       0x6d ./Core/Src/can.o
 .debug_macro   0x00010229     0x348d ./Core/Src/can.o
 .debug_macro   0x000136b6      0x189 ./Core/Src/can.o
 .debug_macro   0x0001383f       0x5c ./Core/Src/can.o
 .debug_macro   0x0001389b      0x5bc ./Core/Src/can.o
 .debug_macro   0x00013e57      0x289 ./Core/Src/can.o
 .debug_macro   0x000140e0      0x1cb ./Core/Src/can.o
 .debug_macro   0x000142ab      0x114 ./Core/Src/can.o
 .debug_macro   0x000143bf      0x1b2 ./Core/Src/can.o
 .debug_macro   0x00014571       0x27 ./Core/Src/can.o
 .debug_macro   0x00014598      0x136 ./Core/Src/can.o
 .debug_macro   0x000146ce      0x1bc ./Core/Src/can.o
 .debug_macro   0x0001488a       0x34 ./Core/Src/can.o
 .debug_macro   0x000148be       0x3c ./Core/Src/can.o
 .debug_macro   0x000148fa      0x40f ./Core/Src/can.o
 .debug_macro   0x00014d09       0x57 ./Core/Src/can.o
 .debug_macro   0x00014d60       0x22 ./Core/Src/can.o
 .debug_macro   0x00014d82       0x87 ./Core/Src/can.o
 .debug_macro   0x00014e09      0x240 ./Core/Src/can.o
 .debug_macro   0x00015049      0x140 ./Core/Src/can.o
 .debug_macro   0x00015189       0x83 ./Core/Src/can.o
 .debug_macro   0x0001520c      0x1ac ./Core/Src/crc.o
 .debug_macro   0x000153b8      0x1ac ./Core/Src/gpio.o
 .debug_macro   0x00015564      0x2f8 ./Core/Src/main.o
 .debug_macro   0x0001585c       0x61 ./Core/Src/main.o
 .debug_macro   0x000158bd       0x24 ./Core/Src/main.o
 .debug_macro   0x000158e1       0x43 ./Core/Src/main.o
 .debug_macro   0x00015924       0x34 ./Core/Src/main.o
 .debug_macro   0x00015958       0x16 ./Core/Src/main.o
 .debug_macro   0x0001596e       0x43 ./Core/Src/main.o
 .debug_macro   0x000159b1       0x34 ./Core/Src/main.o
 .debug_macro   0x000159e5       0x10 ./Core/Src/main.o
 .debug_macro   0x000159f5       0x58 ./Core/Src/main.o
 .debug_macro   0x00015a4d       0x8e ./Core/Src/main.o
 .debug_macro   0x00015adb       0x1c ./Core/Src/main.o
 .debug_macro   0x00015af7      0x177 ./Core/Src/main.o
 .debug_macro   0x00015c6e      0x369 ./Core/Src/main.o
 .debug_macro   0x00015fd7       0x10 ./Core/Src/main.o
 .debug_macro   0x00015fe7       0x35 ./Core/Src/main.o
 .debug_macro   0x0001601c       0x20 ./Core/Src/main.o
 .debug_macro   0x0001603c      0x201 ./Core/Src/ram_blob.o
 .debug_macro   0x0001623d      0x1a2 ./Core/Src/stm32f1xx_hal_msp.o
 .debug_macro   0x000163df      0x1ac ./Core/Src/stm32f1xx_it.o
 .debug_macro   0x0001658b      0x198 ./Core/Src/system_stm32f1xx.o
 .debug_macro   0x00016723      0x1bc ./Drivers/STM32F1xx_HAL_Driver/stm32f1xx_hal.o
 .debug_macro   0x000168df      0x1a0 ./Drivers/STM32F1xx_HAL_Driver/stm32f1xx_hal_can.o
 .debug_macro   0x00016a7f      0x198 ./Drivers/STM32F1xx_HAL_Driver/stm32f1xx_hal_cortex.o
 .debug_macro   0x00016c17      0x198 ./Drivers/STM32F1xx_HAL_Driver/stm32f1xx_hal_crc.o
 .debug_macro   0x00016daf      0x198 ./Drivers/STM32F1xx_HAL_Driver/stm32f1xx_hal_flash.o
 .debug_macro   0x00016f47      0x1aa ./Drivers/STM32F1xx_HAL_Driver/stm32f1xx_hal_flash_ex.o
 .debug_macro   0x000170f1      0x203 ./Drivers/STM32F1xx_HAL_Driver/stm32f1xx_hal_gpio.o
 .debug_macro   0x000172f4      0x1f8 ./Drivers/STM32F1xx_HAL_Driver/stm32f1xx_hal_pwr.o
 .debug_macro   0x000174ec      0x1aa ./Drivers/STM32F1xx_HAL_Driver/stm32f1xx_hal_rcc.o

.debug_line     0x00000000     0xe0bf
 .debug_line    0x00000000      0x934 ./Core/Src/can.o
 .debug_line    0x00000934      0x836 ./Core/Src/crc.o
 .debug_line    0x0000116a      0x860 ./Core/Src/gpio.o
 .debug_line    0x000019ca     0x1869 ./Core/Src/main.o
 .debug_line    0x00003233     0x1104 ./Core/Src/ram_blob.o
 .debug_line    0x00004337      0x7de ./Core/Src/stm32f1xx_hal_msp.o
 .debug_line    0x00004b15      0x980 ./Core/Src/stm32f1xx_it.o
 .debug_line    0x00005495      0x879 ./Core/Src/system_stm32f1xx.o
 .debug_line    0x00005d0e       0x78 ./Core/Startup/startup_stm32f103c8tx.o
 .debug_line    0x00005d86      0xb2b ./Drivers/STM32F1xx_HAL_Driver/stm32f1xx_hal.o
 .debug_line    0x000068b1     0x1bc8 ./Drivers/STM32F1xx_HAL_Driver/stm32f1xx_hal_can.o
 .debug_line    0x00008479      0xd2f ./Drivers/STM32F1xx_HAL_Driver/stm32f1xx_hal_cortex.o
 .debug_line    0x000091a8      0xa09 ./Drivers/STM32F1xx_HAL_Driver/stm32f1xx_hal_crc.o
 .debug_line    0x00009bb1      0xd86 ./Drivers/STM32F1xx_HAL_Driver/stm32f1xx_hal_flash.o
 .debug_line    0x0000a937      0xf37 ./Drivers/STM32F1xx_HAL_Driver/stm32f1xx_hal_flash_ex.o
 .debug_line    0x0000b86e      0xbeb ./Drivers/STM32F1xx_HAL_Driver/stm32f1xx_hal_gpio.o
 .debug_line    0x0000c459      0xa77 ./Drivers/STM32F1xx_HAL_Driver/stm32f1xx_hal_pwr.o
 .debug_line    0x0000ced0     0x11ef ./Drivers/STM32F1xx_HAL_Driver/stm32f1xx_hal_rcc.o

.debug_str      0x00000000    0x83d30
 .debug_str     0x00000000    0x7d3fc ./Core/Src/can.o
                              0x7d919 (size before relaxing)
 .debug_str     0x0007d3fc      0x131 ./Core/Src/crc.o
                              0x7d1d2 (size before relaxing)
 .debug_str     0x0007d52d       0x68 ./Core/Src/gpio.o
                              0x7d0e9 (size before relaxing)
 .debug_str     0x0007d595     0x3c2a ./Core/Src/main.o
                              0x81508 (size before relaxing)
 .debug_str     0x000811bf      0xc1a ./Core/Src/ram_blob.o
                               0x4bb9 (size before relaxing)
 .debug_str     0x00081dd9       0x50 ./Core/Src/stm32f1xx_hal_msp.o
                              0x7d071 (size before relaxing)
 .debug_str     0x00081e29      0x13f ./Core/Src/stm32f1xx_it.o
                              0x7d5ce (size before relaxing)
 .debug_str     0x00081f68       0x7e ./Core/Src/system_stm32f1xx.o
                              0x7d09c (size before relaxing)
 .debug_str     0x00081fe6       0x44 ./Core/Startup/startup_stm32f103c8tx.o
                                 0x7e (size before relaxing)
 .debug_str     0x0008202a      0x3aa ./Drivers/STM32F1xx_HAL_Driver/stm32f1xx_hal.o
                              0x7d808 (size before relaxing)
 .debug_str     0x000823d4      0x623 ./Drivers/STM32F1xx_HAL_Driver/stm32f1xx_hal_can.o
                              0x7dc41 (size before relaxing)
 .debug_str     0x000829f7      0x232 ./Drivers/STM32F1xx_HAL_Driver/stm32f1xx_hal_cortex.o
                              0x7d754 (size before relaxing)
 .debug_str     0x00082c29       0xc4 ./Drivers/STM32F1xx_HAL_Driver/stm32f1xx_hal_crc.o
                              0x7d217 (size before relaxing)
 .debug_str     0x00082ced      0x26c ./Drivers/STM32F1xx_HAL_Driver/stm32f1xx_hal_flash.o
                              0x7d3b0 (size before relaxing)
 .debug_str     0x00082f59      0x345 ./Drivers/STM32F1xx_HAL_Driver/stm32f1xx_hal_flash_ex.o
                              0x7d55e (size before relaxing)
 .debug_str     0x0008329e      0x31a ./Drivers/STM32F1xx_HAL_Driver/stm32f1xx_hal_gpio.o
                              0x7d45b (size before relaxing)
 .debug_str     0x000835b8      0x522 ./Drivers/STM32F1xx_HAL_Driver/stm32f1xx_hal_pwr.o
                              0x7d60c (size before relaxing)
 .debug_str     0x00083ada      0x256 ./Drivers/STM32F1xx_HAL_Driver/stm32f1xx_hal_rcc.o
                              0x7d504 (size before relaxing)

.comment        0x00000000       0x43
 .comment       0x00000000       0x43 ./Core/Src/can.o
                                 0x44 (size before relaxing)
 .comment       0x00000043       0x44 ./Core/Src/crc.o
 .comment       0x00000043       0x44 ./Core/Src/gpio.o
 .comment       0x00000043       0x44 ./Core/Src/main.o
 .comment       0x00000043       0x44 ./Core/Src/ram_blob.o
 .comment       0x00000043       0x44 ./Core/Src/stm32f1xx_hal_msp.o
 .comment       0x00000043       0x44 ./Core/Src/stm32f1xx_it.o
 .comment       0x00000043       0x44 ./Core/Src/system_stm32f1xx.o
 .comment       0x00000043       0x44 ./Drivers/STM32F1xx_HAL_Driver/stm32f1xx_hal.o
 .comment       0x00000043       0x44 ./Drivers/STM32F1xx_HAL_Driver/stm32f1xx_hal_can.o
 .comment       0x00000043       0x44 ./Drivers/STM32F1xx_HAL_Driver/stm32f1xx_hal_cortex.o
 .comment       0x00000043       0x44 ./Drivers/STM32F1xx_HAL_Driver/stm32f1xx_hal_crc.o
 .comment       0x00000043       0x44 ./Drivers/STM32F1xx_HAL_Driver/stm32f1xx_hal_flash.o
 .comment       0x00000043       0x44 ./Drivers/STM32F1xx_HAL_Driver/stm32f1xx_hal_flash_ex.o
 .comment       0x00000043       0x44 ./Drivers/STM32F1xx_HAL_Driver/stm32f1xx_hal_gpio.o
 .comment       0x00000043       0x44 ./Drivers/STM32F1xx_HAL_Driver/stm32f1xx_hal_pwr.o
 .comment       0x00000043       0x44 ./Drivers/STM32F1xx_HAL_Driver/stm32f1xx_hal_rcc.o

.debug_frame    0x00000000     0x14e0
 .debug_frame   0x00000000       0x6c ./Core/Src/can.o
 .debug_frame   0x0000006c       0x50 ./Core/Src/crc.o
 .debug_frame   0x000000bc       0x38 ./Core/Src/gpio.o
 .debug_frame   0x000000f4      0x234 ./Core/Src/main.o
 .debug_frame   0x00000328      0x1d8 ./Core/Src/ram_blob.o
 .debug_frame   0x00000500       0x28 ./Core/Src/stm32f1xx_hal_msp.o
 .debug_frame   0x00000528      0x180 ./Core/Src/stm32f1xx_it.o
 .debug_frame   0x000006a8       0x30 ./Core/Src/system_stm32f1xx.o
 .debug_frame   0x000006d8      0x1cc ./Drivers/STM32F1xx_HAL_Driver/stm32f1xx_hal.o
 .debug_frame   0x000008a4      0x308 ./Drivers/STM32F1xx_HAL_Driver/stm32f1xx_hal_can.o
 .debug_frame   0x00000bac      0x19c ./Drivers/STM32F1xx_HAL_Driver/stm32f1xx_hal_cortex.o
 .debug_frame   0x00000d48       0xb8 ./Drivers/STM32F1xx_HAL_Driver/stm32f1xx_hal_crc.o
 .debug_frame   0x00000e00      0x130 ./Drivers/STM32F1xx_HAL_Driver/stm32f1xx_hal_flash.o
 .debug_frame   0x00000f30      0x194 ./Drivers/STM32F1xx_HAL_Driver/stm32f1xx_hal_flash_ex.o
 .debug_frame   0x000010c4       0xe4 ./Drivers/STM32F1xx_HAL_Driver/stm32f1xx_hal_gpio.o
 .debug_frame   0x000011a8      0x140 ./Drivers/STM32F1xx_HAL_Driver/stm32f1xx_hal_pwr.o
 .debug_frame   0x000012e8      0x184 ./Drivers/STM32F1xx_HAL_Driver/stm32f1xx_hal_rcc.o
 .debug_frame   0x0000146c       0x20 C:/ST/STM32CubeIDE_1.16.0/STM32CubeIDE/plugins/com.st.stm32cube.ide.mcu.externaltools.gnu-tools-for-stm32.12.3.rel1.win32_1.0.200.202406191623/tools/bin/../lib/gcc/arm-none-eabi/12.3.1/../../../../arm-none-eabi/lib/thumb/v7-m/nofp\libc_nano.a(libc_a-memset.o)
 .debug_frame   0x0000148c       0x2c C:/ST/STM32CubeIDE_1.16.0/STM32CubeIDE/plugins/com.st.stm32cube.ide.mcu.externaltools.gnu-tools-for-stm32.12.3.rel1.win32_1.0.200.202406191623/tools/bin/../lib/gcc/arm-none-eabi/12.3.1/../../../../arm-none-eabi/lib/thumb/v7-m/nofp\libc_nano.a(libc_a-init.o)
 .debug_frame   0x000014b8       0x28 C:/ST/STM32CubeIDE_1.16.0/STM32CubeIDE/plugins/com.st.stm32cube.ide.mcu.externaltools.gnu-tools-for-stm32.12.3.rel1.win32_1.0.200.202406191623/tools/bin/../lib/gcc/arm-none-eabi/12.3.1/../../../../arm-none-eabi/lib/thumb/v7-m/nofp\libc_nano.a(libc_a-memcpy-stub.o)

.debug_line_str
                0x00000000       0x62
 .debug_line_str
                0x00000000       0x62 ./Core/Startup/startup_stm32f103c8tx.o
