Archive member included to satisfy reference by file (symbol)

C:/ST/STM32CubeIDE_1.16.0/STM32CubeIDE/plugins/com.st.stm32cube.ide.mcu.externaltools.gnu-tools-for-stm32.12.3.rel1.win32_1.0.200.202406191623/tools/bin/../lib/gcc/arm-none-eabi/12.3.1/../../../../arm-none-eabi/lib/thumb/v7-m/nofp\libc_nano.a(libc_a-exit.o)
                              C:/ST/STM32CubeIDE_1.16.0/STM32CubeIDE/plugins/com.st.stm32cube.ide.mcu.externaltools.gnu-tools-for-stm32.12.3.rel1.win32_1.0.200.202406191623/tools/bin/../lib/gcc/arm-none-eabi/12.3.1/../../../../arm-none-eabi/lib/thumb/v7-m/nofp/crt0.o (exit)
C:/ST/STM32CubeIDE_1.16.0/STM32CubeIDE/plugins/com.st.stm32cube.ide.mcu.externaltools.gnu-tools-for-stm32.12.3.rel1.win32_1.0.200.202406191623/tools/bin/../lib/gcc/arm-none-eabi/12.3.1/../../../../arm-none-eabi/lib/thumb/v7-m/nofp\libc_nano.a(libc_a-findfp.o)
                              ./Middlewares/Third_Party/FreeRTOS/Source/tasks.o (__sf)
C:/ST/STM32CubeIDE_1.16.0/STM32CubeIDE/plugins/com.st.stm32cube.ide.mcu.externaltools.gnu-tools-for-stm32.12.3.rel1.win32_1.0.200.202406191623/tools/bin/../lib/gcc/arm-none-eabi/12.3.1/../../../../arm-none-eabi/lib/thumb/v7-m/nofp\libc_nano.a(libc_a-fwalk.o)
                              C:/ST/STM32CubeIDE_1.16.0/STM32CubeIDE/plugins/com.st.stm32cube.ide.mcu.externaltools.gnu-tools-for-stm32.12.3.rel1.win32_1.0.200.202406191623/tools/bin/../lib/gcc/arm-none-eabi/12.3.1/../../../../arm-none-eabi/lib/thumb/v7-m/nofp\libc_nano.a(libc_a-findfp.o) (_fwalk_sglue)
C:/ST/STM32CubeIDE_1.16.0/STM32CubeIDE/plugins/com.st.stm32cube.ide.mcu.externaltools.gnu-tools-for-stm32.12.3.rel1.win32_1.0.200.202406191623/tools/bin/../lib/gcc/arm-none-eabi/12.3.1/../../../../arm-none-eabi/lib/thumb/v7-m/nofp\libc_nano.a(libc_a-sprintf.o)
                              ./Middlewares/Third_Party/FreeRTOS/Source/tasks.o (sprintf)
C:/ST/STM32CubeIDE_1.16.0/STM32CubeIDE/plugins/com.st.stm32cube.ide.mcu.externaltools.gnu-tools-for-stm32.12.3.rel1.win32_1.0.200.202406191623/tools/bin/../lib/gcc/arm-none-eabi/12.3.1/../../../../arm-none-eabi/lib/thumb/v7-m/nofp\libc_nano.a(libc_a-stdio.o)
                              C:/ST/STM32CubeIDE_1.16.0/STM32CubeIDE/plugins/com.st.stm32cube.ide.mcu.externaltools.gnu-tools-for-stm32.12.3.rel1.win32_1.0.200.202406191623/tools/bin/../lib/gcc/arm-none-eabi/12.3.1/../../../../arm-none-eabi/lib/thumb/v7-m/nofp\libc_nano.a(libc_a-findfp.o) (__sread)
C:/ST/STM32CubeIDE_1.16.0/STM32CubeIDE/plugins/com.st.stm32cube.ide.mcu.externaltools.gnu-tools-for-stm32.12.3.rel1.win32_1.0.200.202406191623/tools/bin/../lib/gcc/arm-none-eabi/12.3.1/../../../../arm-none-eabi/lib/thumb/v7-m/nofp\libc_nano.a(libc_a-memset.o)
                              C:/ST/STM32CubeIDE_1.16.0/STM32CubeIDE/plugins/com.st.stm32cube.ide.mcu.externaltools.gnu-tools-for-stm32.12.3.rel1.win32_1.0.200.202406191623/tools/bin/../lib/gcc/arm-none-eabi/12.3.1/../../../../arm-none-eabi/lib/thumb/v7-m/nofp/crt0.o (memset)
C:/ST/STM32CubeIDE_1.16.0/STM32CubeIDE/plugins/com.st.stm32cube.ide.mcu.externaltools.gnu-tools-for-stm32.12.3.rel1.win32_1.0.200.202406191623/tools/bin/../lib/gcc/arm-none-eabi/12.3.1/../../../../arm-none-eabi/lib/thumb/v7-m/nofp\libc_nano.a(libc_a-closer.o)
                              C:/ST/STM32CubeIDE_1.16.0/STM32CubeIDE/plugins/com.st.stm32cube.ide.mcu.externaltools.gnu-tools-for-stm32.12.3.rel1.win32_1.0.200.202406191623/tools/bin/../lib/gcc/arm-none-eabi/12.3.1/../../../../arm-none-eabi/lib/thumb/v7-m/nofp\libc_nano.a(libc_a-stdio.o) (_close_r)
C:/ST/STM32CubeIDE_1.16.0/STM32CubeIDE/plugins/com.st.stm32cube.ide.mcu.externaltools.gnu-tools-for-stm32.12.3.rel1.win32_1.0.200.202406191623/tools/bin/../lib/gcc/arm-none-eabi/12.3.1/../../../../arm-none-eabi/lib/thumb/v7-m/nofp\libc_nano.a(libc_a-reent.o)
                              C:/ST/STM32CubeIDE_1.16.0/STM32CubeIDE/plugins/com.st.stm32cube.ide.mcu.externaltools.gnu-tools-for-stm32.12.3.rel1.win32_1.0.200.202406191623/tools/bin/../lib/gcc/arm-none-eabi/12.3.1/../../../../arm-none-eabi/lib/thumb/v7-m/nofp\libc_nano.a(libc_a-closer.o) (errno)
C:/ST/STM32CubeIDE_1.16.0/STM32CubeIDE/plugins/com.st.stm32cube.ide.mcu.externaltools.gnu-tools-for-stm32.12.3.rel1.win32_1.0.200.202406191623/tools/bin/../lib/gcc/arm-none-eabi/12.3.1/../../../../arm-none-eabi/lib/thumb/v7-m/nofp\libc_nano.a(libc_a-impure.o)
                              ./Middlewares/Third_Party/FreeRTOS/Source/tasks.o (_impure_ptr)
C:/ST/STM32CubeIDE_1.16.0/STM32CubeIDE/plugins/com.st.stm32cube.ide.mcu.externaltools.gnu-tools-for-stm32.12.3.rel1.win32_1.0.200.202406191623/tools/bin/../lib/gcc/arm-none-eabi/12.3.1/../../../../arm-none-eabi/lib/thumb/v7-m/nofp\libc_nano.a(libc_a-lseekr.o)
                              C:/ST/STM32CubeIDE_1.16.0/STM32CubeIDE/plugins/com.st.stm32cube.ide.mcu.externaltools.gnu-tools-for-stm32.12.3.rel1.win32_1.0.200.202406191623/tools/bin/../lib/gcc/arm-none-eabi/12.3.1/../../../../arm-none-eabi/lib/thumb/v7-m/nofp\libc_nano.a(libc_a-stdio.o) (_lseek_r)
[...]
Memory Configuration

Name             Origin             Length             Attributes
RAM              0x20000000         0x00004f80         xrw
FLASH            0x08003c00         0x0000bbfd         xr
NCR              0x20004fc0         0x00000040         xrw
*default*        0x00000000         0xffffffff

Linker script and memory map

LOAD C:/ST/STM32CubeIDE_1.16.0/STM32CubeIDE/plugins/com.st.stm32cube.ide.mcu.externaltools.gnu-tools-for-stm32.12.3.rel1.win32_1.0.200.202406191623/tools/bin/../lib/gcc/arm-none-eabi/12.3.1/thumb/v7-m/nofp/crti.o
LOAD C:/ST/STM32CubeIDE_1.16.0/STM32CubeIDE/plugins/com.st.stm32cube.ide.mcu.externaltools.gnu-tools-for-stm32.12.3.rel1.win32_1.0.200.202406191623/tools/bin/../lib/gcc/arm-none-eabi/12.3.1/thumb/v7-m/nofp/crtbegin.o
LOAD C:/ST/STM32CubeIDE_1.16.0/STM32CubeIDE/plugins/com.st.stm32cube.ide.mcu.externaltools.gnu-tools-for-stm32.12.3.rel1.win32_1.0.200.202406191623/tools/bin/../lib/gcc/arm-none-eabi/12.3.1/../../../../arm-none-eabi/lib/thumb/v7-m/nofp/crt0.o
LOAD ./APPL/SMon/SMon.o
LOAD ./BSW/Com/CanH/CanH.o
LOAD ./BSW/Diag/Dcm/Dcm.o
LOAD ./BSW/Diag/Dem/Dem.o
LOAD ./BSW/Nvm/Nvm.o
LOAD ./BSW/Sys/EcuM/EcuM.o
LOAD ./Core/Startup/startup_stm32f103c8tx.o
LOAD ./Drivers/STM32F1xx_HAL_Driver/Src/stm32f1xx_hal.o
LOAD ./Drivers/STM32F1xx_HAL_Driver/Src/stm32f1xx_hal_adc.o
LOAD ./Drivers/STM32F1xx_HAL_Driver/Src/stm32f1xx_hal_adc_ex.o
LOAD ./Drivers/STM32F1xx_HAL_Driver/Src/stm32f1xx_hal_can.o
LOAD ./Drivers/STM32F1xx_HAL_Driver/Src/stm32f1xx_hal_cortex.o
LOAD ./Drivers/STM32F1xx_HAL_Driver/Src/stm32f1xx_hal_crc.o
LOAD ./Drivers/STM32F1xx_HAL_Driver/Src/stm32f1xx_hal_dma.o
LOAD ./Drivers/STM32F1xx_HAL_Driver/Src/stm32f1xx_hal_exti.o
LOAD ./Drivers/STM32F1xx_HAL_Driver/Src/stm32f1xx_hal_flash.o
LOAD ./Drivers/STM32F1xx_HAL_Driver/Src/stm32f1xx_hal_flash_ex.o
LOAD ./Drivers/STM32F1xx_HAL_Driver/Src/stm32f1xx_hal_gpio.o
LOAD ./Drivers/STM32F1xx_HAL_Driver/Src/stm32f1xx_hal_gpio_ex.o
LOAD ./Drivers/STM32F1xx_HAL_Driver/Src/stm32f1xx_hal_pwr.o
LOAD ./Drivers/STM32F1xx_HAL_Driver/Src/stm32f1xx_hal_rcc.o
LOAD ./Drivers/STM32F1xx_HAL_Driver/Src/stm32f1xx_hal_rcc_ex.o
LOAD ./Drivers/STM32F1xx_HAL_Driver/Src/stm32f1xx_hal_tim.o
LOAD ./Drivers/STM32F1xx_HAL_Driver/Src/stm32f1xx_hal_tim_ex.o
LOAD ./Middlewares/Third_Party/FreeRTOS/Source/CMSIS_RTOS_V2/cmsis_os2.o
LOAD ./Middlewares/Third_Party/FreeRTOS/Source/croutine.o
LOAD ./Middlewares/Third_Party/FreeRTOS/Source/event_groups.o
LOAD ./Middlewares/Third_Party/FreeRTOS/Source/list.o
LOAD ./Middlewares/Third_Party/FreeRTOS/Source/queue.o
LOAD ./Middlewares/Third_Party/FreeRTOS/Source/stream_buffer.o
LOAD ./Middlewares/Third_Party/FreeRTOS/Source/tasks.o
LOAD ./Middlewares/Third_Party/FreeRTOS/Source/timers.o
LOAD ./Middlewares/Third_Party/FreeRTOS/Source/portable/GCC/ARM_CM3/port.o
LOAD ./Middlewares/Third_Party/FreeRTOS/Source/portable/MemMang/heap_5.o
LOAD ./Src/adc.o
LOAD ./Src/can.o
LOAD ./Src/crc.o
LOAD ./Src/dma.o
LOAD ./Src/freertos.o
LOAD ./Src/gpio.o
LOAD ./Src/main.o
LOAD ./Src/stm32f1xx_hal_msp.o
LOAD ./Src/stm32f1xx_hal_timebase_tim.o
LOAD ./Src/stm32f1xx_it.o
LOAD ./Src/syscalls_dummy.o
LOAD ./Src/system_stm32f1xx.o
LOAD ./Src/tim.o
START GROUP
LOAD C:/ST/STM32CubeIDE_1.16.0/STM32CubeIDE/plugins/com.st.stm32cube.ide.mcu.externaltools.gnu-tools-for-stm32.12.3.rel1.win32_1.0.200.202406191623/tools/bin/../lib/gcc/arm-none-eabi/12.3.1/../../../../arm-none-eabi/lib/thumb/v7-m/nofp\libc_nano.a
LOAD C:/ST/STM32CubeIDE_1.16.0/STM32CubeIDE/plugins/com.st.stm32cube.ide.mcu.externaltools.gnu-tools-for-stm32.12.3.rel1.win32_1.0.200.202406191623/tools/bin/../lib/gcc/arm-none-eabi/12.3.1/../../../../arm-none-eabi/lib/thumb/v7-m/nofp\libm.a
END GROUP
START GROUP
LOAD C:/ST/STM32CubeIDE_1.16.0/STM32CubeIDE/plugins/com.st.stm32cube.ide.mcu.externaltools.gnu-tools-for-stm32.12.3.rel1.win32_1.0.200.202406191623/tools/bin/../lib/gcc/arm-none-eabi/12.3.1/thumb/v7-m/nofp\libgcc.a
LOAD C:/ST/STM32CubeIDE_1.16.0/STM32CubeIDE/plugins/com.st.stm32cube.ide.mcu.externaltools.gnu-tools-for-stm32.12.3.rel1.win32_1.0.200.202406191623/tools/bin/../lib/gcc/arm-none-eabi/12.3.1/../../../../arm-none-eabi/lib/thumb/v7-m/nofp\libc_nano.a
END GROUP
START GROUP
LOAD C:/ST/STM32CubeIDE_1.16.0/STM32CubeIDE/plugins/com.st.stm32cube.ide.mcu.externaltools.gnu-tools-for-stm32.12.3.rel1.win32_1.0.200.202406191623/tools/bin/../lib/gcc/arm-none-eabi/12.3.1/thumb/v7-m/nofp\libgcc.a
LOAD C:/ST/STM32CubeIDE_1.16.0/STM32CubeIDE/plugins/com.st.stm32cube.ide.mcu.externaltools.gnu-tools-for-stm32.12.3.rel1.win32_1.0.200.202406191623/tools/bin/../lib/gcc/arm-none-eabi/12.3.1/../../../../arm-none-eabi/lib/thumb/v7-m/nofp\libc_nano.a
LOAD C:/ST/STM32CubeIDE_1.16.0/STM32CubeIDE/plugins/com.st.stm32cube.ide.mcu.externaltools.gnu-tools-for-stm32.12.3.rel1.win32_1.0.200.202406191623/tools/bin/../lib/gcc/arm-none-eabi/12.3.1/../../../../arm-none-eabi/lib/thumb/v7-m/nofp\libnosys.a
END GROUP
START GROUP
LOAD C:/ST/STM32CubeIDE_1.16.0/STM32CubeIDE/plugins/com.st.stm32cube.ide.mcu.externaltools.gnu-tools-for-stm32.12.3.rel1.win32_1.0.200.202406191623/tools/bin/../lib/gcc/arm-none-eabi/12.3.1/thumb/v7-m/nofp\libgcc.a
LOAD C:/ST/STM32CubeIDE_1.16.0/STM32CubeIDE/plugins/com.st.stm32cube.ide.mcu.externaltools.gnu-tools-for-stm32.12.3.rel1.win32_1.0.200.202406191623/tools/bin/../lib/gcc/arm-none-eabi/12.3.1/../../../../arm-none-eabi/lib/thumb/v7-m/nofp\libc_nano.a
LOAD C:/ST/STM32CubeIDE_1.16.0/STM32CubeIDE/plugins/com.st.stm32cube.ide.mcu.externaltools.gnu-tools-for-stm32.12.3.rel1.win32_1.0.200.202406191623/tools/bin/../lib/gcc/arm-none-eabi/12.3.1/../../../../arm-none-eabi/lib/thumb/v7-m/nofp\libnosys.a
END GROUP
LOAD C:/ST/STM32CubeIDE_1.16.0/STM32CubeIDE/plugins/com.st.stm32cube.ide.mcu.externaltools.gnu-tools-for-stm32.12.3.rel1.win32_1.0.200.202406191623/tools/bin/../lib/gcc/arm-none-eabi/12.3.1/thumb/v7-m/nofp/crtend.o
LOAD C:/ST/STM32CubeIDE_1.16.0/STM32CubeIDE/plugins/com.st.stm32cube.ide.mcu.externaltools.gnu-tools-for-stm32.12.3.rel1.win32_1.0.200.202406191623/tools/bin/../lib/gcc/arm-none-eabi/12.3.1/thumb/v7-m/nofp/crtn.o
                0x20004f80                        _estack = (ORIGIN (RAM) + LENGTH (RAM))
                0x00000190                        _Min_Heap_Size = 0x190
                0x00000190                        _Min_Stack_Size = 0x190

.ncrsection     0x20004fc0       0x1a
                0x20004fc0                        _sncr = .
 *(.ncr)
 .ncr           0x20004fc0        0x4 ./BSW/Diag/Dcm/Dcm.o
                0x20004fc0                Dcm_ActiveSessionState
 .ncr           0x20004fc4       0x16 ./BSW/Sys/EcuM/EcuM.o
                0x20004fc4                EcuM_TotalResetCounter
                0x20004fc8                EcuM_ResetCounter
                0x20004fcc                EcuM_TimeWithoutReset
                0x20004fd0                EcuM_TimeActive
                0x20004fd4                EcuM_ResetInfo
                0x20004fd5                EcuM_ResetReason
                0x20004fd6                EcuM_SWV
                0x20004fda                        _encr = .

.isr_vector     0x08003c00      0x10c
                0x08003c00                        . = ALIGN (0x4)
 *(.isr_vector)
 .isr_vector    0x08003c00      0x10c ./Core/Startup/startup_stm32f103c8tx.o
                0x08003c00                g_pfnVectors
                0x08003d0c                        . = ALIGN (0x4)

.text           0x08003d10     0xad10
                0x08003d10                        . = ALIGN (0x4)
 *(.text)
 .text          0x08003d10       0x40 C:/ST/STM32CubeIDE_1.16.0/STM32CubeIDE/plugins/com.st.stm32cube.ide.mcu.externaltools.gnu-tools-for-stm32.12.3.rel1.win32_1.0.200.202406191623/tools/bin/../lib/gcc/arm-none-eabi/12.3.1/thumb/v7-m/nofp/crtbegin.o
 .text          0x08003d50      0x21c C:/ST/STM32CubeIDE_1.16.0/STM32CubeIDE/plugins/com.st.stm32cube.ide.mcu.externaltools.gnu-tools-for-stm32.12.3.rel1.win32_1.0.200.202406191623/tools/bin/../lib/gcc/arm-none-eabi/12.3.1/thumb/v7-m/nofp\libgcc.a(_arm_addsubsf3.o)
                0x08003d50                __aeabi_frsub
                0x08003d58                __subsf3
                0x08003d58                __aeabi_fsub
                0x08003d5c                __aeabi_fadd
                0x08003d5c                __addsf3
                0x08003ebc                __aeabi_ui2f
                0x08003ebc                __floatunsisf
                0x08003ec4                __aeabi_i2f
                0x08003ec4                __floatsisf
                0x08003ee0                __aeabi_ul2f
                0x08003ee0                __floatundisf
                0x08003ef0                __aeabi_l2f
                0x08003ef0                __floatdisf
 .text          0x08003f6c      0x2a0 C:/ST/STM32CubeIDE_1.16.0/STM32CubeIDE/plugins/com.st.stm32cube.ide.mcu.externaltools.gnu-tools-for-stm32.12.3.rel1.win32_1.0.200.202406191623/tools/bin/../lib/gcc/arm-none-eabi/12.3.1/thumb/v7-m/nofp\libgcc.a(_arm_muldivsf3.o)
                0x08003f6c                __mulsf3
                0x08003f6c                __aeabi_fmul
                0x080040d4                __aeabi_fdiv
                0x080040d4                __divsf3
 .text          0x0800420c       0xec C:/ST/STM32CubeIDE_1.16.0/STM32CubeIDE/plugins/com.st.stm32cube.ide.mcu.externaltools.gnu-tools-for-stm32.12.3.rel1.win32_1.0.200.202406191623/tools/bin/../lib/gcc/arm-none-eabi/12.3.1/thumb/v7-m/nofp\libgcc.a(_arm_cmpsf2.o)
                0x0800420c                __gesf2
                0x0800420c                __gtsf2
                0x08004214                __lesf2
                0x08004214                __ltsf2
                0x0800421c                __nesf2
                0x0800421c                __eqsf2
                0x0800421c                __cmpsf2
                0x0800427c                __aeabi_cfrcmple
                0x08004284                __aeabi_cfcmpeq
                0x08004284                __aeabi_cfcmple
                0x08004294                __aeabi_fcmpeq
                0x080042a8                __aeabi_fcmplt
                0x080042bc                __aeabi_fcmple
                0x080042d0                __aeabi_fcmpge
                0x080042e4                __aeabi_fcmpgt
 .text          0x080042f8       0x2c C:/ST/STM32CubeIDE_1.16.0/STM32CubeIDE/plugins/com.st.stm32cube.ide.mcu.externaltools.gnu-tools-for-stm32.12.3.rel1.win32_1.0.200.202406191623/tools/bin/../lib/gcc/arm-none-eabi/12.3.1/thumb/v7-m/nofp\libgcc.a(_arm_unordsf2.o)
                0x080042f8                __unordsf2
                0x080042f8                __aeabi_fcmpun
 .text          0x08004324       0x40 C:/ST/STM32CubeIDE_1.16.0/STM32CubeIDE/plugins/com.st.stm32cube.ide.mcu.externaltools.gnu-tools-for-stm32.12.3.rel1.win32_1.0.200.202406191623/tools/bin/../lib/gcc/arm-none-eabi/12.3.1/thumb/v7-m/nofp\libgcc.a(_arm_fixunssfsi.o)
                0x08004324                __fixunssfsi
                0x08004324                __aeabi_f2uiz
 *(.text*)
 .text.SMon_Batt_OcvToSoc.part.0
                0x08004364       0x7c ./APPL/SMon/SMon.o
 .text.SMon_main
                0x080043e0     0x1490 ./APPL/SMon/SMon.o
                0x080043e0                SMon_main
 .text.Xcp_Send
                0x08005870       0x40 ./BSW/Com/CanH/CanH.o
 .text.Xcp_SendError
                0x080058b0       0x20 ./BSW/Com/CanH/CanH.o
 .text.CanH_MainFunction
                0x080058d0      0x538 ./BSW/Com/CanH/CanH.o
                0x080058d0                CanH_MainFunction
 .text.HAL_CAN_RxFifo1MsgPendingCallback
                0x08005e08       0x90 ./BSW/Com/CanH/CanH.o
                0x08005e08                HAL_CAN_RxFifo1MsgPendingCallback
 .text.HAL_CAN_RxFifo0MsgPendingCallback
                0x08005e98      0x470 ./BSW/Com/CanH/CanH.o
                0x08005e98                HAL_CAN_RxFifo0MsgPendingCallback
 .text.wait_fc  0x08006308       0x68 ./BSW/Diag/Dcm/Dcm.o
 .text.can_tx8  0x08006370       0x60 ./BSW/Diag/Dcm/Dcm.o
 .text.GenKeyFromSeed32
                0x080063d0       0x20 ./BSW/Diag/Dcm/Dcm.o
                0x080063d0                GenKeyFromSeed32
 .text.SecCalcKeyFromSeed.part.0
                0x080063f0       0x1e ./BSW/Diag/Dcm/Dcm.o
 *fill*         0x0800640e        0x2 
 .text.Dcm_CanSendSF
                0x08006410       0x34 ./BSW/Diag/Dcm/Dcm.o
                0x08006410                Dcm_CanSendSF
 .text.Dcm_OBD_Mode04
                0x08006444       0x4c ./BSW/Diag/Dcm/Dcm.o
                0x08006444                Dcm_OBD_Mode04
 .text.Dcm_RDBI_T30Min10s
                0x08006490       0x58 ./BSW/Diag/Dcm/Dcm.o
                0x08006490                Dcm_RDBI_T30Min10s
 .text.Dcm_RDBI_T30Max10s
                0x080064e8       0x58 ./BSW/Diag/Dcm/Dcm.o
                0x080064e8                Dcm_RDBI_T30Max10s
 .text.Dcm_RDBI_T30Avg10s
                0x08006540       0x58 ./BSW/Diag/Dcm/Dcm.o
                0x08006540                Dcm_RDBI_T30Avg10s
 .text.Dcm_RDBI_L1Min10s
                0x08006598       0x58 ./BSW/Diag/Dcm/Dcm.o
                0x08006598                Dcm_RDBI_L1Min10s
 .text.Dcm_RDBI_L1Max10s
                0x080065f0       0x58 ./BSW/Diag/Dcm/Dcm.o
                0x080065f0                Dcm_RDBI_L1Max10s
 .text.Dcm_RDBI_L1Avg10s
                0x08006648       0x58 ./BSW/Diag/Dcm/Dcm.o
                0x08006648                Dcm_RDBI_L1Avg10s
 .text.Dcm_RDBI_L1_Current_Min10s
                0x080066a0       0x58 ./BSW/Diag/Dcm/Dcm.o
                0x080066a0                Dcm_RDBI_L1_Current_Min10s
 .text.Dcm_RDBI_L1_Current_Max10s
                0x080066f8       0x58 ./BSW/Diag/Dcm/Dcm.o
                0x080066f8                Dcm_RDBI_L1_Current_Max10s
 .text.Dcm_RDBI_L1_Current_Avg10s
                0x08006750       0x58 ./BSW/Diag/Dcm/Dcm.o
                0x08006750                Dcm_RDBI_L1_Current_Avg10s
 .text.Dcm_RDBI_T30MinSW
                0x080067a8       0x58 ./BSW/Diag/Dcm/Dcm.o
                0x080067a8                Dcm_RDBI_T30MinSW
 .text.Dcm_RDBI_T30MaxSW
                0x08006800       0x58 ./BSW/Diag/Dcm/Dcm.o
                0x08006800                Dcm_RDBI_T30MaxSW
 .text.Dcm_RDBI_T30AvgSW
                0x08006858       0x58 ./BSW/Diag/Dcm/Dcm.o
                0x08006858                Dcm_RDBI_T30AvgSW
 .text.Dcm_RDBI_L1MinSW
                0x080068b0       0x58 ./BSW/Diag/Dcm/Dcm.o
                0x080068b0                Dcm_RDBI_L1MinSW
 .text.Dcm_RDBI_L1MaxSW
                0x08006908       0x58 ./BSW/Diag/Dcm/Dcm.o
                0x08006908                Dcm_RDBI_L1MaxSW
 .text.Dcm_RDBI_L1AvgSW
                0x08006960       0x58 ./BSW/Diag/Dcm/Dcm.o
                0x08006960                Dcm_RDBI_L1AvgSW
 .text.Dcm_RDBI_L1_Current_MinSW
                0x080069b8       0x58 ./BSW/Diag/Dcm/Dcm.o
                0x080069b8                Dcm_RDBI_L1_Current_MinSW
 .text.Dcm_RDBI_L1_Current_MaxSW
                0x08006a10       0x58 ./BSW/Diag/Dcm/Dcm.o
                0x08006a10                Dcm_RDBI_L1_Current_MaxSW
 .text.Dcm_RDBI_L1_Current_AvgSW
                0x08006a68       0x58 ./BSW/Diag/Dcm/Dcm.o
                0x08006a68                Dcm_RDBI_L1_Current_AvgSW
 .text.Dcm_RDBI_SecureAccess
                0x08006ac0       0x64 ./BSW/Diag/Dcm/Dcm.o
                0x08006ac0                Dcm_RDBI_SecureAccess
 .text.Dcm_RDBI_ReadActiveSoftwareBlock
                0x08006b24       0x5c ./BSW/Diag/Dcm/Dcm.o
                0x08006b24                Dcm_RDBI_ReadActiveSoftwareBlock
 .text.Dcm_RDBI_ReadActiveDiagnosticSession
                0x08006b80       0x64 ./BSW/Diag/Dcm/Dcm.o
                0x08006b80                Dcm_RDBI_ReadActiveDiagnosticSession
 .text.Dcm_RequestSeed
                0x08006be4       0x90 ./BSW/Diag/Dcm/Dcm.o
                0x08006be4                Dcm_RequestSeed
 .text.Dcm_SendKey
                0x08006c74       0xac ./BSW/Diag/Dcm/Dcm.o
                0x08006c74                Dcm_SendKey
 .text.Dcm_CDTCI
                0x08006d20       0xd0 ./BSW/Diag/Dcm/Dcm.o
                0x08006d20                Dcm_CDTCI
 .text.Dcm_CommunicationControl
                0x08006df0       0x64 ./BSW/Diag/Dcm/Dcm.o
                0x08006df0                Dcm_CommunicationControl
 .text.Dcm_ControlDTCSetting
                0x08006e54       0x64 ./BSW/Diag/Dcm/Dcm.o
                0x08006e54                Dcm_ControlDTCSetting
 .text.Dcm_RDBI_CpuLoad
                0x08006eb8       0x68 ./BSW/Diag/Dcm/Dcm.o
                0x08006eb8                Dcm_RDBI_CpuLoad
 .text.Dcm_RDBI_ResetData
                0x08006f20       0x68 ./BSW/Diag/Dcm/Dcm.o
                0x08006f20                Dcm_RDBI_ResetData
 .text.Dcm_RDBI_ResetCounter
                0x08006f88       0x64 ./BSW/Diag/Dcm/Dcm.o
                0x08006f88                Dcm_RDBI_ResetCounter
 .text.Dcm_RDBI_TimeActive
                0x08006fec       0x64 ./BSW/Diag/Dcm/Dcm.o
                0x08006fec                Dcm_RDBI_TimeActive
 .text.Dcm_RDBI_TimeWithoutReset
                0x08007050       0x64 ./BSW/Diag/Dcm/Dcm.o
                0x08007050                Dcm_RDBI_TimeWithoutReset
 .text.Dcm_TesterPresent
                0x080070b4       0x5c ./BSW/Diag/Dcm/Dcm.o
                0x080070b4                Dcm_TesterPresent
 .text.Dcm_ExtendedSession
                0x08007110       0x64 ./BSW/Diag/Dcm/Dcm.o
                0x08007110                Dcm_ExtendedSession
 .text.Dcm_LoadControl
                0x08007174       0x78 ./BSW/Diag/Dcm/Dcm.o
                0x08007174                Dcm_LoadControl
 .text.Dcm_ReadLoadStatus
                0x080071ec       0x64 ./BSW/Diag/Dcm/Dcm.o
                0x080071ec                Dcm_ReadLoadStatus
 .text.Dcm_IsoTp_RxHook
                0x08007250       0x5c ./BSW/Diag/Dcm/Dcm.o
                0x08007250                Dcm_IsoTp_RxHook
 .text.Dcm_IsoTp_Send
                0x080072ac      0x170 ./BSW/Diag/Dcm/Dcm.o
                0x080072ac                Dcm_IsoTp_Send
 .text.Dcm_RC_ReadMinMaxAvg
                0x0800741c       0x50 ./BSW/Diag/Dcm/Dcm.o
                0x0800741c                Dcm_RC_ReadMinMaxAvg
 .text.Dcm_OBD_Mode03
                0x0800746c       0x60 ./BSW/Diag/Dcm/Dcm.o
                0x0800746c                Dcm_OBD_Mode03
 .text.Dcm_OBD_Mode07
                0x080074cc       0x60 ./BSW/Diag/Dcm/Dcm.o
                0x080074cc                Dcm_OBD_Mode07
 .text.Dcm_OBD_Mode0A
                0x0800752c       0x70 ./BSW/Diag/Dcm/Dcm.o
                0x0800752c                Dcm_OBD_Mode0A
 .text.Dcm_RDTCI_19_04_AllSnapshots
                0x0800759c       0xa0 ./BSW/Diag/Dcm/Dcm.o
                0x0800759c                Dcm_RDTCI_19_04_AllSnapshots
 .text.Dcm_RDTCI
                0x0800763c       0x84 ./BSW/Diag/Dcm/Dcm.o
                0x0800763c                Dcm_RDTCI
 .text.Dcm_ProgrammingSession
                0x080076c0       0xa0 ./BSW/Diag/Dcm/Dcm.o
                0x080076c0                Dcm_ProgrammingSession
 .text.Dcm_SendNrc
                0x08007760       0x4c ./BSW/Diag/Dcm/Dcm.o
                0x08007760                Dcm_SendNrc
 .text.Dcm_OBD_Mode09
                0x080077ac       0xc8 ./BSW/Diag/Dcm/Dcm.o
                0x080077ac                Dcm_OBD_Mode09
 .text.Dcm_HandleOBD
                0x08007874       0x48 ./BSW/Diag/Dcm/Dcm.o
                0x08007874                Dcm_HandleOBD
 .text.Dcm_HardReset
                0x080078bc       0xb0 ./BSW/Diag/Dcm/Dcm.o
                0x080078bc                Dcm_HardReset
 .text.Dcm_ReadSWV
                0x0800796c       0x70 ./BSW/Diag/Dcm/Dcm.o
                0x0800796c                Dcm_ReadSWV
 .text.Dcm_RC_HealSupply
                0x080079dc       0x70 ./BSW/Diag/Dcm/Dcm.o
                0x080079dc                Dcm_RC_HealSupply
 .text.Dcm_main
                0x08007a4c      0x308 ./BSW/Diag/Dcm/Dcm.o
                0x08007a4c                Dcm_main
 .text.Dem_CaptureFreezeFrame
                0x08007d54       0x94 ./BSW/Diag/Dem/Dem.o
                0x08007d54                Dem_CaptureFreezeFrame
 .text.Dem_GetDtcStatus
                0x08007de8       0x28 ./BSW/Diag/Dem/Dem.o
                0x08007de8                Dem_GetDtcStatus
 .text.Dem_GetDtcStatus_Obd
                0x08007e10       0x28 ./BSW/Diag/Dem/Dem.o
                0x08007e10                Dem_GetDtcStatus_Obd
 .text.Dem_SetDtc_Obd
                0x08007e38       0xd8 ./BSW/Diag/Dem/Dem.o
                0x08007e38                Dem_SetDtc_Obd
 .text.Dem_SetDtc
                0x08007f10       0xe0 ./BSW/Diag/Dem/Dem.o
                0x08007f10                Dem_SetDtc
 .text.Dem_main
                0x08007ff0      0x19c ./BSW/Diag/Dem/Dem.o
                0x08007ff0                Dem_main
 .text.rd_u32   0x0800818c        0x4 ./BSW/Nvm/Nvm.o
 .text.Nvm_GetPage
                0x08008190       0x24 ./BSW/Nvm/Nvm.o
                0x08008190                Nvm_GetPage
 .text.Nvm_EraseParamflash
                0x080081b4       0x3c ./BSW/Nvm/Nvm.o
                0x080081b4                Nvm_EraseParamflash
 .text.Nvm_Erase
                0x080081f0       0x3c ./BSW/Nvm/Nvm.o
                0x080081f0                Nvm_Erase
 .text.Nvm_FlashWriteData
                0x0800822c       0x40 ./BSW/Nvm/Nvm.o
                0x0800822c                Nvm_FlashWriteData
 .text.Nvm_WriteBlock
                0x0800826c      0x120 ./BSW/Nvm/Nvm.o
                0x0800826c                Nvm_WriteBlock
 .text.Nvm_SectorSwitch
                0x0800838c       0x48 ./BSW/Nvm/Nvm.o
                0x0800838c                Nvm_SectorSwitch
 .text.Nvm_WriteAll
                0x080083d4       0x38 ./BSW/Nvm/Nvm.o
                0x080083d4                Nvm_WriteAll
 .text.Nvm_FlashReadData
                0x0800840c       0x14 ./BSW/Nvm/Nvm.o
                0x0800840c                Nvm_FlashReadData
 .text.Nvm_InitParamFlash
                0x08008420      0x988 ./BSW/Nvm/Nvm.o
                0x08008420                Nvm_InitParamFlash
 .text.Nvm_FindCurrentAddress
                0x08008da8       0xe0 ./BSW/Nvm/Nvm.o
                0x08008da8                Nvm_FindCurrentAddress
 .text.Nvm_ReadAll
                0x08008e88       0xd8 ./BSW/Nvm/Nvm.o
                0x08008e88                Nvm_ReadAll
 .text.EcuM_main
                0x08008f60      0x14c ./BSW/Sys/EcuM/EcuM.o
                0x08008f60                EcuM_main
 .text.EcuM_PerformReset
                0x080090ac       0x58 ./BSW/Sys/EcuM/EcuM.o
                0x080090ac                EcuM_PerformReset
 .text.Reset_Handler
                0x08009104       0x48 ./Core/Startup/startup_stm32f103c8tx.o
                0x08009104                Reset_Handler
 .text.Default_Handler
                0x0800914c        0x2 ./Core/Startup/startup_stm32f103c8tx.o
                0x0800914c                RTC_Alarm_IRQHandler
                0x0800914c                EXTI2_IRQHandler
                0x0800914c                EXTI3_IRQHandler
                0x0800914c                EXTI0_IRQHandler
                0x0800914c                I2C2_EV_IRQHandler
                0x0800914c                SPI1_IRQHandler
                0x0800914c                TAMPER_IRQHandler
                0x0800914c                DMA1_Channel4_IRQHandler
                0x0800914c                USART3_IRQHandler
                0x0800914c                RTC_IRQHandler
                0x0800914c                DMA1_Channel7_IRQHandler
                0x0800914c                I2C1_EV_IRQHandler
                0x0800914c                DMA1_Channel6_IRQHandler
                0x0800914c                Default_Handler
                0x0800914c                EXTI15_10_IRQHandler
                0x0800914c                EXTI9_5_IRQHandler
                0x0800914c                SPI2_IRQHandler
                0x0800914c                DMA1_Channel5_IRQHandler
                0x0800914c                EXTI4_IRQHandler
                0x0800914c                DMA1_Channel3_IRQHandler
                0x0800914c                WWDG_IRQHandler
                0x0800914c                TIM2_IRQHandler
                0x0800914c                EXTI1_IRQHandler
                0x0800914c                USART2_IRQHandler
                0x0800914c                I2C2_ER_IRQHandler
                0x0800914c                DMA1_Channel2_IRQHandler
                0x0800914c                USART1_IRQHandler
                0x0800914c                I2C1_ER_IRQHandler
                0x0800914c                USBWakeUp_IRQHandler
 *fill*         0x0800914e        0x2 
 .text.HAL_Init
                0x08009150       0x24 ./Drivers/STM32F1xx_HAL_Driver/Src/stm32f1xx_hal.o
                0x08009150                HAL_Init
 .text.HAL_IncTick
                0x08009174       0x18 ./Drivers/STM32F1xx_HAL_Driver/Src/stm32f1xx_hal.o
                0x08009174                HAL_IncTick
 .text.HAL_GetTick
                0x0800918c        0xc ./Drivers/STM32F1xx_HAL_Driver/Src/stm32f1xx_hal.o
                0x0800918c                HAL_GetTick
 .text.HAL_Delay
                0x08009198       0x24 ./Drivers/STM32F1xx_HAL_Driver/Src/stm32f1xx_hal.o
                0x08009198                HAL_Delay
 .text.ADC_DMAConvCplt
                0x080091bc       0x46 ./Drivers/STM32F1xx_HAL_Driver/Src/stm32f1xx_hal_adc.o
                0x080091bc                ADC_DMAConvCplt
 .text.ADC_DMAHalfConvCplt
                0x08009202        0x6 ./Drivers/STM32F1xx_HAL_Driver/Src/stm32f1xx_hal_adc.o
                0x08009202                ADC_DMAHalfConvCplt
 .text.ADC_DMAError
                0x08009208       0x16 ./Drivers/STM32F1xx_HAL_Driver/Src/stm32f1xx_hal_adc.o
                0x08009208                ADC_DMAError
 .text.HAL_ADC_ConvHalfCpltCallback
                0x0800921e        0x2 ./Drivers/STM32F1xx_HAL_Driver/Src/stm32f1xx_hal_adc.o
                0x0800921e                HAL_ADC_ConvHalfCpltCallback
 .text.HAL_ADC_LevelOutOfWindowCallback
                0x08009220        0x2 ./Drivers/STM32F1xx_HAL_Driver/Src/stm32f1xx_hal_adc.o
                0x08009220                HAL_ADC_LevelOutOfWindowCallback
 .text.HAL_ADC_IRQHandler
                0x08009222       0xe2 ./Drivers/STM32F1xx_HAL_Driver/Src/stm32f1xx_hal_adc.o
                0x08009222                HAL_ADC_IRQHandler
 .text.HAL_ADC_ConfigChannel
                0x08009304      0x104 ./Drivers/STM32F1xx_HAL_Driver/Src/stm32f1xx_hal_adc.o
                0x08009304                HAL_ADC_ConfigChannel
 .text.HAL_ADC_AnalogWDGConfig
                0x08009408       0x54 ./Drivers/STM32F1xx_HAL_Driver/Src/stm32f1xx_hal_adc.o
                0x08009408                HAL_ADC_AnalogWDGConfig
 .text.HAL_ADC_GetState
                0x0800945c        0x4 ./Drivers/STM32F1xx_HAL_Driver/Src/stm32f1xx_hal_adc.o
                0x0800945c                HAL_ADC_GetState
 .text.ADC_Enable
                0x08009460       0x78 ./Drivers/STM32F1xx_HAL_Driver/Src/stm32f1xx_hal_adc.o
                0x08009460                ADC_Enable
 .text.HAL_ADC_Start_DMA
                0x080094d8      0x120 ./Drivers/STM32F1xx_HAL_Driver/Src/stm32f1xx_hal_adc.o
                0x080094d8                HAL_ADC_Start_DMA
 .text.ADC_ConversionStop_Disable
                0x080095f8       0x4c ./Drivers/STM32F1xx_HAL_Driver/Src/stm32f1xx_hal_adc.o
                0x080095f8                ADC_ConversionStop_Disable
 .text.HAL_ADC_Init
                0x08009644      0x130 ./Drivers/STM32F1xx_HAL_Driver/Src/stm32f1xx_hal_adc.o
                0x08009644                HAL_ADC_Init
 .text.HAL_ADC_Stop
                0x08009774       0x34 ./Drivers/STM32F1xx_HAL_Driver/Src/stm32f1xx_hal_adc.o
                0x08009774                HAL_ADC_Stop
 .text.HAL_ADCEx_Calibration_Start
                0x080097a8       0xe0 ./Drivers/STM32F1xx_HAL_Driver/Src/stm32f1xx_hal_adc_ex.o
                0x080097a8                HAL_ADCEx_Calibration_Start
 .text.HAL_ADCEx_InjectedConvCpltCallback
                0x08009888        0x2 ./Drivers/STM32F1xx_HAL_Driver/Src/stm32f1xx_hal_adc_ex.o
                0x08009888                HAL_ADCEx_InjectedConvCpltCallback
 .text.HAL_CAN_ErrorCallback
                0x0800988a        0x2 ./Drivers/STM32F1xx_HAL_Driver/Src/stm32f1xx_hal_can.o
                0x0800988a                HAL_CAN_ErrorCallback
 .text.HAL_CAN_TxMailbox0CompleteCallback
                0x0800988c        0x2 ./Drivers/STM32F1xx_HAL_Driver/Src/stm32f1xx_hal_can.o
                0x0800988c                HAL_CAN_TxMailbox0CompleteCallback
 .text.HAL_CAN_TxMailbox1CompleteCallback
                0x0800988e        0x2 ./Drivers/STM32F1xx_HAL_Driver/Src/stm32f1xx_hal_can.o
                0x0800988e                HAL_CAN_TxMailbox1CompleteCallback
 .text.HAL_CAN_TxMailbox2CompleteCallback
                0x08009890        0x2 ./Drivers/STM32F1xx_HAL_Driver/Src/stm32f1xx_hal_can.o
                0x08009890                HAL_CAN_TxMailbox2CompleteCallback
 .text.HAL_CAN_TxMailbox0AbortCallback
                0x08009892        0x2 ./Drivers/STM32F1xx_HAL_Driver/Src/stm32f1xx_hal_can.o
                0x08009892                HAL_CAN_TxMailbox0AbortCallback
 .text.HAL_CAN_TxMailbox1AbortCallback
                0x08009894        0x2 ./Drivers/STM32F1xx_HAL_Driver/Src/stm32f1xx_hal_can.o
                0x08009894                HAL_CAN_TxMailbox1AbortCallback
 .text.HAL_CAN_TxMailbox2AbortCallback
                0x08009896        0x2 ./Drivers/STM32F1xx_HAL_Driver/Src/stm32f1xx_hal_can.o
                0x08009896                HAL_CAN_TxMailbox2AbortCallback
 .text.HAL_CAN_RxFifo0FullCallback
                0x08009898        0x2 ./Drivers/STM32F1xx_HAL_Driver/Src/stm32f1xx_hal_can.o
                0x08009898                HAL_CAN_RxFifo0FullCallback
 .text.HAL_CAN_RxFifo1FullCallback
                0x0800989a        0x2 ./Drivers/STM32F1xx_HAL_Driver/Src/stm32f1xx_hal_can.o
                0x0800989a                HAL_CAN_RxFifo1FullCallback
 .text.HAL_CAN_SleepCallback
                0x0800989c        0x2 ./Drivers/STM32F1xx_HAL_Driver/Src/stm32f1xx_hal_can.o
                0x0800989c                HAL_CAN_SleepCallback
 .text.HAL_CAN_WakeUpFromRxMsgCallback
                0x0800989e        0x2 ./Drivers/STM32F1xx_HAL_Driver/Src/stm32f1xx_hal_can.o
                0x0800989e                HAL_CAN_WakeUpFromRxMsgCallback
 .text.HAL_CAN_Init
                0x080098a0      0x17c ./Drivers/STM32F1xx_HAL_Driver/Src/stm32f1xx_hal_can.o
                0x080098a0                HAL_CAN_Init
 .text.HAL_CAN_ConfigFilter
                0x08009a1c       0xee ./Drivers/STM32F1xx_HAL_Driver/Src/stm32f1xx_hal_can.o
                0x08009a1c                HAL_CAN_ConfigFilter
 .text.HAL_CAN_Start
                0x08009b0a       0x56 ./Drivers/STM32F1xx_HAL_Driver/Src/stm32f1xx_hal_can.o
                0x08009b0a                HAL_CAN_Start
 .text.HAL_CAN_AddTxMessage
                0x08009b60       0xa4 ./Drivers/STM32F1xx_HAL_Driver/Src/stm32f1xx_hal_can.o
                0x08009b60                HAL_CAN_AddTxMessage
 .text.HAL_CAN_GetRxMessage
                0x08009c04      0x108 ./Drivers/STM32F1xx_HAL_Driver/Src/stm32f1xx_hal_can.o
                0x08009c04                HAL_CAN_GetRxMessage
 .text.HAL_CAN_ActivateNotification
                0x08009d0c       0x22 ./Drivers/STM32F1xx_HAL_Driver/Src/stm32f1xx_hal_can.o
                0x08009d0c                HAL_CAN_ActivateNotification
 .text.HAL_CAN_IRQHandler
                0x08009d2e      0x206 ./Drivers/STM32F1xx_HAL_Driver/Src/stm32f1xx_hal_can.o
                0x08009d2e                HAL_CAN_IRQHandler
 .text.HAL_NVIC_SetPriorityGrouping
                0x08009f34       0x24 ./Drivers/STM32F1xx_HAL_Driver/Src/stm32f1xx_hal_cortex.o
                0x08009f34                HAL_NVIC_SetPriorityGrouping
 .text.HAL_NVIC_SetPriority
                0x08009f58       0x60 ./Drivers/STM32F1xx_HAL_Driver/Src/stm32f1xx_hal_cortex.o
                0x08009f58                HAL_NVIC_SetPriority
 .text.HAL_NVIC_EnableIRQ
                0x08009fb8       0x1c ./Drivers/STM32F1xx_HAL_Driver/Src/stm32f1xx_hal_cortex.o
                0x08009fb8                HAL_NVIC_EnableIRQ
 .text.HAL_CRC_Init
                0x08009fd4       0x20 ./Drivers/STM32F1xx_HAL_Driver/Src/stm32f1xx_hal_crc.o
                0x08009fd4                HAL_CRC_Init
 .text.HAL_CRC_Calculate
                0x08009ff4       0x2c ./Drivers/STM32F1xx_HAL_Driver/Src/stm32f1xx_hal_crc.o
                0x08009ff4                HAL_CRC_Calculate
 .text.HAL_DMA_Init
                0x0800a020       0x64 ./Drivers/STM32F1xx_HAL_Driver/Src/stm32f1xx_hal_dma.o
                0x0800a020                HAL_DMA_Init
 .text.HAL_DMA_Start_IT
                0x0800a084       0x8a ./Drivers/STM32F1xx_HAL_Driver/Src/stm32f1xx_hal_dma.o
                0x0800a084                HAL_DMA_Start_IT
 *fill*         0x0800a10e        0x2 
 .text.HAL_DMA_IRQHandler
                0x0800a110      0x130 ./Drivers/STM32F1xx_HAL_Driver/Src/stm32f1xx_hal_dma.o
                0x0800a110                HAL_DMA_IRQHandler
 .text.FLASH_SetErrorCode
                0x0800a240       0x50 ./Drivers/STM32F1xx_HAL_Driver/Src/stm32f1xx_hal_flash.o
 .text.HAL_FLASH_EndOfOperationCallback
                0x0800a290        0x2 ./Drivers/STM32F1xx_HAL_Driver/Src/stm32f1xx_hal_flash.o
                0x0800a290                HAL_FLASH_EndOfOperationCallback
 .text.HAL_FLASH_OperationErrorCallback
                0x0800a292        0x2 ./Drivers/STM32F1xx_HAL_Driver/Src/stm32f1xx_hal_flash.o
                0x0800a292                HAL_FLASH_OperationErrorCallback
 .text.HAL_FLASH_IRQHandler
                0x0800a294      0x114 ./Drivers/STM32F1xx_HAL_Driver/Src/stm32f1xx_hal_flash.o
                0x0800a294                HAL_FLASH_IRQHandler
 .text.HAL_FLASH_Unlock
                0x0800a3a8       0x24 ./Drivers/STM32F1xx_HAL_Driver/Src/stm32f1xx_hal_flash.o
                0x0800a3a8                HAL_FLASH_Unlock
 .text.HAL_FLASH_Lock
                0x0800a3cc       0x14 ./Drivers/STM32F1xx_HAL_Driver/Src/stm32f1xx_hal_flash.o
                0x0800a3cc                HAL_FLASH_Lock
 .text.HAL_FLASH_GetError
                0x0800a3e0        0xc ./Drivers/STM32F1xx_HAL_Driver/Src/stm32f1xx_hal_flash.o
                0x0800a3e0                HAL_FLASH_GetError
 .text.FLASH_WaitForLastOperation
                0x0800a3ec       0x54 ./Drivers/STM32F1xx_HAL_Driver/Src/stm32f1xx_hal_flash.o
                0x0800a3ec                FLASH_WaitForLastOperation
 .text.HAL_FLASH_Program
                0x0800a440       0xa4 ./Drivers/STM32F1xx_HAL_Driver/Src/stm32f1xx_hal_flash.o
                0x0800a440                HAL_FLASH_Program
 .text.FLASH_PageErase
                0x0800a4e4       0x24 ./Drivers/STM32F1xx_HAL_Driver/Src/stm32f1xx_hal_flash_ex.o
                0x0800a4e4                FLASH_PageErase
 .text.HAL_FLASHEx_Erase
                0x0800a508       0xa8 ./Drivers/STM32F1xx_HAL_Driver/Src/stm32f1xx_hal_flash_ex.o
                0x0800a508                HAL_FLASHEx_Erase
 .text.HAL_GPIO_Init
                0x0800a5b0      0x20c ./Drivers/STM32F1xx_HAL_Driver/Src/stm32f1xx_hal_gpio.o
                0x0800a5b0                HAL_GPIO_Init
 .text.HAL_GPIO_ReadPin
                0x0800a7bc        0xc ./Drivers/STM32F1xx_HAL_Driver/Src/stm32f1xx_hal_gpio.o
                0x0800a7bc                HAL_GPIO_ReadPin
 .text.HAL_GPIO_WritePin
                0x0800a7c8        0xa ./Drivers/STM32F1xx_HAL_Driver/Src/stm32f1xx_hal_gpio.o
                0x0800a7c8                HAL_GPIO_WritePin
 *fill*         0x0800a7d2        0x2 
 .text.HAL_PWR_ConfigPVD
                0x0800a7d4       0x74 ./Drivers/STM32F1xx_HAL_Driver/Src/stm32f1xx_hal_pwr.o
                0x0800a7d4                HAL_PWR_ConfigPVD
 .text.HAL_PWR_EnablePVD
                0x0800a848        0xc ./Drivers/STM32F1xx_HAL_Driver/Src/stm32f1xx_hal_pwr.o
                0x0800a848                HAL_PWR_EnablePVD
 .text.HAL_PWR_EnableWakeUpPin
                0x0800a854       0x18 ./Drivers/STM32F1xx_HAL_Driver/Src/stm32f1xx_hal_pwr.o
                0x0800a854                HAL_PWR_EnableWakeUpPin
 .text.HAL_PWR_EnterSTANDBYMode
                0x0800a86c       0x20 ./Drivers/STM32F1xx_HAL_Driver/Src/stm32f1xx_hal_pwr.o
                0x0800a86c                HAL_PWR_EnterSTANDBYMode
 .text.HAL_PWR_PVDCallback
                0x0800a88c        0x2 ./Drivers/STM32F1xx_HAL_Driver/Src/stm32f1xx_hal_pwr.o
                0x0800a88c                HAL_PWR_PVDCallback
 *fill*         0x0800a88e        0x2 
 .text.HAL_PWR_PVD_IRQHandler
                0x0800a890       0x1c ./Drivers/STM32F1xx_HAL_Driver/Src/stm32f1xx_hal_pwr.o
                0x0800a890                HAL_PWR_PVD_IRQHandler
 .text.HAL_RCC_OscConfig
                0x0800a8ac      0x32c ./Drivers/STM32F1xx_HAL_Driver/Src/stm32f1xx_hal_rcc.o
                0x0800a8ac                HAL_RCC_OscConfig
 .text.HAL_RCC_GetSysClockFreq
                0x0800abd8       0x4c ./Drivers/STM32F1xx_HAL_Driver/Src/stm32f1xx_hal_rcc.o
                0x0800abd8                HAL_RCC_GetSysClockFreq
 .text.HAL_RCC_ClockConfig
                0x0800ac24      0x140 ./Drivers/STM32F1xx_HAL_Driver/Src/stm32f1xx_hal_rcc.o
                0x0800ac24                HAL_RCC_ClockConfig
 .text.HAL_RCC_GetPCLK1Freq
                0x0800ad64       0x20 ./Drivers/STM32F1xx_HAL_Driver/Src/stm32f1xx_hal_rcc.o
                0x0800ad64                HAL_RCC_GetPCLK1Freq
 .text.HAL_RCC_GetPCLK2Freq
                0x0800ad84       0x20 ./Drivers/STM32F1xx_HAL_Driver/Src/stm32f1xx_hal_rcc.o
                0x0800ad84                HAL_RCC_GetPCLK2Freq
 .text.HAL_RCC_GetClockConfig
                0x0800ada4       0x3c ./Drivers/STM32F1xx_HAL_Driver/Src/stm32f1xx_hal_rcc.o
                0x0800ada4                HAL_RCC_GetClockConfig
 .text.HAL_RCCEx_PeriphCLKConfig
                0x0800ade0       0xf4 ./Drivers/STM32F1xx_HAL_Driver/Src/stm32f1xx_hal_rcc_ex.o
                0x0800ade0                HAL_RCCEx_PeriphCLKConfig
 .text.HAL_RCCEx_GetPeriphCLKFreq
                0x0800aed4       0xbc ./Drivers/STM32F1xx_HAL_Driver/Src/stm32f1xx_hal_rcc_ex.o
                0x0800aed4                HAL_RCCEx_GetPeriphCLKFreq
 .text.TIM_OC1_SetConfig
                0x0800af90       0x50 ./Drivers/STM32F1xx_HAL_Driver/Src/stm32f1xx_hal_tim.o
 .text.TIM_OC3_SetConfig
                0x0800afe0       0x54 ./Drivers/STM32F1xx_HAL_Driver/Src/stm32f1xx_hal_tim.o
 .text.TIM_OC4_SetConfig
                0x0800b034       0x44 ./Drivers/STM32F1xx_HAL_Driver/Src/stm32f1xx_hal_tim.o
 .text.HAL_TIM_PeriodElapsedHalfCpltCallback
                0x0800b078        0x2 ./Drivers/STM32F1xx_HAL_Driver/Src/stm32f1xx_hal_tim.o
                0x0800b078                HAL_TIM_PeriodElapsedHalfCpltCallback
 .text.HAL_TIM_OC_DelayElapsedCallback
                0x0800b07a        0x2 ./Drivers/STM32F1xx_HAL_Driver/Src/stm32f1xx_hal_tim.o
                0x0800b07a                HAL_TIM_OC_DelayElapsedCallback
 .text.HAL_TIM_IC_CaptureCallback
                0x0800b07c        0x2 ./Drivers/STM32F1xx_HAL_Driver/Src/stm32f1xx_hal_tim.o
                0x0800b07c                HAL_TIM_IC_CaptureCallback
 .text.HAL_TIM_IC_CaptureHalfCpltCallback
                0x0800b07e        0x2 ./Drivers/STM32F1xx_HAL_Driver/Src/stm32f1xx_hal_tim.o
                0x0800b07e                HAL_TIM_IC_CaptureHalfCpltCallback
 .text.HAL_TIM_PWM_PulseFinishedCallback
                0x0800b080        0x2 ./Drivers/STM32F1xx_HAL_Driver/Src/stm32f1xx_hal_tim.o
                0x0800b080                HAL_TIM_PWM_PulseFinishedCallback
 .text.HAL_TIM_PWM_PulseFinishedHalfCpltCallback
                0x0800b082        0x2 ./Drivers/STM32F1xx_HAL_Driver/Src/stm32f1xx_hal_tim.o
                0x0800b082                HAL_TIM_PWM_PulseFinishedHalfCpltCallback
 .text.HAL_TIM_TriggerCallback
                0x0800b084        0x2 ./Drivers/STM32F1xx_HAL_Driver/Src/stm32f1xx_hal_tim.o
                0x0800b084                HAL_TIM_TriggerCallback
 .text.HAL_TIM_TriggerHalfCpltCallback
                0x0800b086        0x2 ./Drivers/STM32F1xx_HAL_Driver/Src/stm32f1xx_hal_tim.o
                0x0800b086                HAL_TIM_TriggerHalfCpltCallback
 .text.HAL_TIM_ErrorCallback
                0x0800b088        0x2 ./Drivers/STM32F1xx_HAL_Driver/Src/stm32f1xx_hal_tim.o
                0x0800b088                HAL_TIM_ErrorCallback
 *fill*         0x0800b08a        0x2 
 .text.HAL_TIM_Base_Start_IT
                0x0800b08c       0x54 ./Drivers/STM32F1xx_HAL_Driver/Src/stm32f1xx_hal_tim.o
                0x0800b08c                HAL_TIM_Base_Start_IT
 .text.HAL_TIM_IRQHandler
                0x0800b0e0      0x166 ./Drivers/STM32F1xx_HAL_Driver/Src/stm32f1xx_hal_tim.o
                0x0800b0e0                HAL_TIM_IRQHandler
 .text.HAL_TIM_RegisterCallback
                0x0800b246       0xde ./Drivers/STM32F1xx_HAL_Driver/Src/stm32f1xx_hal_tim.o
                0x0800b246                HAL_TIM_RegisterCallback
 .text.TIM_Base_SetConfig
                0x0800b324       0x70 ./Drivers/STM32F1xx_HAL_Driver/Src/stm32f1xx_hal_tim.o
                0x0800b324                TIM_Base_SetConfig
 .text.TIM_OC2_SetConfig
                0x0800b394       0x58 ./Drivers/STM32F1xx_HAL_Driver/Src/stm32f1xx_hal_tim.o
                0x0800b394                TIM_OC2_SetConfig
 .text.HAL_TIM_PWM_ConfigChannel
                0x0800b3ec       0xc8 ./Drivers/STM32F1xx_HAL_Driver/Src/stm32f1xx_hal_tim.o
                0x0800b3ec                HAL_TIM_PWM_ConfigChannel
 .text.TIM_ETR_SetConfig
                0x0800b4b4       0x14 ./Drivers/STM32F1xx_HAL_Driver/Src/stm32f1xx_hal_tim.o
                0x0800b4b4                TIM_ETR_SetConfig
 .text.HAL_TIM_ConfigClockSource
                0x0800b4c8      0x14a ./Drivers/STM32F1xx_HAL_Driver/Src/stm32f1xx_hal_tim.o
                0x0800b4c8                HAL_TIM_ConfigClockSource
 .text.TIM_CCxChannelCmd
                0x0800b612       0x1c ./Drivers/STM32F1xx_HAL_Driver/Src/stm32f1xx_hal_tim.o
                0x0800b612                TIM_CCxChannelCmd
 *fill*         0x0800b62e        0x2 
 .text.HAL_TIM_OC_Start
                0x0800b630       0xa4 ./Drivers/STM32F1xx_HAL_Driver/Src/stm32f1xx_hal_tim.o
                0x0800b630                HAL_TIM_OC_Start
 .text.HAL_TIM_PWM_Start
                0x0800b6d4        0x4 ./Drivers/STM32F1xx_HAL_Driver/Src/stm32f1xx_hal_tim.o
                0x0800b6d4                HAL_TIM_PWM_Start
 .text.TIM_ResetCallback
                0x0800b6d8       0x84 ./Drivers/STM32F1xx_HAL_Driver/Src/stm32f1xx_hal_tim.o
                0x0800b6d8                TIM_ResetCallback
 .text.HAL_TIM_Base_Init
                0x0800b75c       0x6c ./Drivers/STM32F1xx_HAL_Driver/Src/stm32f1xx_hal_tim.o
                0x0800b75c                HAL_TIM_Base_Init
 .text.HAL_TIM_PWM_Init
                0x0800b7c8       0x6c ./Drivers/STM32F1xx_HAL_Driver/Src/stm32f1xx_hal_tim.o
                0x0800b7c8                HAL_TIM_PWM_Init
 .text.HAL_TIMEx_MasterConfigSynchronization
                0x0800b834       0x64 ./Drivers/STM32F1xx_HAL_Driver/Src/stm32f1xx_hal_tim_ex.o
                0x0800b834                HAL_TIMEx_MasterConfigSynchronization
 .text.HAL_TIMEx_ConfigBreakDeadTime
                0x0800b898       0x52 ./Drivers/STM32F1xx_HAL_Driver/Src/stm32f1xx_hal_tim_ex.o
                0x0800b898                HAL_TIMEx_ConfigBreakDeadTime
 .text.HAL_TIMEx_CommutCallback
                0x0800b8ea        0x2 ./Drivers/STM32F1xx_HAL_Driver/Src/stm32f1xx_hal_tim_ex.o
                0x0800b8ea                HAL_TIMEx_CommutCallback
 .text.HAL_TIMEx_CommutHalfCpltCallback
                0x0800b8ec        0x2 ./Drivers/STM32F1xx_HAL_Driver/Src/stm32f1xx_hal_tim_ex.o
                0x0800b8ec                HAL_TIMEx_CommutHalfCpltCallback
 .text.HAL_TIMEx_BreakCallback
                0x0800b8ee        0x2 ./Drivers/STM32F1xx_HAL_Driver/Src/stm32f1xx_hal_tim_ex.o
                0x0800b8ee                HAL_TIMEx_BreakCallback
 .text.TimerCallback
                0x0800b8f0       0x14 ./Middlewares/Third_Party/FreeRTOS/Source/CMSIS_RTOS_V2/cmsis_os2.o
 .text.osKernelInitialize
                0x0800b904       0x48 ./Middlewares/Third_Party/FreeRTOS/Source/CMSIS_RTOS_V2/cmsis_os2.o
                0x0800b904                osKernelInitialize
 .text.osKernelStart
                0x0800b94c       0x40 ./Middlewares/Third_Party/FreeRTOS/Source/CMSIS_RTOS_V2/cmsis_os2.o
                0x0800b94c                osKernelStart
 .text.osThreadNew
                0x0800b98c       0xb8 ./Middlewares/Third_Party/FreeRTOS/Source/CMSIS_RTOS_V2/cmsis_os2.o
                0x0800b98c                osThreadNew
 .text.osTimerNew
                0x0800ba44       0x80 ./Middlewares/Third_Party/FreeRTOS/Source/CMSIS_RTOS_V2/cmsis_os2.o
                0x0800ba44                osTimerNew
 .text.osTimerStart
                0x0800bac4       0x50 ./Middlewares/Third_Party/FreeRTOS/Source/CMSIS_RTOS_V2/cmsis_os2.o
                0x0800bac4                osTimerStart
 .text.vApplicationGetIdleTaskMemory
                0x0800bb14       0x18 ./Middlewares/Third_Party/FreeRTOS/Source/CMSIS_RTOS_V2/cmsis_os2.o
                0x0800bb14                vApplicationGetIdleTaskMemory
 .text.vApplicationGetTimerTaskMemory
                0x0800bb2c       0x18 ./Middlewares/Third_Party/FreeRTOS/Source/CMSIS_RTOS_V2/cmsis_os2.o
                0x0800bb2c                vApplicationGetTimerTaskMemory
 .text.vListInitialise
                0x0800bb44       0x16 ./Middlewares/Third_Party/FreeRTOS/Source/list.o
                0x0800bb44                vListInitialise
 .text.vListInitialiseItem
                0x0800bb5a        0x6 ./Middlewares/Third_Party/FreeRTOS/Source/list.o
                0x0800bb5a                vListInitialiseItem
 .text.vListInsertEnd
                0x0800bb60       0x16 ./Middlewares/Third_Party/FreeRTOS/Source/list.o
                0x0800bb60                vListInsertEnd
 .text.vListInsert
                0x0800bb76       0x2e ./Middlewares/Third_Party/FreeRTOS/Source/list.o
                0x0800bb76                vListInsert
 .text.uxListRemove
                0x0800bba4       0x24 ./Middlewares/Third_Party/FreeRTOS/Source/list.o
                0x0800bba4                uxListRemove
 .text.prvIsQueueEmpty
                0x0800bbc8       0x16 ./Middlewares/Third_Party/FreeRTOS/Source/queue.o
 .text.prvCopyDataToQueue
                0x0800bbde       0x66 ./Middlewares/Third_Party/FreeRTOS/Source/queue.o
 .text.prvCopyDataFromQueue
                0x0800bc44       0x28 ./Middlewares/Third_Party/FreeRTOS/Source/queue.o
 .text.prvUnlockQueue
                0x0800bc6c       0x70 ./Middlewares/Third_Party/FreeRTOS/Source/queue.o
 .text.xQueueGenericReset
                0x0800bcdc       0x7e ./Middlewares/Third_Party/FreeRTOS/Source/queue.o
                0x0800bcdc                xQueueGenericReset
 .text.xQueueGenericCreateStatic
                0x0800bd5a       0x9a ./Middlewares/Third_Party/FreeRTOS/Source/queue.o
                0x0800bd5a                xQueueGenericCreateStatic
 .text.xQueueGenericSend
                0x0800bdf4      0x164 ./Middlewares/Third_Party/FreeRTOS/Source/queue.o
                0x0800bdf4                xQueueGenericSend
 .text.xQueueGenericSendFromISR
                0x0800bf58       0xb8 ./Middlewares/Third_Party/FreeRTOS/Source/queue.o
                0x0800bf58                xQueueGenericSendFromISR
 .text.xQueueReceive
                0x0800c010      0x13c ./Middlewares/Third_Party/FreeRTOS/Source/queue.o
                0x0800c010                xQueueReceive
 .text.vQueueWaitForMessageRestricted
                0x0800c14c       0x46 ./Middlewares/Third_Party/FreeRTOS/Source/queue.o
                0x0800c14c                vQueueWaitForMessageRestricted
 *fill*         0x0800c192        0x2 
 .text.prvAddNewTaskToReadyList
                0x0800c194       0xf8 ./Middlewares/Third_Party/FreeRTOS/Source/tasks.o
 .text.prvAddCurrentTaskToDelayedList
                0x0800c28c       0x70 ./Middlewares/Third_Party/FreeRTOS/Source/tasks.o
 .text.prvIdleTask
                0x0800c2fc        0x8 ./Middlewares/Third_Party/FreeRTOS/Source/tasks.o
 .text.prvResetNextTaskUnblockTime
                0x0800c304       0x24 ./Middlewares/Third_Party/FreeRTOS/Source/tasks.o
 .text.prvInitialiseNewTask.constprop.0
                0x0800c328       0xb4 ./Middlewares/Third_Party/FreeRTOS/Source/tasks.o
 .text.xTaskCreateStatic
                0x0800c3dc       0x72 ./Middlewares/Third_Party/FreeRTOS/Source/tasks.o
                0x0800c3dc                xTaskCreateStatic
 .text.xTaskCreate
                0x0800c44e       0x5e ./Middlewares/Third_Party/FreeRTOS/Source/tasks.o
                0x0800c44e                xTaskCreate
 .text.eTaskGetState
                0x0800c4ac       0x68 ./Middlewares/Third_Party/FreeRTOS/Source/tasks.o
                0x0800c4ac                eTaskGetState
 .text.vTaskResume
                0x0800c514       0x94 ./Middlewares/Third_Party/FreeRTOS/Source/tasks.o
                0x0800c514                vTaskResume
 .text.vTaskStartScheduler
                0x0800c5a8       0xa4 ./Middlewares/Third_Party/FreeRTOS/Source/tasks.o
                0x0800c5a8                vTaskStartScheduler
 .text.vTaskSuspendAll
                0x0800c64c       0x10 ./Middlewares/Third_Party/FreeRTOS/Source/tasks.o
                0x0800c64c                vTaskSuspendAll
 .text.xTaskGetTickCount
                0x0800c65c        0xc ./Middlewares/Third_Party/FreeRTOS/Source/tasks.o
                0x0800c65c                xTaskGetTickCount
 .text.xTaskIncrementTick
                0x0800c668      0x13c ./Middlewares/Third_Party/FreeRTOS/Source/tasks.o
                0x0800c668                xTaskIncrementTick
 .text.xTaskResumeAll
                0x0800c7a4       0xe8 ./Middlewares/Third_Party/FreeRTOS/Source/tasks.o
                0x0800c7a4                xTaskResumeAll
 .text.vTaskSwitchContext
                0x0800c88c       0xd0 ./Middlewares/Third_Party/FreeRTOS/Source/tasks.o
                0x0800c88c                vTaskSwitchContext
 .text.vTaskSuspend
                0x0800c95c       0xb4 ./Middlewares/Third_Party/FreeRTOS/Source/tasks.o
                0x0800c95c                vTaskSuspend
 .text.vTaskPlaceOnEventList
                0x0800ca10       0x34 ./Middlewares/Third_Party/FreeRTOS/Source/tasks.o
                0x0800ca10                vTaskPlaceOnEventList
 .text.vTaskPlaceOnEventListRestricted
                0x0800ca44       0x40 ./Middlewares/Third_Party/FreeRTOS/Source/tasks.o
                0x0800ca44                vTaskPlaceOnEventListRestricted
 .text.xTaskRemoveFromEventList
                0x0800ca84       0x80 ./Middlewares/Third_Party/FreeRTOS/Source/tasks.o
                0x0800ca84                xTaskRemoveFromEventList
 .text.vTaskInternalSetTimeOutState
                0x0800cb04       0x18 ./Middlewares/Third_Party/FreeRTOS/Source/tasks.o
                0x0800cb04                vTaskInternalSetTimeOutState
 .text.xTaskCheckForTimeOut
                0x0800cb1c       0x78 ./Middlewares/Third_Party/FreeRTOS/Source/tasks.o
                0x0800cb1c                xTaskCheckForTimeOut
 .text.vTaskMissedYield
                0x0800cb94        0xc ./Middlewares/Third_Party/FreeRTOS/Source/tasks.o
                0x0800cb94                vTaskMissedYield
 .text.vTaskGetInfo
                0x0800cba0       0x80 ./Middlewares/Third_Party/FreeRTOS/Source/tasks.o
                0x0800cba0                vTaskGetInfo
 .text.prvListTasksWithinSingleList
                0x0800cc20       0x60 ./Middlewares/Third_Party/FreeRTOS/Source/tasks.o
 .text.uxTaskGetSystemState
                0x0800cc80       0x9c ./Middlewares/Third_Party/FreeRTOS/Source/tasks.o
                0x0800cc80                uxTaskGetSystemState
 .text.xTaskGetSchedulerState
                0x0800cd1c       0x20 ./Middlewares/Third_Party/FreeRTOS/Source/tasks.o
                0x0800cd1c                xTaskGetSchedulerState
 .text.xTaskPriorityDisinherit
                0x0800cd3c       0x8c ./Middlewares/Third_Party/FreeRTOS/Source/tasks.o
                0x0800cd3c                xTaskPriorityDisinherit
 .text.prvInsertTimerInActiveList
                0x0800cdc8       0x3c ./Middlewares/Third_Party/FreeRTOS/Source/timers.o
 .text.prvCheckForValidListAndQueue
                0x0800ce04       0x5c ./Middlewares/Third_Party/FreeRTOS/Source/timers.o
 .text.xTimerCreateTimerTask
                0x0800ce60       0x64 ./Middlewares/Third_Party/FreeRTOS/Source/timers.o
                0x0800ce60                xTimerCreateTimerTask
 .text.xTimerCreate
                0x0800cec4       0x4e ./Middlewares/Third_Party/FreeRTOS/Source/timers.o
                0x0800cec4                xTimerCreate
 .text.xTimerCreateStatic
                0x0800cf12       0x78 ./Middlewares/Third_Party/FreeRTOS/Source/timers.o
                0x0800cf12                xTimerCreateStatic
 *fill*         0x0800cf8a        0x2 
 .text.xTimerGenericCommand
                0x0800cf8c       0x54 ./Middlewares/Third_Party/FreeRTOS/Source/timers.o
                0x0800cf8c                xTimerGenericCommand
 .text.prvSampleTimeNow
                0x0800cfe0       0xa0 ./Middlewares/Third_Party/FreeRTOS/Source/timers.o
 .text.prvTimerTask
                0x0800d080      0x1a4 ./Middlewares/Third_Party/FreeRTOS/Source/timers.o
 .text.pvTimerGetTimerID
                0x0800d224       0x26 ./Middlewares/Third_Party/FreeRTOS/Source/timers.o
                0x0800d224                pvTimerGetTimerID
 *fill*         0x0800d24a        0x2 
 .text.prvPortStartFirstTask
                0x0800d24c       0x20 ./Middlewares/Third_Party/FreeRTOS/Source/portable/GCC/ARM_CM3/port.o
 .text.prvTaskExitError
                0x0800d26c       0x40 ./Middlewares/Third_Party/FreeRTOS/Source/portable/GCC/ARM_CM3/port.o
 .text.pxPortInitialiseStack
                0x0800d2ac       0x24 ./Middlewares/Third_Party/FreeRTOS/Source/portable/GCC/ARM_CM3/port.o
                0x0800d2ac                pxPortInitialiseStack
 .text.SVC_Handler
                0x0800d2d0       0x24 ./Middlewares/Third_Party/FreeRTOS/Source/portable/GCC/ARM_CM3/port.o
                0x0800d2d0                SVC_Handler
 .text.vPortEnterCritical
                0x0800d2f4       0x40 ./Middlewares/Third_Party/FreeRTOS/Source/portable/GCC/ARM_CM3/port.o
                0x0800d2f4                vPortEnterCritical
 .text.vPortExitCritical
                0x0800d334       0x28 ./Middlewares/Third_Party/FreeRTOS/Source/portable/GCC/ARM_CM3/port.o
                0x0800d334                vPortExitCritical
 *fill*         0x0800d35c        0x4 
 .text.PendSV_Handler
                0x0800d360       0x44 ./Middlewares/Third_Party/FreeRTOS/Source/portable/GCC/ARM_CM3/port.o
                0x0800d360                PendSV_Handler
 .text.SysTick_Handler
                0x0800d3a4       0x2c ./Middlewares/Third_Party/FreeRTOS/Source/portable/GCC/ARM_CM3/port.o
                0x0800d3a4                SysTick_Handler
 .text.vPortSetupTimerInterrupt
                0x0800d3d0       0x24 ./Middlewares/Third_Party/FreeRTOS/Source/portable/GCC/ARM_CM3/port.o
                0x0800d3d0                vPortSetupTimerInterrupt
 .text.xPortStartScheduler
                0x0800d3f4       0xb0 ./Middlewares/Third_Party/FreeRTOS/Source/portable/GCC/ARM_CM3/port.o
                0x0800d3f4                xPortStartScheduler
 .text.vPortValidateInterruptPriority
                0x0800d4a4       0x5c ./Middlewares/Third_Party/FreeRTOS/Source/portable/GCC/ARM_CM3/port.o
                0x0800d4a4                vPortValidateInterruptPriority
 .text.prvInsertBlockIntoFreeList
                0x0800d500       0x4c ./Middlewares/Third_Party/FreeRTOS/Source/portable/MemMang/heap_5.o
 .text.pvPortMalloc
                0x0800d54c       0xc4 ./Middlewares/Third_Party/FreeRTOS/Source/portable/MemMang/heap_5.o
                0x0800d54c                pvPortMalloc
 .text.vPortFree
                0x0800d610       0x70 ./Middlewares/Third_Party/FreeRTOS/Source/portable/MemMang/heap_5.o
                0x0800d610                vPortFree
 .text.vPortDefineHeapRegions
                0x0800d680       0xf8 ./Middlewares/Third_Party/FreeRTOS/Source/portable/MemMang/heap_5.o
                0x0800d680                vPortDefineHeapRegions
 .text.MX_ADC1_Init
                0x0800d778       0xe0 ./Src/adc.o
                0x0800d778                MX_ADC1_Init
 .text.HAL_ADC_MspInit
                0x0800d858       0x98 ./Src/adc.o
                0x0800d858                HAL_ADC_MspInit
 .text.MX_CAN_Init
                0x0800d8f0      0x138 ./Src/can.o
                0x0800d8f0                MX_CAN_Init
 .text.HAL_CAN_MspInit
                0x0800da28       0x74 ./Src/can.o
                0x0800da28                HAL_CAN_MspInit
 .text.MX_CRC_Init
                0x0800da9c       0x20 ./Src/crc.o
                0x0800da9c                MX_CRC_Init
 .text.HAL_CRC_MspInit
                0x0800dabc       0x28 ./Src/crc.o
                0x0800dabc                HAL_CRC_MspInit
 .text.MX_DMA_Init
                0x0800dae4       0x20 ./Src/dma.o
                0x0800dae4                MX_DMA_Init
 .text.QM_BSW_TASK
                0x0800db04       0x16 ./Src/freertos.o
                0x0800db04                QM_BSW_TASK
 *fill*         0x0800db1a        0x2 
 .text.CPULOAD_OS_TASK
                0x0800db1c       0xf0 ./Src/freertos.o
                0x0800db1c                CPULOAD_OS_TASK
 .text.QM_APPL_TASK
                0x0800dc0c        0xe ./Src/freertos.o
                0x0800dc0c                QM_APPL_TASK
 .text.QM_DIAG_TASK
                0x0800dc1a        0xe ./Src/freertos.o
                0x0800dc1a                QM_DIAG_TASK
 .text.Alarm5ms_Callback
                0x0800dc28       0x48 ./Src/freertos.o
                0x0800dc28                Alarm5ms_Callback
 .text.configureTimerForRunTimeStats
                0x0800dc70       0x14 ./Src/freertos.o
                0x0800dc70                configureTimerForRunTimeStats
 .text.getRunTimeCounterValue
                0x0800dc84        0xc ./Src/freertos.o
                0x0800dc84                getRunTimeCounterValue
 .text.vApplicationIdleHook
                0x0800dc90       0x28 ./Src/freertos.o
                0x0800dc90                vApplicationIdleHook
 .text.vApplicationTickHook
                0x0800dcb8       0x3c ./Src/freertos.o
                0x0800dcb8                vApplicationTickHook
 .text.vApplicationStackOverflowHook
                0x0800dcf4        0x8 ./Src/freertos.o
                0x0800dcf4                vApplicationStackOverflowHook
 .text.vApplicationMallocFailedHook
                0x0800dcfc        0x8 ./Src/freertos.o
                0x0800dcfc                vApplicationMallocFailedHook
 .text.MX_FREERTOS_Init
                0x0800dd04       0x94 ./Src/freertos.o
                0x0800dd04                MX_FREERTOS_Init
 .text.MX_GPIO_Init
                0x0800dd98       0xc8 ./Src/gpio.o
                0x0800dd98                MX_GPIO_Init
 .text.HAL_ADC_ConvCpltCallback
                0x0800de60      0x280 ./Src/main.o
                0x0800de60                HAL_ADC_ConvCpltCallback
 .text.HAL_ADC_ErrorCallback
                0x0800e0e0       0x40 ./Src/main.o
                0x0800e0e0                HAL_ADC_ErrorCallback
 .text.HAL_TIM_PeriodElapsedCallback
                0x0800e120       0x14 ./Src/main.o
                0x0800e120                HAL_TIM_PeriodElapsedCallback
 .text.Error_Handler
                0x0800e134        0x8 ./Src/main.o
                0x0800e134                Error_Handler
 .text.SystemClock_Config
                0x0800e13c       0x82 ./Src/main.o
                0x0800e13c                SystemClock_Config
 *fill*         0x0800e1be        0x2 
 .text.startup.main
                0x0800e1c0      0x19c ./Src/main.o
                0x0800e1c0                main
 .text.HAL_MspInit
                0x0800e35c       0x50 ./Src/stm32f1xx_hal_msp.o
                0x0800e35c                HAL_MspInit
 .text.TimeBase_TIM_PeriodElapsedCallback
                0x0800e3ac        0x4 ./Src/stm32f1xx_hal_timebase_tim.o
                0x0800e3ac                TimeBase_TIM_PeriodElapsedCallback
 .text.HAL_InitTick
                0x0800e3b0       0xa8 ./Src/stm32f1xx_hal_timebase_tim.o
                0x0800e3b0                HAL_InitTick
 .text.NMI_Handler
                0x0800e458        0xc ./Src/stm32f1xx_it.o
                0x0800e458                NMI_Handler
 .text.HardFault_Handler
                0x0800e464        0xc ./Src/stm32f1xx_it.o
                0x0800e464                HardFault_Handler
 .text.MemManage_Handler
                0x0800e470        0xc ./Src/stm32f1xx_it.o
                0x0800e470                MemManage_Handler
 .text.BusFault_Handler
                0x0800e47c        0xc ./Src/stm32f1xx_it.o
                0x0800e47c                BusFault_Handler
 .text.UsageFault_Handler
                0x0800e488        0xc ./Src/stm32f1xx_it.o
                0x0800e488                UsageFault_Handler
 .text.DebugMon_Handler
                0x0800e494        0x2 ./Src/stm32f1xx_it.o
                0x0800e494                DebugMon_Handler
 .text.PVD_IRQHandler
                0x0800e496       0x12 ./Src/stm32f1xx_it.o
                0x0800e496                PVD_IRQHandler
 .text.FLASH_IRQHandler
                0x0800e4a8        0x4 ./Src/stm32f1xx_it.o
                0x0800e4a8                FLASH_IRQHandler
 .text.RCC_IRQHandler
                0x0800e4ac        0x2 ./Src/stm32f1xx_it.o
                0x0800e4ac                RCC_IRQHandler
 *fill*         0x0800e4ae        0x2 
 .text.DMA1_Channel1_IRQHandler
                0x0800e4b0        0xc ./Src/stm32f1xx_it.o
                0x0800e4b0                DMA1_Channel1_IRQHandler
 .text.ADC1_2_IRQHandler
                0x0800e4bc        0xc ./Src/stm32f1xx_it.o
                0x0800e4bc                ADC1_2_IRQHandler
 .text.USB_HP_CAN1_TX_IRQHandler
                0x0800e4c8        0xc ./Src/stm32f1xx_it.o
                0x0800e4c8                USB_HP_CAN1_TX_IRQHandler
 .text.USB_LP_CAN1_RX0_IRQHandler
                0x0800e4d4        0x4 ./Src/stm32f1xx_it.o
                0x0800e4d4                USB_LP_CAN1_RX0_IRQHandler
 .text.CAN1_RX1_IRQHandler
                0x0800e4d8        0x4 ./Src/stm32f1xx_it.o
                0x0800e4d8                CAN1_RX1_IRQHandler
 .text.CAN1_SCE_IRQHandler
                0x0800e4dc        0x4 ./Src/stm32f1xx_it.o
                0x0800e4dc                CAN1_SCE_IRQHandler
 .text.TIM1_BRK_IRQHandler
                0x0800e4e0        0xc ./Src/stm32f1xx_it.o
                0x0800e4e0                TIM1_BRK_IRQHandler
 .text.TIM1_UP_IRQHandler
                0x0800e4ec        0x4 ./Src/stm32f1xx_it.o
                0x0800e4ec                TIM1_UP_IRQHandler
 .text.TIM1_TRG_COM_IRQHandler
                0x0800e4f0        0x4 ./Src/stm32f1xx_it.o
                0x0800e4f0                TIM1_TRG_COM_IRQHandler
 .text.TIM1_CC_IRQHandler
                0x0800e4f4        0x4 ./Src/stm32f1xx_it.o
                0x0800e4f4                TIM1_CC_IRQHandler
 .text.TIM3_IRQHandler
                0x0800e4f8       0x18 ./Src/stm32f1xx_it.o
                0x0800e4f8                TIM3_IRQHandler
 .text.TIM4_IRQHandler
                0x0800e510        0xc ./Src/stm32f1xx_it.o
                0x0800e510                TIM4_IRQHandler
 .text.SystemInit
                0x0800e51c        0x2 ./Src/system_stm32f1xx.o
                0x0800e51c                SystemInit
 *fill*         0x0800e51e        0x2 
 .text.MX_TIM3_Init
                0x0800e520       0x68 ./Src/tim.o
                0x0800e520                MX_TIM3_Init
 .text.HAL_TIM_PWM_MspInit
                0x0800e588       0x28 ./Src/tim.o
                0x0800e588                HAL_TIM_PWM_MspInit
 .text.HAL_TIM_Base_MspInit
                0x0800e5b0       0x28 ./Src/tim.o
                0x0800e5b0                HAL_TIM_Base_MspInit
 .text.HAL_TIM_MspPostInit
                0x0800e5d8       0x50 ./Src/tim.o
                0x0800e5d8                HAL_TIM_MspPostInit
 .text.MX_TIM1_Init
                0x0800e628       0xac ./Src/tim.o
                0x0800e628                MX_TIM1_Init
 .text.memset   0x0800e6d4       0x10 C:/ST/STM32CubeIDE_1.16.0/STM32CubeIDE/plugins/com.st.stm32cube.ide.mcu.externaltools.gnu-tools-for-stm32.12.3.rel1.win32_1.0.200.202406191623/tools/bin/../lib/gcc/arm-none-eabi/12.3.1/../../../../arm-none-eabi/lib/thumb/v7-m/nofp\libc_nano.a(libc_a-memset.o)
                0x0800e6d4                memset
 .text.__errno  0x0800e6e4        0xc C:/ST/STM32CubeIDE_1.16.0/STM32CubeIDE/plugins/com.st.stm32cube.ide.mcu.externaltools.gnu-tools-for-stm32.12.3.rel1.win32_1.0.200.202406191623/tools/bin/../lib/gcc/arm-none-eabi/12.3.1/../../../../arm-none-eabi/lib/thumb/v7-m/nofp\libc_nano.a(libc_a-errno.o)
                0x0800e6e4                __errno
 .text.__libc_init_array
                0x0800e6f0       0x48 C:/ST/STM32CubeIDE_1.16.0/STM32CubeIDE/plugins/com.st.stm32cube.ide.mcu.externaltools.gnu-tools-for-stm32.12.3.rel1.win32_1.0.200.202406191623/tools/bin/../lib/gcc/arm-none-eabi/12.3.1/../../../../arm-none-eabi/lib/thumb/v7-m/nofp\libc_nano.a(libc_a-init.o)
                0x0800e6f0                __libc_init_array
 .text.memcpy   0x0800e738       0x1c C:/ST/STM32CubeIDE_1.16.0/STM32CubeIDE/plugins/com.st.stm32cube.ide.mcu.externaltools.gnu-tools-for-stm32.12.3.rel1.win32_1.0.200.202406191623/tools/bin/../lib/gcc/arm-none-eabi/12.3.1/../../../../arm-none-eabi/lib/thumb/v7-m/nofp\libc_nano.a(libc_a-memcpy-stub.o)
                0x0800e738                memcpy
 .text.logf     0x0800e754       0x50 C:/ST/STM32CubeIDE_1.16.0/STM32CubeIDE/plugins/com.st.stm32cube.ide.mcu.externaltools.gnu-tools-for-stm32.12.3.rel1.win32_1.0.200.202406191623/tools/bin/../lib/gcc/arm-none-eabi/12.3.1/../../../../arm-none-eabi/lib/thumb/v7-m/nofp\libm.a(libm_a-wf_log.o)
                0x0800e754                logf
 .text.nanf     0x0800e7a4        0x8 C:/ST/STM32CubeIDE_1.16.0/STM32CubeIDE/plugins/com.st.stm32cube.ide.mcu.externaltools.gnu-tools-for-stm32.12.3.rel1.win32_1.0.200.202406191623/tools/bin/../lib/gcc/arm-none-eabi/12.3.1/../../../../arm-none-eabi/lib/thumb/v7-m/nofp\libm.a(libm_a-sf_nan.o)
                0x0800e7a4                nanf
 .text.__ieee754_logf
                0x0800e7ac      0x25c C:/ST/STM32CubeIDE_1.16.0/STM32CubeIDE/plugins/com.st.stm32cube.ide.mcu.externaltools.gnu-tools-for-stm32.12.3.rel1.win32_1.0.200.202406191623/tools/bin/../lib/gcc/arm-none-eabi/12.3.1/../../../../arm-none-eabi/lib/thumb/v7-m/nofp\libm.a(libm_a-ef_log.o)
                0x0800e7ac                __ieee754_logf
 *(.glue_7)
 .glue_7        0x0800ea08        0x0 linker stubs
 *(.glue_7t)
 .glue_7t       0x0800ea08        0x0 linker stubs
 *(.eh_frame)
 .eh_frame      0x0800ea08        0x0 C:/ST/STM32CubeIDE_1.16.0/STM32CubeIDE/plugins/com.st.stm32cube.ide.mcu.externaltools.gnu-tools-for-stm32.12.3.rel1.win32_1.0.200.202406191623/tools/bin/../lib/gcc/arm-none-eabi/12.3.1/thumb/v7-m/nofp/crtbegin.o
 *(.init)
 .init          0x0800ea08        0x4 C:/ST/STM32CubeIDE_1.16.0/STM32CubeIDE/plugins/com.st.stm32cube.ide.mcu.externaltools.gnu-tools-for-stm32.12.3.rel1.win32_1.0.200.202406191623/tools/bin/../lib/gcc/arm-none-eabi/12.3.1/thumb/v7-m/nofp/crti.o
                0x0800ea08                _init
 .init          0x0800ea0c        0x8 C:/ST/STM32CubeIDE_1.16.0/STM32CubeIDE/plugins/com.st.stm32cube.ide.mcu.externaltools.gnu-tools-for-stm32.12.3.rel1.win32_1.0.200.202406191623/tools/bin/../lib/gcc/arm-none-eabi/12.3.1/thumb/v7-m/nofp/crtn.o
 *(.fini)
 .fini          0x0800ea14        0x4 C:/ST/STM32CubeIDE_1.16.0/STM32CubeIDE/plugins/com.st.stm32cube.ide.mcu.externaltools.gnu-tools-for-stm32.12.3.rel1.win32_1.0.200.202406191623/tools/bin/../lib/gcc/arm-none-eabi/12.3.1/thumb/v7-m/nofp/crti.o
                0x0800ea14                _fini
 .fini          0x0800ea18        0x8 C:/ST/STM32CubeIDE_1.16.0/STM32CubeIDE/plugins/com.st.stm32cube.ide.mcu.externaltools.gnu-tools-for-stm32.12.3.rel1.win32_1.0.200.202406191623/tools/bin/../lib/gcc/arm-none-eabi/12.3.1/thumb/v7-m/nofp/crtn.o
                0x0800ea20                        . = ALIGN (0x4)
                0x0800ea20                        _etext = .

.vfp11_veneer   0x0800ea20        0x0
 .vfp11_veneer  0x0800ea20        0x0 linker stubs

.v4_bx          0x0800ea20        0x0
 .v4_bx         0x0800ea20        0x0 linker stubs

.iplt           0x0800ea20        0x0
 .iplt          0x0800ea20        0x0 C:/ST/STM32CubeIDE_1.16.0/STM32CubeIDE/plugins/com.st.stm32cube.ide.mcu.externaltools.gnu-tools-for-stm32.12.3.rel1.win32_1.0.200.202406191623/tools/bin/../lib/gcc/arm-none-eabi/12.3.1/thumb/v7-m/nofp/crtbegin.o

.rodata         0x0800ea20      0x1e4
                0x0800ea20                        . = ALIGN (0x4)
 *(.rodata)
 *(.rodata*)
 .rodata.soc_tbl.0
                0x0800ea20       0x2c ./APPL/SMon/SMon.o
 .rodata.ocv_tbl.1
                0x0800ea4c       0x2c ./APPL/SMon/SMon.o
 .rodata.CanH_P_DelayTxParam
                0x0800ea78        0x4 ./BSW/Com/CanH/CanH.o
                0x0800ea78                CanH_P_DelayTxParam
 .rodata.Dem_PreDefined_DTC_Table
                0x0800ea7c       0x50 ./BSW/Diag/Dem/Dem.o
                0x0800ea7c                Dem_PreDefined_DTC_Table
 .rodata.Dem_PreDefined_OBD_DTC_Table
                0x0800eacc       0x24 ./BSW/Diag/Dem/Dem.o
                0x0800eacc                Dem_PreDefined_OBD_DTC_Table
 .rodata.aPredivFactorTable.0
                0x0800eaf0        0x2 ./Drivers/STM32F1xx_HAL_Driver/Src/stm32f1xx_hal_rcc.o
 .rodata.aPLLMULFactorTable.1
                0x0800eaf2       0x10 ./Drivers/STM32F1xx_HAL_Driver/Src/stm32f1xx_hal_rcc.o
 .rodata.aPredivFactorTable.0
                0x0800eb02        0x2 ./Drivers/STM32F1xx_HAL_Driver/Src/stm32f1xx_hal_rcc_ex.o
 .rodata.aPLLMULFactorTable.1
                0x0800eb04       0x10 ./Drivers/STM32F1xx_HAL_Driver/Src/stm32f1xx_hal_rcc_ex.o
 .rodata.vTaskStartScheduler.str1.1
                0x0800eb14        0x5 ./Middlewares/Third_Party/FreeRTOS/Source/tasks.o
 .rodata.xTimerCreateTimerTask.str1.1
                0x0800eb19        0x8 ./Middlewares/Third_Party/FreeRTOS/Source/timers.o
 .rodata.str1.1
                0x0800eb21       0x2b ./Src/freertos.o
 .rodata.Alarm5ms_attributes
                0x0800eb4c       0x10 ./Src/freertos.o
                0x0800eb4c                Alarm5ms_attributes
 .rodata.CPULOAD_OS_attributes
                0x0800eb5c       0x24 ./Src/freertos.o
                0x0800eb5c                CPULOAD_OS_attributes
 .rodata.QM_DIAG_attributes
                0x0800eb80       0x24 ./Src/freertos.o
                0x0800eb80                QM_DIAG_attributes
 .rodata.QM_APPL_attributes
                0x0800eba4       0x24 ./Src/freertos.o
                0x0800eba4                QM_APPL_attributes
 .rodata.QM_BSW_attributes
                0x0800ebc8       0x24 ./Src/freertos.o
                0x0800ebc8                QM_BSW_attributes
 .rodata.APBPrescTable
                0x0800ebec        0x8 ./Src/system_stm32f1xx.o
                0x0800ebec                APBPrescTable
 .rodata.AHBPrescTable
                0x0800ebf4       0x10 ./Src/system_stm32f1xx.o
                0x0800ebf4                AHBPrescTable
 .rodata.logf.str1.1
                0x0800ec04       0x2b C:/ST/STM32CubeIDE_1.16.0/STM32CubeIDE/plugins/com.st.stm32cube.ide.mcu.externaltools.gnu-tools-for-stm32.12.3.rel1.win32_1.0.200.202406191623/tools/bin/../lib/gcc/arm-none-eabi/12.3.1/../../../../arm-none-eabi/lib/thumb/v7-m/nofp\libm.a(libm_a-wf_log.o)
                                  0x1 (size before relaxing)
                0x0800ec30                        . = ALIGN (0x4)

.ARM.extab      0x0800ec04        0x0
                0x0800ec04                        . = ALIGN (0x4)
 *(.ARM.extab* .gnu.linkonce.armextab.*)
                0x0800ec04                        . = ALIGN (0x4)

.ARM            0x0800ec04        0x0
                0x0800ec04                        . = ALIGN (0x4)
                0x0800ec04                        __exidx_start = .
 *(.ARM.exidx*)
                0x0800ec04                        __exidx_end = .
                0x0800ec04                        . = ALIGN (0x4)

.preinit_array  0x0800ec04        0x0
                0x0800ec04                        . = ALIGN (0x4)
                0x0800ec04                        PROVIDE (__preinit_array_start = .)
 *(.preinit_array*)
                0x0800ec04                        PROVIDE (__preinit_array_end = .)
                0x0800ec04                        . = ALIGN (0x4)

.init_array     0x0800ec04        0x4
                0x0800ec04                        . = ALIGN (0x4)
                0x0800ec04                        PROVIDE (__init_array_start = .)
 *(SORT_BY_NAME(.init_array.*))
 *(.init_array*)
 .init_array    0x0800ec04        0x4 C:/ST/STM32CubeIDE_1.16.0/STM32CubeIDE/plugins/com.st.stm32cube.ide.mcu.externaltools.gnu-tools-for-stm32.12.3.rel1.win32_1.0.200.202406191623/tools/bin/../lib/gcc/arm-none-eabi/12.3.1/thumb/v7-m/nofp/crtbegin.o
                0x0800ec08                        PROVIDE (__init_array_end = .)
                0x0800ec08                        . = ALIGN (0x4)

.fini_array     0x0800ec08        0x4
                0x0800ec08                        . = ALIGN (0x4)
                [!provide]                        PROVIDE (__fini_array_start = .)
 *(SORT_BY_NAME(.fini_array.*))
 *(.fini_array*)
 .fini_array    0x0800ec08        0x4 C:/ST/STM32CubeIDE_1.16.0/STM32CubeIDE/plugins/com.st.stm32cube.ide.mcu.externaltools.gnu-tools-for-stm32.12.3.rel1.win32_1.0.200.202406191623/tools/bin/../lib/gcc/arm-none-eabi/12.3.1/thumb/v7-m/nofp/crtbegin.o
                [!provide]                        PROVIDE (__fini_array_end = .)
                0x0800ec0c                        . = ALIGN (0x4)
                0x0800ec0c                        _sidata = LOADADDR (.data)

.rel.dyn        0x0800ec0c        0x0
 .rel.iplt      0x0800ec0c        0x0 C:/ST/STM32CubeIDE_1.16.0/STM32CubeIDE/plugins/com.st.stm32cube.ide.mcu.externaltools.gnu-tools-for-stm32.12.3.rel1.win32_1.0.200.202406191623/tools/bin/../lib/gcc/arm-none-eabi/12.3.1/thumb/v7-m/nofp/crtbegin.o

.data           0x20000000      0x374 load address 0x0800ec0c
                0x20000000                        . = ALIGN (0x4)
                0x20000000                        _sdata = .
 *(.data)
 *(.data*)
 .data.SMon_P_ISenseZeroOffset_A
                0x20000000        0x4 ./APPL/SMon/SMon.o
                0x20000000                SMon_P_ISenseZeroOffset_A
 .data.SMon_P_BattCurrentDeadband_A
                0x20000004        0x4 ./APPL/SMon/SMon.o
                0x20000004                SMon_P_BattCurrentDeadband_A
 .data.SMon_P_BattCurrentAlpha
                0x20000008        0x4 ./APPL/SMon/SMon.o
                0x20000008                SMon_P_BattCurrentAlpha
 .data.SMon_P_BattBadRint_Ohm
                0x2000000c        0x4 ./APPL/SMon/SMon.o
                0x2000000c                SMon_P_BattBadRint_Ohm
 .data.SMon_P_BattNominalRint_Ohm
                0x20000010        0x4 ./APPL/SMon/SMon.o
                0x20000010                SMon_P_BattNominalRint_Ohm
 .data.SMon_P_BattSoHMax_pct
                0x20000014        0x4 ./APPL/SMon/SMon.o
                0x20000014                SMon_P_BattSoHMax_pct
 .data.SMon_P_BattSoHMin_pct
                0x20000018        0x4 ./APPL/SMon/SMon.o
                0x20000018                SMon_P_BattSoHMin_pct
 .data.SMon_P_BattOcvCorrectionGain
                0x2000001c        0x4 ./APPL/SMon/SMon.o
                0x2000001c                SMon_P_BattOcvCorrectionGain
 .data.SMon_P_BattChargeEfficiency
                0x20000020        0x4 ./APPL/SMon/SMon.o
                0x20000020                SMon_P_BattChargeEfficiency
 .data.SMon_P_BattAlphaRint
                0x20000024        0x4 ./APPL/SMon/SMon.o
                0x20000024                SMon_P_BattAlphaRint
 .data.SMon_P_BattAlphaCurr
                0x20000028        0x4 ./APPL/SMon/SMon.o
                0x20000028                SMon_P_BattAlphaCurr
 .data.SMon_P_BattAlphaVolt
                0x2000002c        0x4 ./APPL/SMon/SMon.o
                0x2000002c                SMon_P_BattAlphaVolt
 .data.SMon_P_BattCrankVolt_V
                0x20000030        0x4 ./APPL/SMon/SMon.o
                0x20000030                SMon_P_BattCrankVolt_V
 .data.SMon_P_BattDeepDischargeVolt_V
                0x20000034        0x4 ./APPL/SMon/SMon.o
                0x20000034                SMon_P_BattDeepDischargeVolt_V
 .data.SMon_P_BattWeakVolt_V
                0x20000038        0x4 ./APPL/SMon/SMon.o
                0x20000038                SMon_P_BattWeakVolt_V
 .data.SMon_P_BattRestTimeTicks
                0x2000003c        0x4 ./APPL/SMon/SMon.o
                0x2000003c                SMon_P_BattRestTimeTicks
 .data.SMon_P_BattRestVoltDelta_V
                0x20000040        0x4 ./APPL/SMon/SMon.o
                0x20000040                SMon_P_BattRestVoltDelta_V
 .data.SMon_P_BattRestCurrent_A
                0x20000044        0x4 ./APPL/SMon/SMon.o
                0x20000044                SMon_P_BattRestCurrent_A
 .data.SMon_P_BattMaxSoC_pct
                0x20000048        0x4 ./APPL/SMon/SMon.o
                0x20000048                SMon_P_BattMaxSoC_pct
 .data.SMon_P_BattInitialSoC_pct
                0x2000004c        0x4 ./APPL/SMon/SMon.o
                0x2000004c                SMon_P_BattInitialSoC_pct
 .data.SMon_P_BattNominalCapacity_Ah
                0x20000050        0x4 ./APPL/SMon/SMon.o
                0x20000050                SMon_P_BattNominalCapacity_Ah
 .data.SMon_P_NTCTemperatureRelease
                0x20000054        0x4 ./APPL/SMon/SMon.o
                0x20000054                SMon_P_NTCTemperatureRelease
 .data.SMon_P_NTCTemperatureMax
                0x20000058        0x4 ./APPL/SMon/SMon.o
                0x20000058                SMon_P_NTCTemperatureMax
 .data.SMon_P_ExternalChargerThreshold
                0x2000005c        0x4 ./APPL/SMon/SMon.o
                0x2000005c                SMon_P_ExternalChargerThreshold
 .data.SMon_P_TwoPointCalib_NoLoad_ISense
                0x20000060        0x4 ./APPL/SMon/SMon.o
                0x20000060                SMon_P_TwoPointCalib_NoLoad_ISense
 .data.SMon_P_TwoPointCalib_ConvFacISense
                0x20000064        0x4 ./APPL/SMon/SMon.o
                0x20000064                SMon_P_TwoPointCalib_ConvFacISense
 .data.SMon_P_AlphaFilterExtChIsense
                0x20000068        0x4 ./APPL/SMon/SMon.o
                0x20000068                SMon_P_AlphaFilterExtChIsense
 .data.SMon_P_AlphaFilter
                0x2000006c        0x4 ./APPL/SMon/SMon.o
                0x2000006c                SMon_P_AlphaFilter
 .data.SMon_P_VoltageDivider
                0x20000070        0x4 ./APPL/SMon/SMon.o
                0x20000070                SMon_P_VoltageDivider
 .data.SMon_P_Kelvin
                0x20000074        0x4 ./APPL/SMon/SMon.o
                0x20000074                SMon_P_Kelvin
 .data.SMon_P_RoomTemperature
                0x20000078        0x4 ./APPL/SMon/SMon.o
                0x20000078                SMon_P_RoomTemperature
 .data.SMon_P_AvgSlope
                0x2000007c        0x4 ./APPL/SMon/SMon.o
                0x2000007c                SMon_P_AvgSlope
 .data.SMon_P_VoltsAt25
                0x20000080        0x4 ./APPL/SMon/SMon.o
                0x20000080                SMon_P_VoltsAt25
 .data.SMon_P_RoomTempKelvin
                0x20000084        0x4 ./APPL/SMon/SMon.o
                0x20000084                SMon_P_RoomTempKelvin
 .data.SMon_P_I2TRating
                0x20000088        0x4 ./APPL/SMon/SMon.o
                0x20000088                SMon_P_I2TRating
 .data.SMon_P_ISenseNominal
                0x2000008c        0x4 ./APPL/SMon/SMon.o
                0x2000008c                SMon_P_ISenseNominal
 .data.SMon_P_NTC_L1_TwoPointCalibration_ParamB
                0x20000090        0x4 ./APPL/SMon/SMon.o
                0x20000090                SMon_P_NTC_L1_TwoPointCalibration_ParamB
 .data.SMon_P_NTC_L1_TwoPointCalibration_ParamA
                0x20000094        0x4 ./APPL/SMon/SMon.o
                0x20000094                SMon_P_NTC_L1_TwoPointCalibration_ParamA
 .data.SMon_P_VFB_L1_TwoPointCalibration_ParamB
                0x20000098        0x4 ./APPL/SMon/SMon.o
                0x20000098                SMon_P_VFB_L1_TwoPointCalibration_ParamB
 .data.SMon_P_VFB_L1_TwoPointCalibration_ParamA
                0x2000009c        0x4 ./APPL/SMon/SMon.o
                0x2000009c                SMon_P_VFB_L1_TwoPointCalibration_ParamA
 .data.SMon_P_VFB_T30_TwoPointCalibration_ParamB
                0x200000a0        0x4 ./APPL/SMon/SMon.o
                0x200000a0                SMon_P_VFB_T30_TwoPointCalibration_ParamB
 .data.SMon_P_VFB_T30_TwoPointCalibration_ParamA
                0x200000a4        0x4 ./APPL/SMon/SMon.o
                0x200000a4                SMon_P_VFB_T30_TwoPointCalibration_ParamA
 .data.SMon_P_LowDisTimeCyc
                0x200000a8        0x4 ./APPL/SMon/SMon.o
                0x200000a8                SMon_P_LowDisTimeCyc
 .data.SMon_P_LongDischargeTimeCycles
                0x200000ac        0x4 ./APPL/SMon/SMon.o
                0x200000ac                SMon_P_LongDischargeTimeCycles
 .data.SMon_P_BetaConst
                0x200000b0        0x4 ./APPL/SMon/SMon.o
                0x200000b0                SMon_P_BetaConst
 .data.SMon_P_NTC_PullUp_ResistorVale
                0x200000b4        0x4 ./APPL/SMon/SMon.o
                0x200000b4                SMon_P_NTC_PullUp_ResistorVale
 .data.SMon_P_ADC_MaxValue
                0x200000b8        0x4 ./APPL/SMon/SMon.o
                0x200000b8                SMon_P_ADC_MaxValue
 .data.SMon_P_Varef
                0x200000bc        0x4 ./APPL/SMon/SMon.o
                0x200000bc                SMon_P_Varef
 .data.SMon_P_UV_CLS
                0x200000c0        0x4 ./APPL/SMon/SMon.o
                0x200000c0                SMon_P_UV_CLS
 .data.SMon_P_OV_KL30
                0x200000c4        0x4 ./APPL/SMon/SMon.o
                0x200000c4                SMon_P_OV_KL30
 .data.SMon_P_UV_KL30
                0x200000c8        0x4 ./APPL/SMon/SMon.o
                0x200000c8                SMon_P_UV_KL30
 .data.SMon_P_LowVoltage
                0x200000cc        0x4 ./APPL/SMon/SMon.o
                0x200000cc                SMon_P_LowVoltage
 .data.SMon_P_DischargeTimeCycles
                0x200000d0        0x4 ./APPL/SMon/SMon.o
                0x200000d0                SMon_P_DischargeTimeCycles
 .data.SMon_P_ClsFailureWaitTime
                0x200000d4        0x4 ./APPL/SMon/SMon.o
                0x200000d4                SMon_P_ClsFailureWaitTime
 .data.SMon_P_I2TDecrementPercentFactor
                0x200000d8        0x4 ./APPL/SMon/SMon.o
                0x200000d8                SMon_P_I2TDecrementPercentFactor
 .data.SMon_P_WaitTimeCPC
                0x200000dc        0x4 ./APPL/SMon/SMon.o
                0x200000dc                SMon_P_WaitTimeCPC
 .data.SMon_P_WaitTimeOVUV
                0x200000e0        0x4 ./APPL/SMon/SMon.o
                0x200000e0                SMon_P_WaitTimeOVUV
 .data.SMon_P_CLSTime
                0x200000e4        0x4 ./APPL/SMon/SMon.o
                0x200000e4                SMon_P_CLSTime
 .data.SMon_P_Rtcntmax
                0x200000e8        0x4 ./APPL/SMon/SMon.o
                0x200000e8                SMon_P_Rtcntmax
 .data.SMon_P_I2TDebounceTime
                0x200000ec        0x4 ./APPL/SMon/SMon.o
                0x200000ec                SMon_P_I2TDebounceTime
 .data.SMon_P_StatusVoltageL1Filter
                0x200000f0        0x4 ./APPL/SMon/SMon.o
                0x200000f0                SMon_P_StatusVoltageL1Filter
 .data.SMon_P_RetryCntS2bTestOn
                0x200000f4        0x4 ./APPL/SMon/SMon.o
                0x200000f4                SMon_P_RetryCntS2bTestOn
 .data.SMon_P_10sCycles
                0x200000f8        0x4 ./APPL/SMon/SMon.o
                0x200000f8                SMon_P_10sCycles
 .data.SMon_SW_L1I_Max
                0x200000fc        0x4 ./APPL/SMon/SMon.o
                0x200000fc                SMon_SW_L1I_Max
 .data.SMon_SW_L1I_Min
                0x20000100        0x4 ./APPL/SMon/SMon.o
                0x20000100                SMon_SW_L1I_Min
 .data.SMon_10s_L1I_Max
                0x20000104        0x4 ./APPL/SMon/SMon.o
                0x20000104                SMon_10s_L1I_Max
 .data.SMon_10s_L1I_Min
                0x20000108        0x4 ./APPL/SMon/SMon.o
                0x20000108                SMon_10s_L1I_Min
 .data.SMon_SW_L1_Max
                0x2000010c        0x4 ./APPL/SMon/SMon.o
                0x2000010c                SMon_SW_L1_Max
 .data.SMon_SW_L1_Min
                0x20000110        0x4 ./APPL/SMon/SMon.o
                0x20000110                SMon_SW_L1_Min
 .data.SMon_SW_T30_Max
                0x20000114        0x4 ./APPL/SMon/SMon.o
                0x20000114                SMon_SW_T30_Max
 .data.SMon_SW_T30_Min
                0x20000118        0x4 ./APPL/SMon/SMon.o
                0x20000118                SMon_SW_T30_Min
 .data.SMon_10s_L1_Max
                0x2000011c        0x4 ./APPL/SMon/SMon.o
                0x2000011c                SMon_10s_L1_Max
 .data.SMon_10s_L1_Min
                0x20000120        0x4 ./APPL/SMon/SMon.o
                0x20000120                SMon_10s_L1_Min
 .data.SMon_10s_T30_Max
                0x20000124        0x4 ./APPL/SMon/SMon.o
                0x20000124                SMon_10s_T30_Max
 .data.SMon_10s_T30_Min
                0x20000128        0x4 ./APPL/SMon/SMon.o
                0x20000128                SMon_10s_T30_Min
 .data.SMon_VfbT30
                0x2000012c        0x2 ./APPL/SMon/SMon.o
                0x2000012c                SMon_VfbT30
 .data.SMon_VfbL1
                0x2000012e        0x2 ./APPL/SMon/SMon.o
                0x2000012e                SMon_VfbL1
 .data.SMon_CalculatedCommand
                0x20000130        0x1 ./APPL/SMon/SMon.o
                0x20000130                SMon_CalculatedCommand
 .data.SMon_CmdStat
                0x20000131        0x1 ./APPL/SMon/SMon.o
                0x20000131                SMon_CmdStat
 .data.SMon_RequestPhysicalStatus
                0x20000132        0x1 ./APPL/SMon/SMon.o
                0x20000132                SMon_RequestPhysicalStatus
 .data.CanH_OBD_ObdReadiness
                0x20000133        0x1 ./BSW/Com/CanH/CanH.o
                0x20000133                CanH_OBD_ObdReadiness
 .data.CanH_CommunicationState
                0x20000134        0x1 ./BSW/Com/CanH/CanH.o
                0x20000134                CanH_CommunicationState
 .data.Dcm_OBD_ECU_NAME
                0x20000135        0x3 ./BSW/Diag/Dcm/Dcm.o
                0x20000135                Dcm_OBD_ECU_NAME
 .data.Dcm_OBD_VIN
                0x20000138       0x11 ./BSW/Diag/Dcm/Dcm.o
                0x20000138                Dcm_OBD_VIN
 *fill*         0x20000149        0x3 
 .data.Dcm_SessionCounter
                0x2000014c        0x4 ./BSW/Diag/Dcm/Dcm.o
                0x2000014c                Dcm_SessionCounter
 .data.Dcm_LoadStatus
                0x20000150        0x1 ./BSW/Diag/Dcm/Dcm.o
                0x20000150                Dcm_LoadStatus
 .data.Dcm_SWV  0x20000151        0x4 ./BSW/Diag/Dcm/Dcm.o
                0x20000151                Dcm_SWV
 *fill*         0x20000155        0x3 
 .data.g        0x20000158       0x14 ./BSW/Diag/Dcm/Dcm.o
 .data.Dem_DTC_Stat
                0x2000016c       0x50 ./BSW/Diag/Dem/Dem.o
                0x2000016c                Dem_DTC_Stat
 .data.Dem_DTC_Stat_OBD_Permanent
                0x200001bc       0x24 ./BSW/Diag/Dem/Dem.o
                0x200001bc                Dem_DTC_Stat_OBD_Permanent
 .data.Dem_DTC_Stat_OBD
                0x200001e0       0x24 ./BSW/Diag/Dem/Dem.o
                0x200001e0                Dem_DTC_Stat_OBD
 .data.Nvm_RomDefaults_BlockDataList
                0x20000204       0x30 ./BSW/Nvm/Nvm.o
                0x20000204                Nvm_RomDefaults_BlockDataList
 .data.Nvm_BlockDataList
                0x20000234       0x30 ./BSW/Nvm/Nvm.o
                0x20000234                Nvm_BlockDataList
 .data.Nvm_NvStatArr_Default
                0x20000264       0x48 ./BSW/Nvm/Nvm.o
                0x20000264                Nvm_NvStatArr_Default
 .data.Nvm_HeaderArr_Default
                0x200002ac       0x48 ./BSW/Nvm/Nvm.o
                0x200002ac                Nvm_HeaderArr_Default
 .data.Nvm_BlockIdListForWriteAll
                0x200002f4        0x6 ./BSW/Nvm/Nvm.o
                0x200002f4                Nvm_BlockIdListForWriteAll
 *fill*         0x200002fa        0x2 
 .data.EcuM_PostRunTimer
                0x200002fc        0x4 ./BSW/Sys/EcuM/EcuM.o
                0x200002fc                EcuM_PostRunTimer
 .data.EcuM_RunTimer
                0x20000300        0x4 ./BSW/Sys/EcuM/EcuM.o
                0x20000300                EcuM_RunTimer
 .data.EcuM_WUPLine
                0x20000304        0x1 ./BSW/Sys/EcuM/EcuM.o
                0x20000304                EcuM_WUPLine
 .data.EcuM_SWState
                0x20000305        0x1 ./BSW/Sys/EcuM/EcuM.o
                0x20000305                EcuM_SWState
 .data.uwTickFreq
                0x20000306        0x1 ./Drivers/STM32F1xx_HAL_Driver/Src/stm32f1xx_hal.o
                0x20000306                uwTickFreq
 *fill*         0x20000307        0x1 
 .data.uwTickPrio
                0x20000308        0x4 ./Drivers/STM32F1xx_HAL_Driver/Src/stm32f1xx_hal.o
                0x20000308                uwTickPrio
 .data.xHeapRegions
                0x2000030c       0x10 ./Middlewares/Third_Party/FreeRTOS/Source/CMSIS_RTOS_V2/cmsis_os2.o
 .data.uxCriticalNesting
                0x2000031c        0x4 ./Middlewares/Third_Party/FreeRTOS/Source/portable/GCC/ARM_CM3/port.o
 .data.SystemCoreClock
                0x20000320        0x4 ./Src/system_stm32f1xx.o
                0x20000320                SystemCoreClock
 .data._impure_ptr
                0x20000324        0x4 C:/ST/STM32CubeIDE_1.16.0/STM32CubeIDE/plugins/com.st.stm32cube.ide.mcu.externaltools.gnu-tools-for-stm32.12.3.rel1.win32_1.0.200.202406191623/tools/bin/../lib/gcc/arm-none-eabi/12.3.1/../../../../arm-none-eabi/lib/thumb/v7-m/nofp\libc_nano.a(libc_a-impure.o)
                0x20000324                _impure_ptr
 .data._impure_data
                0x20000328       0x4c C:/ST/STM32CubeIDE_1.16.0/STM32CubeIDE/plugins/com.st.stm32cube.ide.mcu.externaltools.gnu-tools-for-stm32.12.3.rel1.win32_1.0.200.202406191623/tools/bin/../lib/gcc/arm-none-eabi/12.3.1/../../../../arm-none-eabi/lib/thumb/v7-m/nofp\libc_nano.a(libc_a-impure.o)
                0x20000328                _impure_data
 *(.RamFunc)
 *(.RamFunc*)
                0x20000374                        . = ALIGN (0x4)
                0x20000374                        _edata = .

.igot.plt       0x20000374        0x0 load address 0x0800ef80
 .igot.plt      0x20000374        0x0 C:/ST/STM32CubeIDE_1.16.0/STM32CubeIDE/plugins/com.st.stm32cube.ide.mcu.externaltools.gnu-tools-for-stm32.12.3.rel1.win32_1.0.200.202406191623/tools/bin/../lib/gcc/arm-none-eabi/12.3.1/thumb/v7-m/nofp/crtbegin.o
                0x20000374                        . = ALIGN (0x4)

.bss            0x20000378     0x3d84 load address 0x0800ef80
                0x20000378                        _sbss = .
                0x20000378                        __bss_start__ = _sbss
 *(.bss)
 .bss           0x20000378       0x1c C:/ST/STM32CubeIDE_1.16.0/STM32CubeIDE/plugins/com.st.stm32cube.ide.mcu.externaltools.gnu-tools-for-stm32.12.3.rel1.win32_1.0.200.202406191623/tools/bin/../lib/gcc/arm-none-eabi/12.3.1/thumb/v7-m/nofp/crtbegin.o
 *(.bss*)
 .bss.rest_start_ts.2
                0x20000394        0x4 ./APPL/SMon/SMon.o
 .bss.cnt_discharge.3
                0x20000398        0x4 ./APPL/SMon/SMon.o
 .bss.sum_discharge_current.4
                0x2000039c        0x4 ./APPL/SMon/SMon.o
 .bss.cnt_charge.5
                0x200003a0        0x4 ./APPL/SMon/SMon.o
 .bss.i_filt_state.7
                0x200003a4        0x4 ./APPL/SMon/SMon.o
 .bss.last_rest_reference_v.8
                0x200003a8        0x4 ./APPL/SMon/SMon.o
 .bss.prev_i_filt.9
                0x200003ac        0x4 ./APPL/SMon/SMon.o
 .bss.prev_v_filt.10
                0x200003b0        0x4 ./APPL/SMon/SMon.o
 .bss.initialized.11
                0x200003b4        0x1 ./APPL/SMon/SMon.o
 *fill*         0x200003b5        0x3 
 .bss.localCLSCounter.12
                0x200003b8        0x4 ./APPL/SMon/SMon.o
 .bss.localS2BCounter.14
                0x200003bc        0x4 ./APPL/SMon/SMon.o
 .bss.localLowDisTimer.15
                0x200003c0        0x4 ./APPL/SMon/SMon.o
 .bss.localDischargeTimer.16
                0x200003c4        0x4 ./APPL/SMon/SMon.o
 .bss.I2TCounter_Float.17
                0x200003c8        0x4 ./APPL/SMon/SMon.o
 .bss.ISenseL1_Avged_Float.19
                0x200003cc        0x4 ./APPL/SMon/SMon.o
 .bss.ISenseL1_Average_Float.20
                0x200003d0        0x4 ./APPL/SMon/SMon.o
 .bss.localI2tAvgCounter.21
                0x200003d4        0x1 ./APPL/SMon/SMon.o
 .bss.pSMon_CmdStat.22
                0x200003d5        0x1 ./APPL/SMon/SMon.o
 *fill*         0x200003d6        0x2 
 .bss.l1_uv_recovery_ts.23
                0x200003d8        0x4 ./APPL/SMon/SMon.o
 .bss.pSMon_I2TError.24
                0x200003dc        0x1 ./APPL/SMon/SMon.o
 .bss.pSMon_CLS_Failure.25
                0x200003dd        0x1 ./APPL/SMon/SMon.o
 *fill*         0x200003de        0x2 
 .bss.localTimeStamp.26
                0x200003e0        0x4 ./APPL/SMon/SMon.o
 .bss.localTimeStamp2.27
                0x200003e4        0x4 ./APPL/SMon/SMon.o
 .bss.localTimeStamp3.28