23:14:01 **** Clean-only build of configuration Debug for project ELC_FBL ****
make -j12 clean 
rm -rf ./Drivers/STM32F1xx_HAL_Driver/stm32f1xx_hal.cyclo ./Drivers/STM32F1xx_HAL_Driver/stm32f1xx_hal.d ./Drivers/STM32F1xx_HAL_Driver/stm32f1xx_hal.o ./Drivers/STM32F1xx_HAL_Driver/stm32f1xx_hal.su ./Drivers/STM32F1xx_HAL_Driver/stm32f1xx_hal_can.cyclo ./Drivers/STM32F1xx_HAL_Driver/stm32f1xx_hal_can.d ./Drivers/STM32F1xx_HAL_Driver/stm32f1xx_hal_can.o ./Drivers/STM32F1xx_HAL_Driver/stm32f1xx_hal_can.su ./Drivers/STM32F1xx_HAL_Driver/stm32f1xx_hal_cortex.cyclo ./Drivers/STM32F1xx_HAL_Driver/stm32f1xx_hal_cortex.d ./Drivers/STM32F1xx_HAL_Driver/stm32f1xx_hal_cortex.o ./Drivers/STM32F1xx_HAL_Driver/stm32f1xx_hal_cortex.su ./Drivers/STM32F1xx_HAL_Driver/stm32f1xx_hal_dma.cyclo ./Drivers/STM32F1xx_HAL_Driver/stm32f1xx_hal_dma.d ./Drivers/STM32F1xx_HAL_Driver/stm32f1xx_hal_dma.o ./Drivers/STM32F1xx_HAL_Driver/stm32f1xx_hal_dma.su ./Drivers/STM32F1xx_HAL_Driver/stm32f1xx_hal_exti.cyclo ./Drivers/STM32F1xx_HAL_Driver/stm32f1xx_hal_exti.d ./Drivers/STM32F1xx_HAL_Driver/stm32f1xx_hal_exti.o ./Drivers/STM32F1xx_HAL_Driver/stm32f1xx_hal_exti.su ./Drivers/STM32F1xx_HAL_Driver/stm32f1xx_hal_flash.cyclo ./Drivers/STM32F1xx_HAL_Driver/stm32f1xx_hal_flash.d ./Drivers/STM32F1xx_HAL_Driver/stm32f1xx_hal_flash.o ./Drivers/STM32F1xx_HAL_Driver/stm32f1xx_hal_flash.su ./Drivers/STM32F1xx_HAL_Driver/stm32f1xx_hal_flash_ex.cyclo ./Drivers/STM32F1xx_HAL_Driver/stm32f1xx_hal_flash_ex.d ./Drivers/STM32F1xx_HAL_Driver/stm32f1xx_hal_flash_ex.o ./Drivers/STM32F1xx_HAL_Driver/stm32f1xx_hal_flash_ex.su ./Drivers/STM32F1xx_HAL_Driver/stm32f1xx_hal_gpio.cyclo ./Drivers/STM32F1xx_HAL_Driver/stm32f1xx_hal_gpio.d ./Drivers/STM32F1xx_HAL_Driver/stm32f1xx_hal_gpio.o ./Drivers/STM32F1xx_HAL_Driver/stm32f1xx_hal_gpio.su ./Drivers/STM32F1xx_HAL_Driver/stm32f1xx_hal_gpio_ex.cyclo ./Drivers/STM32F1xx_HAL_Driver/stm32f1xx_hal_gpio_ex.d ./Drivers/STM32F1xx_HAL_Driver/stm32f1xx_hal_gpio_ex.o ./Drivers/STM32F1xx_HAL_Driver/stm32f1xx_hal_gpio_ex.su ./Drivers/STM32F1xx_HAL_Driver/stm32f1xx_hal_pwr.cyclo ./Drivers/STM32F1xx_HAL_Driver/stm32f1xx_hal_pwr.d ./Drivers/STM32F1xx_HAL_Driver/stm32f1xx_hal_pwr.o ./Drivers/STM32F1xx_HAL_Driver/stm32f1xx_hal_pwr.su ./Drivers/STM32F1xx_HAL_Driver/stm32f1xx_hal_rcc.cyclo ./Drivers/STM32F1xx_HAL_Driver/stm32f1xx_hal_rcc.d ./Drivers/STM32F1xx_HAL_Driver/stm32f1xx_hal_rcc.o ./Drivers/STM32F1xx_HAL_Driver/stm32f1xx_hal_rcc.su ./Drivers/STM32F1xx_HAL_Driver/stm32f1xx_hal_rcc_ex.cyclo ./Drivers/STM32F1xx_HAL_Driver/stm32f1xx_hal_rcc_ex.d ./Drivers/STM32F1xx_HAL_Driver/stm32f1xx_hal_rcc_ex.o ./Drivers/STM32F1xx_HAL_Driver/stm32f1xx_hal_rcc_ex.su ./Drivers/STM32F1xx_HAL_Driver/stm32f1xx_hal_tim.cyclo ./Drivers/STM32F1xx_HAL_Driver/stm32f1xx_hal_tim.d ./Drivers/STM32F1xx_HAL_Driver/stm32f1xx_hal_tim.o ./Drivers/STM32F1xx_HAL_Driver/stm32f1xx_hal_tim.su ./Drivers/STM32F1xx_HAL_Driver/stm32f1xx_hal_tim_ex.cyclo ./Drivers/STM32F1xx_HAL_Driver/stm32f1xx_hal_tim_ex.d ./Drivers/STM32F1xx_HAL_Driver/stm32f1xx_hal_tim_ex.o ./Drivers/STM32F1xx_HAL_Driver/stm32f1xx_hal_tim_ex.su
rm -rf ./Core/Startup/startup_stm32f103c8tx.d ./Core/Startup/startup_stm32f103c8tx.o
rm -rf ./Core/Src/can.cyclo ./Core/Src/can.d ./Core/Src/can.o ./Core/Src/can.su ./Core/Src/gpio.cyclo ./Core/Src/gpio.d ./Core/Src/gpio.o ./Core/Src/gpio.su ./Core/Src/main.cyclo ./Core/Src/main.d ./Core/Src/main.o ./Core/Src/main.su ./Core/Src/stm32f1xx_hal_msp.cyclo ./Core/Src/stm32f1xx_hal_msp.d ./Core/Src/stm32f1xx_hal_msp.o ./Core/Src/stm32f1xx_hal_msp.su ./Core/Src/stm32f1xx_it.cyclo ./Core/Src/stm32f1xx_it.d ./Core/Src/stm32f1xx_it.o ./Core/Src/stm32f1xx_it.su ./Core/Src/syscalls.cyclo ./Core/Src/syscalls.d ./Core/Src/syscalls.o ./Core/Src/syscalls.su ./Core/Src/sysmem.cyclo ./Core/Src/sysmem.d ./Core/Src/sysmem.o ./Core/Src/sysmem.su ./Core/Src/system_stm32f1xx.cyclo ./Core/Src/system_stm32f1xx.d ./Core/Src/system_stm32f1xx.o ./Core/Src/system_stm32f1xx.su
rm -rf ELC_FBL.bin ELC_FBL.elf ELC_FBL.hex ELC_FBL.list ELC_FBL.map ELC_FBL.srec ELC_FBL.symbolsrec ELC_FBL.verilog default.size.stdout
 
23:20:28 **** Build of configuration Debug for project ELC_APP ****
make -j12 all 
arm-none-eabi-gcc "../ThreadSafe/newlib_lock_glue.c" -mcpu=cortex-m3 -std=gnu11 -g3 -DDEBUG -DUSE_HAL_DRIVER -DSTM32F103xB -DSTM32_THREAD_SAFE_STRATEGY=4 -c -I"C:/Users/Daniel/Desktop/GitHub Repositories/ELC_APP/APPL/SMon" -I"C:/Users/Daniel/Desktop/GitHub Repositories/ELC_APP/BSW/Diag/Dcm" -I"C:/Users/Daniel/Desktop/GitHub Repositories/ELC_APP/BSW/Sys/EcuM" -I../Inc -I../Drivers/STM32F1xx_HAL_Driver/Inc -I../Drivers/STM32F1xx_HAL_Driver/Inc/Legacy -I../Middlewares/Third_Party/FreeRTOS/Source/include -I../Middlewares/Third_Party/FreeRTOS/Source/CMSIS_RTOS_V2 -I../Middlewares/Third_Party/FreeRTOS/Source/portable/GCC/ARM_CM3 -I../Drivers/CMSIS/Device/ST/STM32F1xx/Include -I../Drivers/CMSIS/Include -I"C:/Users/Daniel/Desktop/GitHub Repositories/ELC_APP/BSW/Com/CanH" -I../ThreadSafe -Oz -ffunction-sections -fdata-sections -fno-strict-aliasing -Wall -fstack-usage -fcyclomatic-complexity -MMD -MP -MF"ThreadSafe/newlib_lock_glue.d" -MT"ThreadSafe/newlib_lock_glue.o" --specs=nano.specs -mfloat-abi=soft -mthumb -o "ThreadSafe/newlib_lock_glue.o"
arm-none-eabi-gcc "../Src/adc.c" -mcpu=cortex-m3 -std=gnu11 -g3 -DDEBUG -DUSE_HAL_DRIVER -DSTM32F103xB -DSTM32_THREAD_SAFE_STRATEGY=4 -c -I"C:/Users/Daniel/Desktop/GitHub Repositories/ELC_APP/APPL/SMon" -I"C:/Users/Daniel/Desktop/GitHub Repositories/ELC_APP/BSW/Diag/Dcm" -I"C:/Users/Daniel/Desktop/GitHub Repositories/ELC_APP/BSW/Sys/EcuM" -I../Inc -I../Drivers/STM32F1xx_HAL_Driver/Inc -I../Drivers/STM32F1xx_HAL_Driver/Inc/Legacy -I../Middlewares/Third_Party/FreeRTOS/Source/include -I../Middlewares/Third_Party/FreeRTOS/Source/CMSIS_RTOS_V2 -I../Middlewares/Third_Party/FreeRTOS/Source/portable/GCC/ARM_CM3 -I../Drivers/CMSIS/Device/ST/STM32F1xx/Include -I../Drivers/CMSIS/Include -I"C:/Users/Daniel/Desktop/GitHub Repositories/ELC_APP/BSW/Com/CanH" -I../ThreadSafe -Oz -ffunction-sections -fdata-sections -fno-strict-aliasing -Wall -fstack-usage -fcyclomatic-complexity -MMD -MP -MF"Src/adc.d" -MT"Src/adc.o" --specs=nano.specs -mfloat-abi=soft -mthumb -o "Src/adc.o"
arm-none-eabi-gcc "../Src/can.c" -mcpu=cortex-m3 -std=gnu11 -g3 -DDEBUG -DUSE_HAL_DRIVER -DSTM32F103xB -DSTM32_THREAD_SAFE_STRATEGY=4 -c -I"C:/Users/Daniel/Desktop/GitHub Repositories/ELC_APP/APPL/SMon" -I"C:/Users/Daniel/Desktop/GitHub Repositories/ELC_APP/BSW/Diag/Dcm" -I"C:/Users/Daniel/Desktop/GitHub Repositories/ELC_APP/BSW/Sys/EcuM" -I../Inc -I../Drivers/STM32F1xx_HAL_Driver/Inc -I../Drivers/STM32F1xx_HAL_Driver/Inc/Legacy -I../Middlewares/Third_Party/FreeRTOS/Source/include -I../Middlewares/Third_Party/FreeRTOS/Source/CMSIS_RTOS_V2 -I../Middlewares/Third_Party/FreeRTOS/Source/portable/GCC/ARM_CM3 -I../Drivers/CMSIS/Device/ST/STM32F1xx/Include -I../Drivers/CMSIS/Include -I"C:/Users/Daniel/Desktop/GitHub Repositories/ELC_APP/BSW/Com/CanH" -I../ThreadSafe -Oz -ffunction-sections -fdata-sections -fno-strict-aliasing -Wall -fstack-usage -fcyclomatic-complexity -MMD -MP -MF"Src/can.d" -MT"Src/can.o" --specs=nano.specs -mfloat-abi=soft -mthumb -o "Src/can.o"
arm-none-eabi-gcc "../Src/dma.c" -mcpu=cortex-m3 -std=gnu11 -g3 -DDEBUG -DUSE_HAL_DRIVER -DSTM32F103xB -DSTM32_THREAD_SAFE_STRATEGY=4 -c -I"C:/Users/Daniel/Desktop/GitHub Repositories/ELC_APP/APPL/SMon" -I"C:/Users/Daniel/Desktop/GitHub Repositories/ELC_APP/BSW/Diag/Dcm" -I"C:/Users/Daniel/Desktop/GitHub Repositories/ELC_APP/BSW/Sys/EcuM" -I../Inc -I../Drivers/STM32F1xx_HAL_Driver/Inc -I../Drivers/STM32F1xx_HAL_Driver/Inc/Legacy -I../Middlewares/Third_Party/FreeRTOS/Source/include -I../Middlewares/Third_Party/FreeRTOS/Source/CMSIS_RTOS_V2 -I../Middlewares/Third_Party/FreeRTOS/Source/portable/GCC/ARM_CM3 -I../Drivers/CMSIS/Device/ST/STM32F1xx/Include -I../Drivers/CMSIS/Include -I"C:/Users/Daniel/Desktop/GitHub Repositories/ELC_APP/BSW/Com/CanH" -I../ThreadSafe -Oz -ffunction-sections -fdata-sections -fno-strict-aliasing -Wall -fstack-usage -fcyclomatic-complexity -MMD -MP -MF"Src/dma.d" -MT"Src/dma.o" --specs=nano.specs -mfloat-abi=soft -mthumb -o "Src/dma.o"
arm-none-eabi-gcc "../Src/freertos.c" -mcpu=cortex-m3 -std=gnu11 -g3 -DDEBUG -DUSE_HAL_DRIVER -DSTM32F103xB -DSTM32_THREAD_SAFE_STRATEGY=4 -c -I"C:/Users/Daniel/Desktop/GitHub Repositories/ELC_APP/APPL/SMon" -I"C:/Users/Daniel/Desktop/GitHub Repositories/ELC_APP/BSW/Diag/Dcm" -I"C:/Users/Daniel/Desktop/GitHub Repositories/ELC_APP/BSW/Sys/EcuM" -I../Inc -I../Drivers/STM32F1xx_HAL_Driver/Inc -I../Drivers/STM32F1xx_HAL_Driver/Inc/Legacy -I../Middlewares/Third_Party/FreeRTOS/Source/include -I../Middlewares/Third_Party/FreeRTOS/Source/CMSIS_RTOS_V2 -I../Middlewares/Third_Party/FreeRTOS/Source/portable/GCC/ARM_CM3 -I../Drivers/CMSIS/Device/ST/STM32F1xx/Include -I../Drivers/CMSIS/Include -I"C:/Users/Daniel/Desktop/GitHub Repositories/ELC_APP/BSW/Com/CanH" -I../ThreadSafe -Oz -ffunction-sections -fdata-sections -fno-strict-aliasing -Wall -fstack-usage -fcyclomatic-complexity -MMD -MP -MF"Src/freertos.d" -MT"Src/freertos.o" --specs=nano.specs -mfloat-abi=soft -mthumb -o "Src/freertos.o"
arm-none-eabi-gcc "../Src/gpio.c" -mcpu=cortex-m3 -std=gnu11 -g3 -DDEBUG -DUSE_HAL_DRIVER -DSTM32F103xB -DSTM32_THREAD_SAFE_STRATEGY=4 -c -I"C:/Users/Daniel/Desktop/GitHub Repositories/ELC_APP/APPL/SMon" -I"C:/Users/Daniel/Desktop/GitHub Repositories/ELC_APP/BSW/Diag/Dcm" -I"C:/Users/Daniel/Desktop/GitHub Repositories/ELC_APP/BSW/Sys/EcuM" -I../Inc -I../Drivers/STM32F1xx_HAL_Driver/Inc -I../Drivers/STM32F1xx_HAL_Driver/Inc/Legacy -I../Middlewares/Third_Party/FreeRTOS/Source/include -I../Middlewares/Third_Party/FreeRTOS/Source/CMSIS_RTOS_V2 -I../Middlewares/Third_Party/FreeRTOS/Source/portable/GCC/ARM_CM3 -I../Drivers/CMSIS/Device/ST/STM32F1xx/Include -I../Drivers/CMSIS/Include -I"C:/Users/Daniel/Desktop/GitHub Repositories/ELC_APP/BSW/Com/CanH" -I../ThreadSafe -Oz -ffunction-sections -fdata-sections -fno-strict-aliasing -Wall -fstack-usage -fcyclomatic-complexity -MMD -MP -MF"Src/gpio.d" -MT"Src/gpio.o" --specs=nano.specs -mfloat-abi=soft -mthumb -o "Src/gpio.o"
arm-none-eabi-gcc "../Src/main.c" -mcpu=cortex-m3 -std=gnu11 -g3 -DDEBUG -DUSE_HAL_DRIVER -DSTM32F103xB -DSTM32_THREAD_SAFE_STRATEGY=4 -c -I"C:/Users/Daniel/Desktop/GitHub Repositories/ELC_APP/APPL/SMon" -I"C:/Users/Daniel/Desktop/GitHub Repositories/ELC_APP/BSW/Diag/Dcm" -I"C:/Users/Daniel/Desktop/GitHub Repositories/ELC_APP/BSW/Sys/EcuM" -I../Inc -I../Drivers/STM32F1xx_HAL_Driver/Inc -I../Drivers/STM32F1xx_HAL_Driver/Inc/Legacy -I../Middlewares/Third_Party/FreeRTOS/Source/include -I../Middlewares/Third_Party/FreeRTOS/Source/CMSIS_RTOS_V2 -I../Middlewares/Third_Party/FreeRTOS/Source/portable/GCC/ARM_CM3 -I../Drivers/CMSIS/Device/ST/STM32F1xx/Include -I../Drivers/CMSIS/Include -I"C:/Users/Daniel/Desktop/GitHub Repositories/ELC_APP/BSW/Com/CanH" -I../ThreadSafe -Oz -ffunction-sections -fdata-sections -fno-strict-aliasing -Wall -fstack-usage -fcyclomatic-complexity -MMD -MP -MF"Src/main.d" -MT"Src/main.o" --specs=nano.specs -mfloat-abi=soft -mthumb -o "Src/main.o"
arm-none-eabi-gcc "../Src/stm32f1xx_hal_msp.c" -mcpu=cortex-m3 -std=gnu11 -g3 -DDEBUG -DUSE_HAL_DRIVER -DSTM32F103xB -DSTM32_THREAD_SAFE_STRATEGY=4 -c -I"C:/Users/Daniel/Desktop/GitHub Repositories/ELC_APP/APPL/SMon" -I"C:/Users/Daniel/Desktop/GitHub Repositories/ELC_APP/BSW/Diag/Dcm" -I"C:/Users/Daniel/Desktop/GitHub Repositories/ELC_APP/BSW/Sys/EcuM" -I../Inc -I../Drivers/STM32F1xx_HAL_Driver/Inc -I../Drivers/STM32F1xx_HAL_Driver/Inc/Legacy -I../Middlewares/Third_Party/FreeRTOS/Source/include -I../Middlewares/Third_Party/FreeRTOS/Source/CMSIS_RTOS_V2 -I../Middlewares/Third_Party/FreeRTOS/Source/portable/GCC/ARM_CM3 -I../Drivers/CMSIS/Device/ST/STM32F1xx/Include -I../Drivers/CMSIS/Include -I"C:/Users/Daniel/Desktop/GitHub Repositories/ELC_APP/BSW/Com/CanH" -I../ThreadSafe -Oz -ffunction-sections -fdata-sections -fno-strict-aliasing -Wall -fstack-usage -fcyclomatic-complexity -MMD -MP -MF"Src/stm32f1xx_hal_msp.d" -MT"Src/stm32f1xx_hal_msp.o" --specs=nano.specs -mfloat-abi=soft -mthumb -o "Src/stm32f1xx_hal_msp.o"
arm-none-eabi-gcc "../Src/stm32f1xx_hal_timebase_tim.c" -mcpu=cortex-m3 -std=gnu11 -g3 -DDEBUG -DUSE_HAL_DRIVER -DSTM32F103xB -DSTM32_THREAD_SAFE_STRATEGY=4 -c -I"C:/Users/Daniel/Desktop/GitHub Repositories/ELC_APP/APPL/SMon" -I"C:/Users/Daniel/Desktop/GitHub Repositories/ELC_APP/BSW/Diag/Dcm" -I"C:/Users/Daniel/Desktop/GitHub Repositories/ELC_APP/BSW/Sys/EcuM" -I../Inc -I../Drivers/STM32F1xx_HAL_Driver/Inc -I../Drivers/STM32F1xx_HAL_Driver/Inc/Legacy -I../Middlewares/Third_Party/FreeRTOS/Source/include -I../Middlewares/Third_Party/FreeRTOS/Source/CMSIS_RTOS_V2 -I../Middlewares/Third_Party/FreeRTOS/Source/portable/GCC/ARM_CM3 -I../Drivers/CMSIS/Device/ST/STM32F1xx/Include -I../Drivers/CMSIS/Include -I"C:/Users/Daniel/Desktop/GitHub Repositories/ELC_APP/BSW/Com/CanH" -I../ThreadSafe -Oz -ffunction-sections -fdata-sections -fno-strict-aliasing -Wall -fstack-usage -fcyclomatic-complexity -MMD -MP -MF"Src/stm32f1xx_hal_timebase_tim.d" -MT"Src/stm32f1xx_hal_timebase_tim.o" --specs=nano.specs -mfloat-abi=soft -mthumb -o "Src/stm32f1xx_hal_timebase_tim.o"
arm-none-eabi-gcc "../Src/stm32f1xx_it.c" -mcpu=cortex-m3 -std=gnu11 -g3 -DDEBUG -DUSE_HAL_DRIVER -DSTM32F103xB -DSTM32_THREAD_SAFE_STRATEGY=4 -c -I"C:/Users/Daniel/Desktop/GitHub Repositories/ELC_APP/APPL/SMon" -I"C:/Users/Daniel/Desktop/GitHub Repositories/ELC_APP/BSW/Diag/Dcm" -I"C:/Users/Daniel/Desktop/GitHub Repositories/ELC_APP/BSW/Sys/EcuM" -I../Inc -I../Drivers/STM32F1xx_HAL_Driver/Inc -I../Drivers/STM32F1xx_HAL_Driver/Inc/Legacy -I../Middlewares/Third_Party/FreeRTOS/Source/include -I../Middlewares/Third_Party/FreeRTOS/Source/CMSIS_RTOS_V2 -I../Middlewares/Third_Party/FreeRTOS/Source/portable/GCC/ARM_CM3 -I../Drivers/CMSIS/Device/ST/STM32F1xx/Include -I../Drivers/CMSIS/Include -I"C:/Users/Daniel/Desktop/GitHub Repositories/ELC_APP/BSW/Com/CanH" -I../ThreadSafe -Oz -ffunction-sections -fdata-sections -fno-strict-aliasing -Wall -fstack-usage -fcyclomatic-complexity -MMD -MP -MF"Src/stm32f1xx_it.d" -MT"Src/stm32f1xx_it.o" --specs=nano.specs -mfloat-abi=soft -mthumb -o "Src/stm32f1xx_it.o"
arm-none-eabi-gcc "../Src/system_stm32f1xx.c" -mcpu=cortex-m3 -std=gnu11 -g3 -DDEBUG -DUSE_HAL_DRIVER -DSTM32F103xB -DSTM32_THREAD_SAFE_STRATEGY=4 -c -I"C:/Users/Daniel/Desktop/GitHub Repositories/ELC_APP/APPL/SMon" -I"C:/Users/Daniel/Desktop/GitHub Repositories/ELC_APP/BSW/Diag/Dcm" -I"C:/Users/Daniel/Desktop/GitHub Repositories/ELC_APP/BSW/Sys/EcuM" -I../Inc -I../Drivers/STM32F1xx_HAL_Driver/Inc -I../Drivers/STM32F1xx_HAL_Driver/Inc/Legacy -I../Middlewares/Third_Party/FreeRTOS/Source/include -I../Middlewares/Third_Party/FreeRTOS/Source/CMSIS_RTOS_V2 -I../Middlewares/Third_Party/FreeRTOS/Source/portable/GCC/ARM_CM3 -I../Drivers/CMSIS/Device/ST/STM32F1xx/Include -I../Drivers/CMSIS/Include -I"C:/Users/Daniel/Desktop/GitHub Repositories/ELC_APP/BSW/Com/CanH" -I../ThreadSafe -Oz -ffunction-sections -fdata-sections -fno-strict-aliasing -Wall -fstack-usage -fcyclomatic-complexity -MMD -MP -MF"Src/system_stm32f1xx.d" -MT"Src/system_stm32f1xx.o" --specs=nano.specs -mfloat-abi=soft -mthumb -o "Src/system_stm32f1xx.o"
arm-none-eabi-gcc "../Src/tim.c" -mcpu=cortex-m3 -std=gnu11 -g3 -DDEBUG -DUSE_HAL_DRIVER -DSTM32F103xB -DSTM32_THREAD_SAFE_STRATEGY=4 -c -I"C:/Users/Daniel/Desktop/GitHub Repositories/ELC_APP/APPL/SMon" -I"C:/Users/Daniel/Desktop/GitHub Repositories/ELC_APP/BSW/Diag/Dcm" -I"C:/Users/Daniel/Desktop/GitHub Repositories/ELC_APP/BSW/Sys/EcuM" -I../Inc -I../Drivers/STM32F1xx_HAL_Driver/Inc -I../Drivers/STM32F1xx_HAL_Driver/Inc/Legacy -I../Middlewares/Third_Party/FreeRTOS/Source/include -I../Middlewares/Third_Party/FreeRTOS/Source/CMSIS_RTOS_V2 -I../Middlewares/Third_Party/FreeRTOS/Source/portable/GCC/ARM_CM3 -I../Drivers/CMSIS/Device/ST/STM32F1xx/Include -I../Drivers/CMSIS/Include -I"C:/Users/Daniel/Desktop/GitHub Repositories/ELC_APP/BSW/Com/CanH" -I../ThreadSafe -Oz -ffunction-sections -fdata-sections -fno-strict-aliasing -Wall -fstack-usage -fcyclomatic-complexity -MMD -MP -MF"Src/tim.d" -MT"Src/tim.o" --specs=nano.specs -mfloat-abi=soft -mthumb -o "Src/tim.o"
arm-none-eabi-gcc "../Middlewares/Third_Party/FreeRTOS/Source/portable/MemMang/heap_4.c" -mcpu=cortex-m3 -std=gnu11 -g3 -DDEBUG -DUSE_HAL_DRIVER -DSTM32F103xB -DSTM32_THREAD_SAFE_STRATEGY=4 -c -I"C:/Users/Daniel/Desktop/GitHub Repositories/ELC_APP/APPL/SMon" -I"C:/Users/Daniel/Desktop/GitHub Repositories/ELC_APP/BSW/Diag/Dcm" -I"C:/Users/Daniel/Desktop/GitHub Repositories/ELC_APP/BSW/Sys/EcuM" -I../Inc -I../Drivers/STM32F1xx_HAL_Driver/Inc -I../Drivers/STM32F1xx_HAL_Driver/Inc/Legacy -I../Middlewares/Third_Party/FreeRTOS/Source/include -I../Middlewares/Third_Party/FreeRTOS/Source/CMSIS_RTOS_V2 -I../Middlewares/Third_Party/FreeRTOS/Source/portable/GCC/ARM_CM3 -I../Drivers/CMSIS/Device/ST/STM32F1xx/Include -I../Drivers/CMSIS/Include -I"C:/Users/Daniel/Desktop/GitHub Repositories/ELC_APP/BSW/Com/CanH" -I../ThreadSafe -Oz -ffunction-sections -fdata-sections -fno-strict-aliasing -Wall -fstack-usage -fcyclomatic-complexity -MMD -MP -MF"Middlewares/Third_Party/FreeRTOS/Source/portable/MemMang/heap_4.d" -MT"Middlewares/Third_Party/FreeRTOS/Source/portable/MemMang/heap_4.o" --specs=nano.specs -mfloat-abi=soft -mthumb -o "Middlewares/Third_Party/FreeRTOS/Source/portable/MemMang/heap_4.o"
arm-none-eabi-gcc "../Middlewares/Third_Party/FreeRTOS/Source/portable/GCC/ARM_CM3/port.c" -mcpu=cortex-m3 -std=gnu11 -g3 -DDEBUG -DUSE_HAL_DRIVER -DSTM32F103xB -DSTM32_THREAD_SAFE_STRATEGY=4 -c -I"C:/Users/Daniel/Desktop/GitHub Repositories/ELC_APP/APPL/SMon" -I"C:/Users/Daniel/Desktop/GitHub Repositories/ELC_APP/BSW/Diag/Dcm" -I"C:/Users/Daniel/Desktop/GitHub Repositories/ELC_APP/BSW/Sys/EcuM" -I../Inc -I../Drivers/STM32F1xx_HAL_Driver/Inc -I../Drivers/STM32F1xx_HAL_Driver/Inc/Legacy -I../Middlewares/Third_Party/FreeRTOS/Source/include -I../Middlewares/Third_Party/FreeRTOS/Source/CMSIS_RTOS_V2 -I../Middlewares/Third_Party/FreeRTOS/Source/portable/GCC/ARM_CM3 -I../Drivers/CMSIS/Device/ST/STM32F1xx/Include -I../Drivers/CMSIS/Include -I"C:/Users/Daniel/Desktop/GitHub Repositories/ELC_APP/BSW/Com/CanH" -I../ThreadSafe -Oz -ffunction-sections -fdata-sections -fno-strict-aliasing -Wall -fstack-usage -fcyclomatic-complexity -MMD -MP -MF"Middlewares/Third_Party/FreeRTOS/Source/portable/GCC/ARM_CM3/port.d" -MT"Middlewares/Third_Party/FreeRTOS/Source/portable/GCC/ARM_CM3/port.o" --specs=nano.specs -mfloat-abi=soft -mthumb -o "Middlewares/Third_Party/FreeRTOS/Source/portable/GCC/ARM_CM3/port.o"
arm-none-eabi-gcc "../Middlewares/Third_Party/FreeRTOS/Source/CMSIS_RTOS_V2/cmsis_os2.c" -mcpu=cortex-m3 -std=gnu11 -g3 -DDEBUG -DUSE_HAL_DRIVER -DSTM32F103xB -DSTM32_THREAD_SAFE_STRATEGY=4 -c -I"C:/Users/Daniel/Desktop/GitHub Repositories/ELC_APP/APPL/SMon" -I"C:/Users/Daniel/Desktop/GitHub Repositories/ELC_APP/BSW/Diag/Dcm" -I"C:/Users/Daniel/Desktop/GitHub Repositories/ELC_APP/BSW/Sys/EcuM" -I../Inc -I../Drivers/STM32F1xx_HAL_Driver/Inc -I../Drivers/STM32F1xx_HAL_Driver/Inc/Legacy -I../Middlewares/Third_Party/FreeRTOS/Source/include -I../Middlewares/Third_Party/FreeRTOS/Source/CMSIS_RTOS_V2 -I../Middlewares/Third_Party/FreeRTOS/Source/portable/GCC/ARM_CM3 -I../Drivers/CMSIS/Device/ST/STM32F1xx/Include -I../Drivers/CMSIS/Include -I"C:/Users/Daniel/Desktop/GitHub Repositories/ELC_APP/BSW/Com/CanH" -I../ThreadSafe -Oz -ffunction-sections -fdata-sections -fno-strict-aliasing -Wall -fstack-usage -fcyclomatic-complexity -MMD -MP -MF"Middlewares/Third_Party/FreeRTOS/Source/CMSIS_RTOS_V2/cmsis_os2.d" -MT"Middlewares/Third_Party/FreeRTOS/Source/CMSIS_RTOS_V2/cmsis_os2.o" --specs=nano.specs -mfloat-abi=soft -mthumb -o "Middlewares/Third_Party/FreeRTOS/Source/CMSIS_RTOS_V2/cmsis_os2.o"
arm-none-eabi-gcc "../Middlewares/Third_Party/FreeRTOS/Source/croutine.c" -mcpu=cortex-m3 -std=gnu11 -g3 -DDEBUG -DUSE_HAL_DRIVER -DSTM32F103xB -DSTM32_THREAD_SAFE_STRATEGY=4 -c -I"C:/Users/Daniel/Desktop/GitHub Repositories/ELC_APP/APPL/SMon" -I"C:/Users/Daniel/Desktop/GitHub Repositories/ELC_APP/BSW/Diag/Dcm" -I"C:/Users/Daniel/Desktop/GitHub Repositories/ELC_APP/BSW/Sys/EcuM" -I../Inc -I../Drivers/STM32F1xx_HAL_Driver/Inc -I../Drivers/STM32F1xx_HAL_Driver/Inc/Legacy -I../Middlewares/Third_Party/FreeRTOS/Source/include -I../Middlewares/Third_Party/FreeRTOS/Source/CMSIS_RTOS_V2 -I../Middlewares/Third_Party/FreeRTOS/Source/portable/GCC/ARM_CM3 -I../Drivers/CMSIS/Device/ST/STM32F1xx/Include -I../Drivers/CMSIS/Include -I"C:/Users/Daniel/Desktop/GitHub Repositories/ELC_APP/BSW/Com/CanH" -I../ThreadSafe -Oz -ffunction-sections -fdata-sections -fno-strict-aliasing -Wall -fstack-usage -fcyclomatic-complexity -MMD -MP -MF"Middlewares/Third_Party/FreeRTOS/Source/croutine.d" -MT"Middlewares/Third_Party/FreeRTOS/Source/croutine.o" --specs=nano.specs -mfloat-abi=soft -mthumb -o "Middlewares/Third_Party/FreeRTOS/Source/croutine.o"
arm-none-eabi-gcc "../Middlewares/Third_Party/FreeRTOS/Source/event_groups.c" -mcpu=cortex-m3 -std=gnu11 -g3 -DDEBUG -DUSE_HAL_DRIVER -DSTM32F103xB -DSTM32_THREAD_SAFE_STRATEGY=4 -c -I"C:/Users/Daniel/Desktop/GitHub Repositories/ELC_APP/APPL/SMon" -I"C:/Users/Daniel/Desktop/GitHub Repositories/ELC_APP/BSW/Diag/Dcm" -I"C:/Users/Daniel/Desktop/GitHub Repositories/ELC_APP/BSW/Sys/EcuM" -I../Inc -I../Drivers/STM32F1xx_HAL_Driver/Inc -I../Drivers/STM32F1xx_HAL_Driver/Inc/Legacy -I../Middlewares/Third_Party/FreeRTOS/Source/include -I../Middlewares/Third_Party/FreeRTOS/Source/CMSIS_RTOS_V2 -I../Middlewares/Third_Party/FreeRTOS/Source/portable/GCC/ARM_CM3 -I../Drivers/CMSIS/Device/ST/STM32F1xx/Include -I../Drivers/CMSIS/Include -I"C:/Users/Daniel/Desktop/GitHub Repositories/ELC_APP/BSW/Com/CanH" -I../ThreadSafe -Oz -ffunction-sections -fdata-sections -fno-strict-aliasing -Wall -fstack-usage -fcyclomatic-complexity -MMD -MP -MF"Middlewares/Third_Party/FreeRTOS/Source/event_groups.d" -MT"Middlewares/Third_Party/FreeRTOS/Source/event_groups.o" --specs=nano.specs -mfloat-abi=soft -mthumb -o "Middlewares/Third_Party/FreeRTOS/Source/event_groups.o"
arm-none-eabi-gcc "../Middlewares/Third_Party/FreeRTOS/Source/list.c" -mcpu=cortex-m3 -std=gnu11 -g3 -DDEBUG -DUSE_HAL_DRIVER -DSTM32F103xB -DSTM32_THREAD_SAFE_STRATEGY=4 -c -I"C:/Users/Daniel/Desktop/GitHub Repositories/ELC_APP/APPL/SMon" -I"C:/Users/Daniel/Desktop/GitHub Repositories/ELC_APP/BSW/Diag/Dcm" -I"C:/Users/Daniel/Desktop/GitHub Repositories/ELC_APP/BSW/Sys/EcuM" -I../Inc -I../Drivers/STM32F1xx_HAL_Driver/Inc -I../Drivers/STM32F1xx_HAL_Driver/Inc/Legacy -I../Middlewares/Third_Party/FreeRTOS/Source/include -I../Middlewares/Third_Party/FreeRTOS/Source/CMSIS_RTOS_V2 -I../Middlewares/Third_Party/FreeRTOS/Source/portable/GCC/ARM_CM3 -I../Drivers/CMSIS/Device/ST/STM32F1xx/Include -I../Drivers/CMSIS/Include -I"C:/Users/Daniel/Desktop/GitHub Repositories/ELC_APP/BSW/Com/CanH" -I../ThreadSafe -Oz -ffunction-sections -fdata-sections -fno-strict-aliasing -Wall -fstack-usage -fcyclomatic-complexity -MMD -MP -MF"Middlewares/Third_Party/FreeRTOS/Source/list.d" -MT"Middlewares/Third_Party/FreeRTOS/Source/list.o" --specs=nano.specs -mfloat-abi=soft -mthumb -o "Middlewares/Third_Party/FreeRTOS/Source/list.o"
arm-none-eabi-gcc "../Middlewares/Third_Party/FreeRTOS/Source/queue.c" -mcpu=cortex-m3 -std=gnu11 -g3 -DDEBUG -DUSE_HAL_DRIVER -DSTM32F103xB -DSTM32_THREAD_SAFE_STRATEGY=4 -c -I"C:/Users/Daniel/Desktop/GitHub Repositories/ELC_APP/APPL/SMon" -I"C:/Users/Daniel/Desktop/GitHub Repositories/ELC_APP/BSW/Diag/Dcm" -I"C:/Users/Daniel/Desktop/GitHub Repositories/ELC_APP/BSW/Sys/EcuM" -I../Inc -I../Drivers/STM32F1xx_HAL_Driver/Inc -I../Drivers/STM32F1xx_HAL_Driver/Inc/Legacy -I../Middlewares/Third_Party/FreeRTOS/Source/include -I../Middlewares/Third_Party/FreeRTOS/Source/CMSIS_RTOS_V2 -I../Middlewares/Third_Party/FreeRTOS/Source/portable/GCC/ARM_CM3 -I../Drivers/CMSIS/Device/ST/STM32F1xx/Include -I../Drivers/CMSIS/Include -I"C:/Users/Daniel/Desktop/GitHub Repositories/ELC_APP/BSW/Com/CanH" -I../ThreadSafe -Oz -ffunction-sections -fdata-sections -fno-strict-aliasing -Wall -fstack-usage -fcyclomatic-complexity -MMD -MP -MF"Middlewares/Third_Party/FreeRTOS/Source/queue.d" -MT"Middlewares/Third_Party/FreeRTOS/Source/queue.o" --specs=nano.specs -mfloat-abi=soft -mthumb -o "Middlewares/Third_Party/FreeRTOS/Source/queue.o"
arm-none-eabi-gcc "../Middlewares/Third_Party/FreeRTOS/Source/stream_buffer.c" -mcpu=cortex-m3 -std=gnu11 -g3 -DDEBUG -DUSE_HAL_DRIVER -DSTM32F103xB -DSTM32_THREAD_SAFE_STRATEGY=4 -c -I"C:/Users/Daniel/Desktop/GitHub Repositories/ELC_APP/APPL/SMon" -I"C:/Users/Daniel/Desktop/GitHub Repositories/ELC_APP/BSW/Diag/Dcm" -I"C:/Users/Daniel/Desktop/GitHub Repositories/ELC_APP/BSW/Sys/EcuM" -I../Inc -I../Drivers/STM32F1xx_HAL_Driver/Inc -I../Drivers/STM32F1xx_HAL_Driver/Inc/Legacy -I../Middlewares/Third_Party/FreeRTOS/Source/include -I../Middlewares/Third_Party/FreeRTOS/Source/CMSIS_RTOS_V2 -I../Middlewares/Third_Party/FreeRTOS/Source/portable/GCC/ARM_CM3 -I../Drivers/CMSIS/Device/ST/STM32F1xx/Include -I../Drivers/CMSIS/Include -I"C:/Users/Daniel/Desktop/GitHub Repositories/ELC_APP/BSW/Com/CanH" -I../ThreadSafe -Oz -ffunction-sections -fdata-sections -fno-strict-aliasing -Wall -fstack-usage -fcyclomatic-complexity -MMD -MP -MF"Middlewares/Third_Party/FreeRTOS/Source/stream_buffer.d" -MT"Middlewares/Third_Party/FreeRTOS/Source/stream_buffer.o" --specs=nano.specs -mfloat-abi=soft -mthumb -o "Middlewares/Third_Party/FreeRTOS/Source/stream_buffer.o"
arm-none-eabi-gcc "../Middlewares/Third_Party/FreeRTOS/Source/tasks.c" -mcpu=cortex-m3 -std=gnu11 -g3 -DDEBUG -DUSE_HAL_DRIVER -DSTM32F103xB -DSTM32_THREAD_SAFE_STRATEGY=4 -c -I"C:/Users/Daniel/Desktop/GitHub Repositories/ELC_APP/APPL/SMon" -I"C:/Users/Daniel/Desktop/GitHub Repositories/ELC_APP/BSW/Diag/Dcm" -I"C:/Users/Daniel/Desktop/GitHub Repositories/ELC_APP/BSW/Sys/EcuM" -I../Inc -I../Drivers/STM32F1xx_HAL_Driver/Inc -I../Drivers/STM32F1xx_HAL_Driver/Inc/Legacy -I../Middlewares/Third_Party/FreeRTOS/Source/include -I../Middlewares/Third_Party/FreeRTOS/Source/CMSIS_RTOS_V2 -I../Middlewares/Third_Party/FreeRTOS/Source/portable/GCC/ARM_CM3 -I../Drivers/CMSIS/Device/ST/STM32F1xx/Include -I../Drivers/CMSIS/Include -I"C:/Users/Daniel/Desktop/GitHub Repositories/ELC_APP/BSW/Com/CanH" -I../ThreadSafe -Oz -ffunction-sections -fdata-sections -fno-strict-aliasing -Wall -fstack-usage -fcyclomatic-complexity -MMD -MP -MF"Middlewares/Third_Party/FreeRTOS/Source/tasks.d" -MT"Middlewares/Third_Party/FreeRTOS/Source/tasks.o" --specs=nano.specs -mfloat-abi=soft -mthumb -o "Middlewares/Third_Party/FreeRTOS/Source/tasks.o"
arm-none-eabi-gcc "../Middlewares/Third_Party/FreeRTOS/Source/timers.c" -mcpu=cortex-m3 -std=gnu11 -g3 -DDEBUG -DUSE_HAL_DRIVER -DSTM32F103xB -DSTM32_THREAD_SAFE_STRATEGY=4 -c -I"C:/Users/Daniel/Desktop/GitHub Repositories/ELC_APP/APPL/SMon" -I"C:/Users/Daniel/Desktop/GitHub Repositories/ELC_APP/BSW/Diag/Dcm" -I"C:/Users/Daniel/Desktop/GitHub Repositories/ELC_APP/BSW/Sys/EcuM" -I../Inc -I../Drivers/STM32F1xx_HAL_Driver/Inc -I../Drivers/STM32F1xx_HAL_Driver/Inc/Legacy -I../Middlewares/Third_Party/FreeRTOS/Source/include -I../Middlewares/Third_Party/FreeRTOS/Source/CMSIS_RTOS_V2 -I../Middlewares/Third_Party/FreeRTOS/Source/portable/GCC/ARM_CM3 -I../Drivers/CMSIS/Device/ST/STM32F1xx/Include -I../Drivers/CMSIS/Include -I"C:/Users/Daniel/Desktop/GitHub Repositories/ELC_APP/BSW/Com/CanH" -I../ThreadSafe -Oz -ffunction-sections -fdata-sections -fno-strict-aliasing -Wall -fstack-usage -fcyclomatic-complexity -MMD -MP -MF"Middlewares/Third_Party/FreeRTOS/Source/timers.d" -MT"Middlewares/Third_Party/FreeRTOS/Source/timers.o" --specs=nano.specs -mfloat-abi=soft -mthumb -o "Middlewares/Third_Party/FreeRTOS/Source/timers.o"
arm-none-eabi-gcc "../Drivers/STM32F1xx_HAL_Driver/Src/stm32f1xx_hal.c" -mcpu=cortex-m3 -std=gnu11 -g3 -DDEBUG -DUSE_HAL_DRIVER -DSTM32F103xB -DSTM32_THREAD_SAFE_STRATEGY=4 -c -I"C:/Users/Daniel/Desktop/GitHub Repositories/ELC_APP/APPL/SMon" -I"C:/Users/Daniel/Desktop/GitHub Repositories/ELC_APP/BSW/Diag/Dcm" -I"C:/Users/Daniel/Desktop/GitHub Repositories/ELC_APP/BSW/Sys/EcuM" -I../Inc -I../Drivers/STM32F1xx_HAL_Driver/Inc -I../Drivers/STM32F1xx_HAL_Driver/Inc/Legacy -I../Middlewares/Third_Party/FreeRTOS/Source/include -I../Middlewares/Third_Party/FreeRTOS/Source/CMSIS_RTOS_V2 -I../Middlewares/Third_Party/FreeRTOS/Source/portable/GCC/ARM_CM3 -I../Drivers/CMSIS/Device/ST/STM32F1xx/Include -I../Drivers/CMSIS/Include -I"C:/Users/Daniel/Desktop/GitHub Repositories/ELC_APP/BSW/Com/CanH" -I../ThreadSafe -Oz -ffunction-sections -fdata-sections -fno-strict-aliasing -Wall -fstack-usage -fcyclomatic-complexity -MMD -MP -MF"Drivers/STM32F1xx_HAL_Driver/Src/stm32f1xx_hal.d" -MT"Drivers/STM32F1xx_HAL_Driver/Src/stm32f1xx_hal.o" --specs=nano.specs -mfloat-abi=soft -mthumb -o "Drivers/STM32F1xx_HAL_Driver/Src/stm32f1xx_hal.o"
arm-none-eabi-gcc "../Drivers/STM32F1xx_HAL_Driver/Src/stm32f1xx_hal_adc.c" -mcpu=cortex-m3 -std=gnu11 -g3 -DDEBUG -DUSE_HAL_DRIVER -DSTM32F103xB -DSTM32_THREAD_SAFE_STRATEGY=4 -c -I"C:/Users/Daniel/Desktop/GitHub Repositories/ELC_APP/APPL/SMon" -I"C:/Users/Daniel/Desktop/GitHub Repositories/ELC_APP/BSW/Diag/Dcm" -I"C:/Users/Daniel/Desktop/GitHub Repositories/ELC_APP/BSW/Sys/EcuM" -I../Inc -I../Drivers/STM32F1xx_HAL_Driver/Inc -I../Drivers/STM32F1xx_HAL_Driver/Inc/Legacy -I../Middlewares/Third_Party/FreeRTOS/Source/include -I../Middlewares/Third_Party/FreeRTOS/Source/CMSIS_RTOS_V2 -I../Middlewares/Third_Party/FreeRTOS/Source/portable/GCC/ARM_CM3 -I../Drivers/CMSIS/Device/ST/STM32F1xx/Include -I../Drivers/CMSIS/Include -I"C:/Users/Daniel/Desktop/GitHub Repositories/ELC_APP/BSW/Com/CanH" -I../ThreadSafe -Oz -ffunction-sections -fdata-sections -fno-strict-aliasing -Wall -fstack-usage -fcyclomatic-complexity -MMD -MP -MF"Drivers/STM32F1xx_HAL_Driver/Src/stm32f1xx_hal_adc.d" -MT"Drivers/STM32F1xx_HAL_Driver/Src/stm32f1xx_hal_adc.o" --specs=nano.specs -mfloat-abi=soft -mthumb -o "Drivers/STM32F1xx_HAL_Driver/Src/stm32f1xx_hal_adc.o"
arm-none-eabi-gcc "../Drivers/STM32F1xx_HAL_Driver/Src/stm32f1xx_hal_adc_ex.c" -mcpu=cortex-m3 -std=gnu11 -g3 -DDEBUG -DUSE_HAL_DRIVER -DSTM32F103xB -DSTM32_THREAD_SAFE_STRATEGY=4 -c -I"C:/Users/Daniel/Desktop/GitHub Repositories/ELC_APP/APPL/SMon" -I"C:/Users/Daniel/Desktop/GitHub Repositories/ELC_APP/BSW/Diag/Dcm" -I"C:/Users/Daniel/Desktop/GitHub Repositories/ELC_APP/BSW/Sys/EcuM" -I../Inc -I../Drivers/STM32F1xx_HAL_Driver/Inc -I../Drivers/STM32F1xx_HAL_Driver/Inc/Legacy -I../Middlewares/Third_Party/FreeRTOS/Source/include -I../Middlewares/Third_Party/FreeRTOS/Source/CMSIS_RTOS_V2 -I../Middlewares/Third_Party/FreeRTOS/Source/portable/GCC/ARM_CM3 -I../Drivers/CMSIS/Device/ST/STM32F1xx/Include -I../Drivers/CMSIS/Include -I"C:/Users/Daniel/Desktop/GitHub Repositories/ELC_APP/BSW/Com/CanH" -I../ThreadSafe -Oz -ffunction-sections -fdata-sections -fno-strict-aliasing -Wall -fstack-usage -fcyclomatic-complexity -MMD -MP -MF"Drivers/STM32F1xx_HAL_Driver/Src/stm32f1xx_hal_adc_ex.d" -MT"Drivers/STM32F1xx_HAL_Driver/Src/stm32f1xx_hal_adc_ex.o" --specs=nano.specs -mfloat-abi=soft -mthumb -o "Drivers/STM32F1xx_HAL_Driver/Src/stm32f1xx_hal_adc_ex.o"
arm-none-eabi-gcc "../Drivers/STM32F1xx_HAL_Driver/Src/stm32f1xx_hal_can.c" -mcpu=cortex-m3 -std=gnu11 -g3 -DDEBUG -DUSE_HAL_DRIVER -DSTM32F103xB -DSTM32_THREAD_SAFE_STRATEGY=4 -c -I"C:/Users/Daniel/Desktop/GitHub Repositories/ELC_APP/APPL/SMon" -I"C:/Users/Daniel/Desktop/GitHub Repositories/ELC_APP/BSW/Diag/Dcm" -I"C:/Users/Daniel/Desktop/GitHub Repositories/ELC_APP/BSW/Sys/EcuM" -I../Inc -I../Drivers/STM32F1xx_HAL_Driver/Inc -I../Drivers/STM32F1xx_HAL_Driver/Inc/Legacy -I../Middlewares/Third_Party/FreeRTOS/Source/include -I../Middlewares/Third_Party/FreeRTOS/Source/CMSIS_RTOS_V2 -I../Middlewares/Third_Party/FreeRTOS/Source/portable/GCC/ARM_CM3 -I../Drivers/CMSIS/Device/ST/STM32F1xx/Include -I../Drivers/CMSIS/Include -I"C:/Users/Daniel/Desktop/GitHub Repositories/ELC_APP/BSW/Com/CanH" -I../ThreadSafe -Oz -ffunction-sections -fdata-sections -fno-strict-aliasing -Wall -fstack-usage -fcyclomatic-complexity -MMD -MP -MF"Drivers/STM32F1xx_HAL_Driver/Src/stm32f1xx_hal_can.d" -MT"Drivers/STM32F1xx_HAL_Driver/Src/stm32f1xx_hal_can.o" --specs=nano.specs -mfloat-abi=soft -mthumb -o "Drivers/STM32F1xx_HAL_Driver/Src/stm32f1xx_hal_can.o"
arm-none-eabi-gcc "../Drivers/STM32F1xx_HAL_Driver/Src/stm32f1xx_hal_cortex.c" -mcpu=cortex-m3 -std=gnu11 -g3 -DDEBUG -DUSE_HAL_DRIVER -DSTM32F103xB -DSTM32_THREAD_SAFE_STRATEGY=4 -c -I"C:/Users/Daniel/Desktop/GitHub Repositories/ELC_APP/APPL/SMon" -I"C:/Users/Daniel/Desktop/GitHub Repositories/ELC_APP/BSW/Diag/Dcm" -I"C:/Users/Daniel/Desktop/GitHub Repositories/ELC_APP/BSW/Sys/EcuM" -I../Inc -I../Drivers/STM32F1xx_HAL_Driver/Inc -I../Drivers/STM32F1xx_HAL_Driver/Inc/Legacy -I../Middlewares/Third_Party/FreeRTOS/Source/include -I../Middlewares/Third_Party/FreeRTOS/Source/CMSIS_RTOS_V2 -I../Middlewares/Third_Party/FreeRTOS/Source/portable/GCC/ARM_CM3 -I../Drivers/CMSIS/Device/ST/STM32F1xx/Include -I../Drivers/CMSIS/Include -I"C:/Users/Daniel/Desktop/GitHub Repositories/ELC_APP/BSW/Com/CanH" -I../ThreadSafe -Oz -ffunction-sections -fdata-sections -fno-strict-aliasing -Wall -fstack-usage -fcyclomatic-complexity -MMD -MP -MF"Drivers/STM32F1xx_HAL_Driver/Src/stm32f1xx_hal_cortex.d" -MT"Drivers/STM32F1xx_HAL_Driver/Src/stm32f1xx_hal_cortex.o" --specs=nano.specs -mfloat-abi=soft -mthumb -o "Drivers/STM32F1xx_HAL_Driver/Src/stm32f1xx_hal_cortex.o"
arm-none-eabi-gcc "../Drivers/STM32F1xx_HAL_Driver/Src/stm32f1xx_hal_dma.c" -mcpu=cortex-m3 -std=gnu11 -g3 -DDEBUG -DUSE_HAL_DRIVER -DSTM32F103xB -DSTM32_THREAD_SAFE_STRATEGY=4 -c -I"C:/Users/Daniel/Desktop/GitHub Repositories/ELC_APP/APPL/SMon" -I"C:/Users/Daniel/Desktop/GitHub Repositories/ELC_APP/BSW/Diag/Dcm" -I"C:/Users/Daniel/Desktop/GitHub Repositories/ELC_APP/BSW/Sys/EcuM" -I../Inc -I../Drivers/STM32F1xx_HAL_Driver/Inc -I../Drivers/STM32F1xx_HAL_Driver/Inc/Legacy -I../Middlewares/Third_Party/FreeRTOS/Source/include -I../Middlewares/Third_Party/FreeRTOS/Source/CMSIS_RTOS_V2 -I../Middlewares/Third_Party/FreeRTOS/Source/portable/GCC/ARM_CM3 -I../Drivers/CMSIS/Device/ST/STM32F1xx/Include -I../Drivers/CMSIS/Include -I"C:/Users/Daniel/Desktop/GitHub Repositories/ELC_APP/BSW/Com/CanH" -I../ThreadSafe -Oz -ffunction-sections -fdata-sections -fno-strict-aliasing -Wall -fstack-usage -fcyclomatic-complexity -MMD -MP -MF"Drivers/STM32F1xx_HAL_Driver/Src/stm32f1xx_hal_dma.d" -MT"Drivers/STM32F1xx_HAL_Driver/Src/stm32f1xx_hal_dma.o" --specs=nano.specs -mfloat-abi=soft -mthumb -o "Drivers/STM32F1xx_HAL_Driver/Src/stm32f1xx_hal_dma.o"
arm-none-eabi-gcc "../Drivers/STM32F1xx_HAL_Driver/Src/stm32f1xx_hal_exti.c" -mcpu=cortex-m3 -std=gnu11 -g3 -DDEBUG -DUSE_HAL_DRIVER -DSTM32F103xB -DSTM32_THREAD_SAFE_STRATEGY=4 -c -I"C:/Users/Daniel/Desktop/GitHub Repositories/ELC_APP/APPL/SMon" -I"C:/Users/Daniel/Desktop/GitHub Repositories/ELC_APP/BSW/Diag/Dcm" -I"C:/Users/Daniel/Desktop/GitHub Repositories/ELC_APP/BSW/Sys/EcuM" -I../Inc -I../Drivers/STM32F1xx_HAL_Driver/Inc -I../Drivers/STM32F1xx_HAL_Driver/Inc/Legacy -I../Middlewares/Third_Party/FreeRTOS/Source/include -I../Middlewares/Third_Party/FreeRTOS/Source/CMSIS_RTOS_V2 -I../Middlewares/Third_Party/FreeRTOS/Source/portable/GCC/ARM_CM3 -I../Drivers/CMSIS/Device/ST/STM32F1xx/Include -I../Drivers/CMSIS/Include -I"C:/Users/Daniel/Desktop/GitHub Repositories/ELC_APP/BSW/Com/CanH" -I../ThreadSafe -Oz -ffunction-sections -fdata-sections -fno-strict-aliasing -Wall -fstack-usage -fcyclomatic-complexity -MMD -MP -MF"Drivers/STM32F1xx_HAL_Driver/Src/stm32f1xx_hal_exti.d" -MT"Drivers/STM32F1xx_HAL_Driver/Src/stm32f1xx_hal_exti.o" --specs=nano.specs -mfloat-abi=soft -mthumb -o "Drivers/STM32F1xx_HAL_Driver/Src/stm32f1xx_hal_exti.o"
arm-none-eabi-gcc "../Drivers/STM32F1xx_HAL_Driver/Src/stm32f1xx_hal_flash.c" -mcpu=cortex-m3 -std=gnu11 -g3 -DDEBUG -DUSE_HAL_DRIVER -DSTM32F103xB -DSTM32_THREAD_SAFE_STRATEGY=4 -c -I"C:/Users/Daniel/Desktop/GitHub Repositories/ELC_APP/APPL/SMon" -I"C:/Users/Daniel/Desktop/GitHub Repositories/ELC_APP/BSW/Diag/Dcm" -I"C:/Users/Daniel/Desktop/GitHub Repositories/ELC_APP/BSW/Sys/EcuM" -I../Inc -I../Drivers/STM32F1xx_HAL_Driver/Inc -I../Drivers/STM32F1xx_HAL_Driver/Inc/Legacy -I../Middlewares/Third_Party/FreeRTOS/Source/include -I../Middlewares/Third_Party/FreeRTOS/Source/CMSIS_RTOS_V2 -I../Middlewares/Third_Party/FreeRTOS/Source/portable/GCC/ARM_CM3 -I../Drivers/CMSIS/Device/ST/STM32F1xx/Include -I../Drivers/CMSIS/Include -I"C:/Users/Daniel/Desktop/GitHub Repositories/ELC_APP/BSW/Com/CanH" -I../ThreadSafe -Oz -ffunction-sections -fdata-sections -fno-strict-aliasing -Wall -fstack-usage -fcyclomatic-complexity -MMD -MP -MF"Drivers/STM32F1xx_HAL_Driver/Src/stm32f1xx_hal_flash.d" -MT"Drivers/STM32F1xx_HAL_Driver/Src/stm32f1xx_hal_flash.o" --specs=nano.specs -mfloat-abi=soft -mthumb -o "Drivers/STM32F1xx_HAL_Driver/Src/stm32f1xx_hal_flash.o"
arm-none-eabi-gcc "../Drivers/STM32F1xx_HAL_Driver/Src/stm32f1xx_hal_flash_ex.c" -mcpu=cortex-m3 -std=gnu11 -g3 -DDEBUG -DUSE_HAL_DRIVER -DSTM32F103xB -DSTM32_THREAD_SAFE_STRATEGY=4 -c -I"C:/Users/Daniel/Desktop/GitHub Repositories/ELC_APP/APPL/SMon" -I"C:/Users/Daniel/Desktop/GitHub Repositories/ELC_APP/BSW/Diag/Dcm" -I"C:/Users/Daniel/Desktop/GitHub Repositories/ELC_APP/BSW/Sys/EcuM" -I../Inc -I../Drivers/STM32F1xx_HAL_Driver/Inc -I../Drivers/STM32F1xx_HAL_Driver/Inc/Legacy -I../Middlewares/Third_Party/FreeRTOS/Source/include -I../Middlewares/Third_Party/FreeRTOS/Source/CMSIS_RTOS_V2 -I../Middlewares/Third_Party/FreeRTOS/Source/portable/GCC/ARM_CM3 -I../Drivers/CMSIS/Device/ST/STM32F1xx/Include -I../Drivers/CMSIS/Include -I"C:/Users/Daniel/Desktop/GitHub Repositories/ELC_APP/BSW/Com/CanH" -I../ThreadSafe -Oz -ffunction-sections -fdata-sections -fno-strict-aliasing -Wall -fstack-usage -fcyclomatic-complexity -MMD -MP -MF"Drivers/STM32F1xx_HAL_Driver/Src/stm32f1xx_hal_flash_ex.d" -MT"Drivers/STM32F1xx_HAL_Driver/Src/stm32f1xx_hal_flash_ex.o" --specs=nano.specs -mfloat-abi=soft -mthumb -o "Drivers/STM32F1xx_HAL_Driver/Src/stm32f1xx_hal_flash_ex.o"
arm-none-eabi-gcc "../Drivers/STM32F1xx_HAL_Driver/Src/stm32f1xx_hal_gpio.c" -mcpu=cortex-m3 -std=gnu11 -g3 -DDEBUG -DUSE_HAL_DRIVER -DSTM32F103xB -DSTM32_THREAD_SAFE_STRATEGY=4 -c -I"C:/Users/Daniel/Desktop/GitHub Repositories/ELC_APP/APPL/SMon" -I"C:/Users/Daniel/Desktop/GitHub Repositories/ELC_APP/BSW/Diag/Dcm" -I"C:/Users/Daniel/Desktop/GitHub Repositories/ELC_APP/BSW/Sys/EcuM" -I../Inc -I../Drivers/STM32F1xx_HAL_Driver/Inc -I../Drivers/STM32F1xx_HAL_Driver/Inc/Legacy -I../Middlewares/Third_Party/FreeRTOS/Source/include -I../Middlewares/Third_Party/FreeRTOS/Source/CMSIS_RTOS_V2 -I../Middlewares/Third_Party/FreeRTOS/Source/portable/GCC/ARM_CM3 -I../Drivers/CMSIS/Device/ST/STM32F1xx/Include -I../Drivers/CMSIS/Include -I"C:/Users/Daniel/Desktop/GitHub Repositories/ELC_APP/BSW/Com/CanH" -I../ThreadSafe -Oz -ffunction-sections -fdata-sections -fno-strict-aliasing -Wall -fstack-usage -fcyclomatic-complexity -MMD -MP -MF"Drivers/STM32F1xx_HAL_Driver/Src/stm32f1xx_hal_gpio.d" -MT"Drivers/STM32F1xx_HAL_Driver/Src/stm32f1xx_hal_gpio.o" --specs=nano.specs -mfloat-abi=soft -mthumb -o "Drivers/STM32F1xx_HAL_Driver/Src/stm32f1xx_hal_gpio.o"
arm-none-eabi-gcc "../Drivers/STM32F1xx_HAL_Driver/Src/stm32f1xx_hal_gpio_ex.c" -mcpu=cortex-m3 -std=gnu11 -g3 -DDEBUG -DUSE_HAL_DRIVER -DSTM32F103xB -DSTM32_THREAD_SAFE_STRATEGY=4 -c -I"C:/Users/Daniel/Desktop/GitHub Repositories/ELC_APP/APPL/SMon" -I"C:/Users/Daniel/Desktop/GitHub Repositories/ELC_APP/BSW/Diag/Dcm" -I"C:/Users/Daniel/Desktop/GitHub Repositories/ELC_APP/BSW/Sys/EcuM" -I../Inc -I../Drivers/STM32F1xx_HAL_Driver/Inc -I../Drivers/STM32F1xx_HAL_Driver/Inc/Legacy -I../Middlewares/Third_Party/FreeRTOS/Source/include -I../Middlewares/Third_Party/FreeRTOS/Source/CMSIS_RTOS_V2 -I../Middlewares/Third_Party/FreeRTOS/Source/portable/GCC/ARM_CM3 -I../Drivers/CMSIS/Device/ST/STM32F1xx/Include -I../Drivers/CMSIS/Include -I"C:/Users/Daniel/Desktop/GitHub Repositories/ELC_APP/BSW/Com/CanH" -I../ThreadSafe -Oz -ffunction-sections -fdata-sections -fno-strict-aliasing -Wall -fstack-usage -fcyclomatic-complexity -MMD -MP -MF"Drivers/STM32F1xx_HAL_Driver/Src/stm32f1xx_hal_gpio_ex.d" -MT"Drivers/STM32F1xx_HAL_Driver/Src/stm32f1xx_hal_gpio_ex.o" --specs=nano.specs -mfloat-abi=soft -mthumb -o "Drivers/STM32F1xx_HAL_Driver/Src/stm32f1xx_hal_gpio_ex.o"
arm-none-eabi-gcc "../Drivers/STM32F1xx_HAL_Driver/Src/stm32f1xx_hal_pwr.c" -mcpu=cortex-m3 -std=gnu11 -g3 -DDEBUG -DUSE_HAL_DRIVER -DSTM32F103xB -DSTM32_THREAD_SAFE_STRATEGY=4 -c -I"C:/Users/Daniel/Desktop/GitHub Repositories/ELC_APP/APPL/SMon" -I"C:/Users/Daniel/Desktop/GitHub Repositories/ELC_APP/BSW/Diag/Dcm" -I"C:/Users/Daniel/Desktop/GitHub Repositories/ELC_APP/BSW/Sys/EcuM" -I../Inc -I../Drivers/STM32F1xx_HAL_Driver/Inc -I../Drivers/STM32F1xx_HAL_Driver/Inc/Legacy -I../Middlewares/Third_Party/FreeRTOS/Source/include -I../Middlewares/Third_Party/FreeRTOS/Source/CMSIS_RTOS_V2 -I../Middlewares/Third_Party/FreeRTOS/Source/portable/GCC/ARM_CM3 -I../Drivers/CMSIS/Device/ST/STM32F1xx/Include -I../Drivers/CMSIS/Include -I"C:/Users/Daniel/Desktop/GitHub Repositories/ELC_APP/BSW/Com/CanH" -I../ThreadSafe -Oz -ffunction-sections -fdata-sections -fno-strict-aliasing -Wall -fstack-usage -fcyclomatic-complexity -MMD -MP -MF"Drivers/STM32F1xx_HAL_Driver/Src/stm32f1xx_hal_pwr.d" -MT"Drivers/STM32F1xx_HAL_Driver/Src/stm32f1xx_hal_pwr.o" --specs=nano.specs -mfloat-abi=soft -mthumb -o "Drivers/STM32F1xx_HAL_Driver/Src/stm32f1xx_hal_pwr.o"
arm-none-eabi-gcc "../Drivers/STM32F1xx_HAL_Driver/Src/stm32f1xx_hal_rcc.c" -mcpu=cortex-m3 -std=gnu11 -g3 -DDEBUG -DUSE_HAL_DRIVER -DSTM32F103xB -DSTM32_THREAD_SAFE_STRATEGY=4 -c -I"C:/Users/Daniel/Desktop/GitHub Repositories/ELC_APP/APPL/SMon" -I"C:/Users/Daniel/Desktop/GitHub Repositories/ELC_APP/BSW/Diag/Dcm" -I"C:/Users/Daniel/Desktop/GitHub Repositories/ELC_APP/BSW/Sys/EcuM" -I../Inc -I../Drivers/STM32F1xx_HAL_Driver/Inc -I../Drivers/STM32F1xx_HAL_Driver/Inc/Legacy -I../Middlewares/Third_Party/FreeRTOS/Source/include -I../Middlewares/Third_Party/FreeRTOS/Source/CMSIS_RTOS_V2 -I../Middlewares/Third_Party/FreeRTOS/Source/portable/GCC/ARM_CM3 -I../Drivers/CMSIS/Device/ST/STM32F1xx/Include -I../Drivers/CMSIS/Include -I"C:/Users/Daniel/Desktop/GitHub Repositories/ELC_APP/BSW/Com/CanH" -I../ThreadSafe -Oz -ffunction-sections -fdata-sections -fno-strict-aliasing -Wall -fstack-usage -fcyclomatic-complexity -MMD -MP -MF"Drivers/STM32F1xx_HAL_Driver/Src/stm32f1xx_hal_rcc.d" -MT"Drivers/STM32F1xx_HAL_Driver/Src/stm32f1xx_hal_rcc.o" --specs=nano.specs -mfloat-abi=soft -mthumb -o "Drivers/STM32F1xx_HAL_Driver/Src/stm32f1xx_hal_rcc.o"
arm-none-eabi-gcc "../Drivers/STM32F1xx_HAL_Driver/Src/stm32f1xx_hal_rcc_ex.c" -mcpu=cortex-m3 -std=gnu11 -g3 -DDEBUG -DUSE_HAL_DRIVER -DSTM32F103xB -DSTM32_THREAD_SAFE_STRATEGY=4 -c -I"C:/Users/Daniel/Desktop/GitHub Repositories/ELC_APP/APPL/SMon" -I"C:/Users/Daniel/Desktop/GitHub Repositories/ELC_APP/BSW/Diag/Dcm" -I"C:/Users/Daniel/Desktop/GitHub Repositories/ELC_APP/BSW/Sys/EcuM" -I../Inc -I../Drivers/STM32F1xx_HAL_Driver/Inc -I../Drivers/STM32F1xx_HAL_Driver/Inc/Legacy -I../Middlewares/Third_Party/FreeRTOS/Source/include -I../Middlewares/Third_Party/FreeRTOS/Source/CMSIS_RTOS_V2 -I../Middlewares/Third_Party/FreeRTOS/Source/portable/GCC/ARM_CM3 -I../Drivers/CMSIS/Device/ST/STM32F1xx/Include -I../Drivers/CMSIS/Include -I"C:/Users/Daniel/Desktop/GitHub Repositories/ELC_APP/BSW/Com/CanH" -I../ThreadSafe -Oz -ffunction-sections -fdata-sections -fno-strict-aliasing -Wall -fstack-usage -fcyclomatic-complexity -MMD -MP -MF"Drivers/STM32F1xx_HAL_Driver/Src/stm32f1xx_hal_rcc_ex.d" -MT"Drivers/STM32F1xx_HAL_Driver/Src/stm32f1xx_hal_rcc_ex.o" --specs=nano.specs -mfloat-abi=soft -mthumb -o "Drivers/STM32F1xx_HAL_Driver/Src/stm32f1xx_hal_rcc_ex.o"
arm-none-eabi-gcc "../Drivers/STM32F1xx_HAL_Driver/Src/stm32f1xx_hal_tim.c" -mcpu=cortex-m3 -std=gnu11 -g3 -DDEBUG -DUSE_HAL_DRIVER -DSTM32F103xB -DSTM32_THREAD_SAFE_STRATEGY=4 -c -I"C:/Users/Daniel/Desktop/GitHub Repositories/ELC_APP/APPL/SMon" -I"C:/Users/Daniel/Desktop/GitHub Repositories/ELC_APP/BSW/Diag/Dcm" -I"C:/Users/Daniel/Desktop/GitHub Repositories/ELC_APP/BSW/Sys/EcuM" -I../Inc -I../Drivers/STM32F1xx_HAL_Driver/Inc -I../Drivers/STM32F1xx_HAL_Driver/Inc/Legacy -I../Middlewares/Third_Party/FreeRTOS/Source/include -I../Middlewares/Third_Party/FreeRTOS/Source/CMSIS_RTOS_V2 -I../Middlewares/Third_Party/FreeRTOS/Source/portable/GCC/ARM_CM3 -I../Drivers/CMSIS/Device/ST/STM32F1xx/Include -I../Drivers/CMSIS/Include -I"C:/Users/Daniel/Desktop/GitHub Repositories/ELC_APP/BSW/Com/CanH" -I../ThreadSafe -Oz -ffunction-sections -fdata-sections -fno-strict-aliasing -Wall -fstack-usage -fcyclomatic-complexity -MMD -MP -MF"Drivers/STM32F1xx_HAL_Driver/Src/stm32f1xx_hal_tim.d" -MT"Drivers/STM32F1xx_HAL_Driver/Src/stm32f1xx_hal_tim.o" --specs=nano.specs -mfloat-abi=soft -mthumb -o "Drivers/STM32F1xx_HAL_Driver/Src/stm32f1xx_hal_tim.o"
arm-none-eabi-gcc "../Drivers/STM32F1xx_HAL_Driver/Src/stm32f1xx_hal_tim_ex.c" -mcpu=cortex-m3 -std=gnu11 -g3 -DDEBUG -DUSE_HAL_DRIVER -DSTM32F103xB -DSTM32_THREAD_SAFE_STRATEGY=4 -c -I"C:/Users/Daniel/Desktop/GitHub Repositories/ELC_APP/APPL/SMon" -I"C:/Users/Daniel/Desktop/GitHub Repositories/ELC_APP/BSW/Diag/Dcm" -I"C:/Users/Daniel/Desktop/GitHub Repositories/ELC_APP/BSW/Sys/EcuM" -I../Inc -I../Drivers/STM32F1xx_HAL_Driver/Inc -I../Drivers/STM32F1xx_HAL_Driver/Inc/Legacy -I../Middlewares/Third_Party/FreeRTOS/Source/include -I../Middlewares/Third_Party/FreeRTOS/Source/CMSIS_RTOS_V2 -I../Middlewares/Third_Party/FreeRTOS/Source/portable/GCC/ARM_CM3 -I../Drivers/CMSIS/Device/ST/STM32F1xx/Include -I../Drivers/CMSIS/Include -I"C:/Users/Daniel/Desktop/GitHub Repositories/ELC_APP/BSW/Com/CanH" -I../ThreadSafe -Oz -ffunction-sections -fdata-sections -fno-strict-aliasing -Wall -fstack-usage -fcyclomatic-complexity -MMD -MP -MF"Drivers/STM32F1xx_HAL_Driver/Src/stm32f1xx_hal_tim_ex.d" -MT"Drivers/STM32F1xx_HAL_Driver/Src/stm32f1xx_hal_tim_ex.o" --specs=nano.specs -mfloat-abi=soft -mthumb -o "Drivers/STM32F1xx_HAL_Driver/Src/stm32f1xx_hal_tim_ex.o"
arm-none-eabi-gcc -mcpu=cortex-m3 -g3 -DDEBUG -c -x assembler-with-cpp -MMD -MP -MF"Core/Startup/startup_stm32f103c8tx.d" -MT"Core/Startup/startup_stm32f103c8tx.o" --specs=nano.specs -mfloat-abi=soft -mthumb -o "Core/Startup/startup_stm32f103c8tx.o" "../Core/Startup/startup_stm32f103c8tx.s"
arm-none-eabi-gcc "../BSW/Sys/EcuM/EcuM.c" -mcpu=cortex-m3 -std=gnu11 -g3 -DDEBUG -DUSE_HAL_DRIVER -DSTM32F103xB -DSTM32_THREAD_SAFE_STRATEGY=4 -c -I"C:/Users/Daniel/Desktop/GitHub Repositories/ELC_APP/APPL/SMon" -I"C:/Users/Daniel/Desktop/GitHub Repositories/ELC_APP/BSW/Diag/Dcm" -I"C:/Users/Daniel/Desktop/GitHub Repositories/ELC_APP/BSW/Sys/EcuM" -I../Inc -I../Drivers/STM32F1xx_HAL_Driver/Inc -I../Drivers/STM32F1xx_HAL_Driver/Inc/Legacy -I../Middlewares/Third_Party/FreeRTOS/Source/include -I../Middlewares/Third_Party/FreeRTOS/Source/CMSIS_RTOS_V2 -I../Middlewares/Third_Party/FreeRTOS/Source/portable/GCC/ARM_CM3 -I../Drivers/CMSIS/Device/ST/STM32F1xx/Include -I../Drivers/CMSIS/Include -I"C:/Users/Daniel/Desktop/GitHub Repositories/ELC_APP/BSW/Com/CanH" -I../ThreadSafe -Oz -ffunction-sections -fdata-sections -fno-strict-aliasing -Wall -fstack-usage -fcyclomatic-complexity -MMD -MP -MF"BSW/Sys/EcuM/EcuM.d" -MT"BSW/Sys/EcuM/EcuM.o" --specs=nano.specs -mfloat-abi=soft -mthumb -o "BSW/Sys/EcuM/EcuM.o"
arm-none-eabi-gcc "../BSW/Diag/Dcm/Dcm.c" -mcpu=cortex-m3 -std=gnu11 -g3 -DDEBUG -DUSE_HAL_DRIVER -DSTM32F103xB -DSTM32_THREAD_SAFE_STRATEGY=4 -c -I"C:/Users/Daniel/Desktop/GitHub Repositories/ELC_APP/APPL/SMon" -I"C:/Users/Daniel/Desktop/GitHub Repositories/ELC_APP/BSW/Diag/Dcm" -I"C:/Users/Daniel/Desktop/GitHub Repositories/ELC_APP/BSW/Sys/EcuM" -I../Inc -I../Drivers/STM32F1xx_HAL_Driver/Inc -I../Drivers/STM32F1xx_HAL_Driver/Inc/Legacy -I../Middlewares/Third_Party/FreeRTOS/Source/include -I../Middlewares/Third_Party/FreeRTOS/Source/CMSIS_RTOS_V2 -I../Middlewares/Third_Party/FreeRTOS/Source/portable/GCC/ARM_CM3 -I../Drivers/CMSIS/Device/ST/STM32F1xx/Include -I../Drivers/CMSIS/Include -I"C:/Users/Daniel/Desktop/GitHub Repositories/ELC_APP/BSW/Com/CanH" -I../ThreadSafe -Oz -ffunction-sections -fdata-sections -fno-strict-aliasing -Wall -fstack-usage -fcyclomatic-complexity -MMD -MP -MF"BSW/Diag/Dcm/Dcm.d" -MT"BSW/Diag/Dcm/Dcm.o" --specs=nano.specs -mfloat-abi=soft -mthumb -o "BSW/Diag/Dcm/Dcm.o"
arm-none-eabi-gcc "../BSW/Com/CanH/CanH.c" -mcpu=cortex-m3 -std=gnu11 -g3 -DDEBUG -DUSE_HAL_DRIVER -DSTM32F103xB -DSTM32_THREAD_SAFE_STRATEGY=4 -c -I"C:/Users/Daniel/Desktop/GitHub Repositories/ELC_APP/APPL/SMon" -I"C:/Users/Daniel/Desktop/GitHub Repositories/ELC_APP/BSW/Diag/Dcm" -I"C:/Users/Daniel/Desktop/GitHub Repositories/ELC_APP/BSW/Sys/EcuM" -I../Inc -I../Drivers/STM32F1xx_HAL_Driver/Inc -I../Drivers/STM32F1xx_HAL_Driver/Inc/Legacy -I../Middlewares/Third_Party/FreeRTOS/Source/include -I../Middlewares/Third_Party/FreeRTOS/Source/CMSIS_RTOS_V2 -I../Middlewares/Third_Party/FreeRTOS/Source/portable/GCC/ARM_CM3 -I../Drivers/CMSIS/Device/ST/STM32F1xx/Include -I../Drivers/CMSIS/Include -I"C:/Users/Daniel/Desktop/GitHub Repositories/ELC_APP/BSW/Com/CanH" -I../ThreadSafe -Oz -ffunction-sections -fdata-sections -fno-strict-aliasing -Wall -fstack-usage -fcyclomatic-complexity -MMD -MP -MF"BSW/Com/CanH/CanH.d" -MT"BSW/Com/CanH/CanH.o" --specs=nano.specs -mfloat-abi=soft -mthumb -o "BSW/Com/CanH/CanH.o"
arm-none-eabi-gcc "../APPL/SMon/SMon.c" -mcpu=cortex-m3 -std=gnu11 -g3 -DDEBUG -DUSE_HAL_DRIVER -DSTM32F103xB -DSTM32_THREAD_SAFE_STRATEGY=4 -c -I"C:/Users/Daniel/Desktop/GitHub Repositories/ELC_APP/APPL/SMon" -I"C:/Users/Daniel/Desktop/GitHub Repositories/ELC_APP/BSW/Diag/Dcm" -I"C:/Users/Daniel/Desktop/GitHub Repositories/ELC_APP/BSW/Sys/EcuM" -I../Inc -I../Drivers/STM32F1xx_HAL_Driver/Inc -I../Drivers/STM32F1xx_HAL_Driver/Inc/Legacy -I../Middlewares/Third_Party/FreeRTOS/Source/include -I../Middlewares/Third_Party/FreeRTOS/Source/CMSIS_RTOS_V2 -I../Middlewares/Third_Party/FreeRTOS/Source/portable/GCC/ARM_CM3 -I../Drivers/CMSIS/Device/ST/STM32F1xx/Include -I../Drivers/CMSIS/Include -I"C:/Users/Daniel/Desktop/GitHub Repositories/ELC_APP/BSW/Com/CanH" -I../ThreadSafe -Oz -ffunction-sections -fdata-sections -fno-strict-aliasing -Wall -fstack-usage -fcyclomatic-complexity -MMD -MP -MF"APPL/SMon/SMon.d" -MT"APPL/SMon/SMon.o" --specs=nano.specs -mfloat-abi=soft -mthumb -o "APPL/SMon/SMon.o"
arm-none-eabi-gcc -o "ELC_APP.elf" @"objects.list"   -mcpu=cortex-m3 -T"C:\Users\Daniel\Desktop\GitHub Repositories\ELC_APP\STM32F103C8TX_FLASH.ld" --specs=nosys.specs -Wl,-Map="ELC_APP.map" -Wl,--gc-sections -static --specs=nano.specs -mfloat-abi=soft -mthumb -Wl,--start-group -lc -lm -Wl,--end-group
C:/ST/STM32CubeIDE_1.16.0/STM32CubeIDE/plugins/com.st.stm32cube.ide.mcu.externaltools.gnu-tools-for-stm32.12.3.rel1.win32_1.0.200.202406191623/tools/bin/../lib/gcc/arm-none-eabi/12.3.1/../../../../arm-none-eabi/bin/ld.exe: C:/ST/STM32CubeIDE_1.16.0/STM32CubeIDE/plugins/com.st.stm32cube.ide.mcu.externaltools.gnu-tools-for-stm32.12.3.rel1.win32_1.0.200.202406191623/tools/bin/../lib/gcc/arm-none-eabi/12.3.1/../../../../arm-none-eabi/lib/thumb/v7-m/nofp\libc_nano.a(libc_a-closer.o): in function `_close_r':
(.text._close_r+0xc): warning: _close is not implemented and will always fail
C:/ST/STM32CubeIDE_1.16.0/STM32CubeIDE/plugins/com.st.stm32cube.ide.mcu.externaltools.gnu-tools-for-stm32.12.3.rel1.win32_1.0.200.202406191623/tools/bin/../lib/gcc/arm-none-eabi/12.3.1/../../../../arm-none-eabi/bin/ld.exe: C:/ST/STM32CubeIDE_1.16.0/STM32CubeIDE/plugins/com.st.stm32cube.ide.mcu.externaltools.gnu-tools-for-stm32.12.3.rel1.win32_1.0.200.202406191623/tools/bin/../lib/gcc/arm-none-eabi/12.3.1/../../../../arm-none-eabi/lib/thumb/v7-m/nofp\libc_nano.a(libc_a-lseekr.o): in function `_lseek_r':
(.text._lseek_r+0x10): warning: _lseek is not implemented and will always fail
C:/ST/STM32CubeIDE_1.16.0/STM32CubeIDE/plugins/com.st.stm32cube.ide.mcu.externaltools.gnu-tools-for-stm32.12.3.rel1.win32_1.0.200.202406191623/tools/bin/../lib/gcc/arm-none-eabi/12.3.1/../../../../arm-none-eabi/bin/ld.exe: C:/ST/STM32CubeIDE_1.16.0/STM32CubeIDE/plugins/com.st.stm32cube.ide.mcu.externaltools.gnu-tools-for-stm32.12.3.rel1.win32_1.0.200.202406191623/tools/bin/../lib/gcc/arm-none-eabi/12.3.1/../../../../arm-none-eabi/lib/thumb/v7-m/nofp\libc_nano.a(libc_a-readr.o): in function `_read_r':
(.text._read_r+0x10): warning: _read is not implemented and will always fail
C:/ST/STM32CubeIDE_1.16.0/STM32CubeIDE/plugins/com.st.stm32cube.ide.mcu.externaltools.gnu-tools-for-stm32.12.3.rel1.win32_1.0.200.202406191623/tools/bin/../lib/gcc/arm-none-eabi/12.3.1/../../../../arm-none-eabi/bin/ld.exe: C:/ST/STM32CubeIDE_1.16.0/STM32CubeIDE/plugins/com.st.stm32cube.ide.mcu.externaltools.gnu-tools-for-stm32.12.3.rel1.win32_1.0.200.202406191623/tools/bin/../lib/gcc/arm-none-eabi/12.3.1/../../../../arm-none-eabi/lib/thumb/v7-m/nofp\libc_nano.a(libc_a-writer.o): in function `_write_r':
(.text._write_r+0x10): warning: _write is not implemented and will always fail
Finished building target: ELC_APP.elf
 
arm-none-eabi-size  ELC_APP.elf 
arm-none-eabi-objdump -h -S ELC_APP.elf  > "ELC_APP.list"
arm-none-eabi-objcopy  -O ihex ELC_APP.elf  "ELC_APP.hex"
   text	   data	    bss	    dec	    hex	filename
  26324	    120	  18568	  45012	   afd4	ELC_APP.elf
arm-none-eabi-objcopy  -O binary ELC_APP.elf  "ELC_APP.bin"
arm-none-eabi-objcopy  -O verilog ELC_APP.elf  "ELC_APP.verilog"
arm-none-eabi-objcopy  -O srec ELC_APP.elf  "ELC_APP.srec"
Finished building: default.size.stdout
arm-none-eabi-objcopy  -O symbolsrec ELC_APP.elf  "ELC_APP.symbolsrec"
 
Finished building: ELC_APP.bin
Finished building: ELC_APP.hex
Finished building: ELC_APP.verilog
Finished building: ELC_APP.srec
Finished building: ELC_APP.symbolsrec
 
 
 
 
 
Finished building: ELC_APP.list
 
23:20:33 **** Build of configuration Debug for project ELC_FBL ****
make -j12 all 
arm-none-eabi-gcc "C:/Users/Daniel/STM32Cube/Repository/STM32Cube_FW_F1_V1.8.5/Drivers/STM32F1xx_HAL_Driver/Src/stm32f1xx_hal.c" -mcpu=cortex-m3 -std=gnu11 -g3 -DDEBUG -DUSE_HAL_DRIVER -DSTM32F103xB -c -I../Core/Inc -IC:/Users/Daniel/STM32Cube/Repository/STM32Cube_FW_F1_V1.8.5/Drivers/STM32F1xx_HAL_Driver/Inc -IC:/Users/Daniel/STM32Cube/Repository/STM32Cube_FW_F1_V1.8.5/Drivers/STM32F1xx_HAL_Driver/Inc/Legacy -IC:/Users/Daniel/STM32Cube/Repository/STM32Cube_FW_F1_V1.8.5/Drivers/CMSIS/Device/ST/STM32F1xx/Include -IC:/Users/Daniel/STM32Cube/Repository/STM32Cube_FW_F1_V1.8.5/Drivers/CMSIS/Include -Os -ffunction-sections -fdata-sections -mslow-flash-data -fno-strict-aliasing -Wall -fstack-usage -fcyclomatic-complexity -MMD -MP -MF"Drivers/STM32F1xx_HAL_Driver/stm32f1xx_hal.d" -MT"Drivers/STM32F1xx_HAL_Driver/stm32f1xx_hal.o" --specs=nano.specs -mfloat-abi=soft -mthumb -o "Drivers/STM32F1xx_HAL_Driver/stm32f1xx_hal.o"
arm-none-eabi-gcc "C:/Users/Daniel/STM32Cube/Repository/STM32Cube_FW_F1_V1.8.5/Drivers/STM32F1xx_HAL_Driver/Src/stm32f1xx_hal_can.c" -mcpu=cortex-m3 -std=gnu11 -g3 -DDEBUG -DUSE_HAL_DRIVER -DSTM32F103xB -c -I../Core/Inc -IC:/Users/Daniel/STM32Cube/Repository/STM32Cube_FW_F1_V1.8.5/Drivers/STM32F1xx_HAL_Driver/Inc -IC:/Users/Daniel/STM32Cube/Repository/STM32Cube_FW_F1_V1.8.5/Drivers/STM32F1xx_HAL_Driver/Inc/Legacy -IC:/Users/Daniel/STM32Cube/Repository/STM32Cube_FW_F1_V1.8.5/Drivers/CMSIS/Device/ST/STM32F1xx/Include -IC:/Users/Daniel/STM32Cube/Repository/STM32Cube_FW_F1_V1.8.5/Drivers/CMSIS/Include -Os -ffunction-sections -fdata-sections -mslow-flash-data -fno-strict-aliasing -Wall -fstack-usage -fcyclomatic-complexity -MMD -MP -MF"Drivers/STM32F1xx_HAL_Driver/stm32f1xx_hal_can.d" -MT"Drivers/STM32F1xx_HAL_Driver/stm32f1xx_hal_can.o" --specs=nano.specs -mfloat-abi=soft -mthumb -o "Drivers/STM32F1xx_HAL_Driver/stm32f1xx_hal_can.o"
arm-none-eabi-gcc "C:/Users/Daniel/STM32Cube/Repository/STM32Cube_FW_F1_V1.8.5/Drivers/STM32F1xx_HAL_Driver/Src/stm32f1xx_hal_cortex.c" -mcpu=cortex-m3 -std=gnu11 -g3 -DDEBUG -DUSE_HAL_DRIVER -DSTM32F103xB -c -I../Core/Inc -IC:/Users/Daniel/STM32Cube/Repository/STM32Cube_FW_F1_V1.8.5/Drivers/STM32F1xx_HAL_Driver/Inc -IC:/Users/Daniel/STM32Cube/Repository/STM32Cube_FW_F1_V1.8.5/Drivers/STM32F1xx_HAL_Driver/Inc/Legacy -IC:/Users/Daniel/STM32Cube/Repository/STM32Cube_FW_F1_V1.8.5/Drivers/CMSIS/Device/ST/STM32F1xx/Include -IC:/Users/Daniel/STM32Cube/Repository/STM32Cube_FW_F1_V1.8.5/Drivers/CMSIS/Include -Os -ffunction-sections -fdata-sections -mslow-flash-data -fno-strict-aliasing -Wall -fstack-usage -fcyclomatic-complexity -MMD -MP -MF"Drivers/STM32F1xx_HAL_Driver/stm32f1xx_hal_cortex.d" -MT"Drivers/STM32F1xx_HAL_Driver/stm32f1xx_hal_cortex.o" --specs=nano.specs -mfloat-abi=soft -mthumb -o "Drivers/STM32F1xx_HAL_Driver/stm32f1xx_hal_cortex.o"
arm-none-eabi-gcc "C:/Users/Daniel/STM32Cube/Repository/STM32Cube_FW_F1_V1.8.5/Drivers/STM32F1xx_HAL_Driver/Src/stm32f1xx_hal_dma.c" -mcpu=cortex-m3 -std=gnu11 -g3 -DDEBUG -DUSE_HAL_DRIVER -DSTM32F103xB -c -I../Core/Inc -IC:/Users/Daniel/STM32Cube/Repository/STM32Cube_FW_F1_V1.8.5/Drivers/STM32F1xx_HAL_Driver/Inc -IC:/Users/Daniel/STM32Cube/Repository/STM32Cube_FW_F1_V1.8.5/Drivers/STM32F1xx_HAL_Driver/Inc/Legacy -IC:/Users/Daniel/STM32Cube/Repository/STM32Cube_FW_F1_V1.8.5/Drivers/CMSIS/Device/ST/STM32F1xx/Include -IC:/Users/Daniel/STM32Cube/Repository/STM32Cube_FW_F1_V1.8.5/Drivers/CMSIS/Include -Os -ffunction-sections -fdata-sections -mslow-flash-data -fno-strict-aliasing -Wall -fstack-usage -fcyclomatic-complexity -MMD -MP -MF"Drivers/STM32F1xx_HAL_Driver/stm32f1xx_hal_dma.d" -MT"Drivers/STM32F1xx_HAL_Driver/stm32f1xx_hal_dma.o" --specs=nano.specs -mfloat-abi=soft -mthumb -o "Drivers/STM32F1xx_HAL_Driver/stm32f1xx_hal_dma.o"
arm-none-eabi-gcc "C:/Users/Daniel/STM32Cube/Repository/STM32Cube_FW_F1_V1.8.5/Drivers/STM32F1xx_HAL_Driver/Src/stm32f1xx_hal_exti.c" -mcpu=cortex-m3 -std=gnu11 -g3 -DDEBUG -DUSE_HAL_DRIVER -DSTM32F103xB -c -I../Core/Inc -IC:/Users/Daniel/STM32Cube/Repository/STM32Cube_FW_F1_V1.8.5/Drivers/STM32F1xx_HAL_Driver/Inc -IC:/Users/Daniel/STM32Cube/Repository/STM32Cube_FW_F1_V1.8.5/Drivers/STM32F1xx_HAL_Driver/Inc/Legacy -IC:/Users/Daniel/STM32Cube/Repository/STM32Cube_FW_F1_V1.8.5/Drivers/CMSIS/Device/ST/STM32F1xx/Include -IC:/Users/Daniel/STM32Cube/Repository/STM32Cube_FW_F1_V1.8.5/Drivers/CMSIS/Include -Os -ffunction-sections -fdata-sections -mslow-flash-data -fno-strict-aliasing -Wall -fstack-usage -fcyclomatic-complexity -MMD -MP -MF"Drivers/STM32F1xx_HAL_Driver/stm32f1xx_hal_exti.d" -MT"Drivers/STM32F1xx_HAL_Driver/stm32f1xx_hal_exti.o" --specs=nano.specs -mfloat-abi=soft -mthumb -o "Drivers/STM32F1xx_HAL_Driver/stm32f1xx_hal_exti.o"
arm-none-eabi-gcc "C:/Users/Daniel/STM32Cube/Repository/STM32Cube_FW_F1_V1.8.5/Drivers/STM32F1xx_HAL_Driver/Src/stm32f1xx_hal_flash.c" -mcpu=cortex-m3 -std=gnu11 -g3 -DDEBUG -DUSE_HAL_DRIVER -DSTM32F103xB -c -I../Core/Inc -IC:/Users/Daniel/STM32Cube/Repository/STM32Cube_FW_F1_V1.8.5/Drivers/STM32F1xx_HAL_Driver/Inc -IC:/Users/Daniel/STM32Cube/Repository/STM32Cube_FW_F1_V1.8.5/Drivers/STM32F1xx_HAL_Driver/Inc/Legacy -IC:/Users/Daniel/STM32Cube/Repository/STM32Cube_FW_F1_V1.8.5/Drivers/CMSIS/Device/ST/STM32F1xx/Include -IC:/Users/Daniel/STM32Cube/Repository/STM32Cube_FW_F1_V1.8.5/Drivers/CMSIS/Include -Os -ffunction-sections -fdata-sections -mslow-flash-data -fno-strict-aliasing -Wall -fstack-usage -fcyclomatic-complexity -MMD -MP -MF"Drivers/STM32F1xx_HAL_Driver/stm32f1xx_hal_flash.d" -MT"Drivers/STM32F1xx_HAL_Driver/stm32f1xx_hal_flash.o" --specs=nano.specs -mfloat-abi=soft -mthumb -o "Drivers/STM32F1xx_HAL_Driver/stm32f1xx_hal_flash.o"
arm-none-eabi-gcc "C:/Users/Daniel/STM32Cube/Repository/STM32Cube_FW_F1_V1.8.5/Drivers/STM32F1xx_HAL_Driver/Src/stm32f1xx_hal_flash_ex.c" -mcpu=cortex-m3 -std=gnu11 -g3 -DDEBUG -DUSE_HAL_DRIVER -DSTM32F103xB -c -I../Core/Inc -IC:/Users/Daniel/STM32Cube/Repository/STM32Cube_FW_F1_V1.8.5/Drivers/STM32F1xx_HAL_Driver/Inc -IC:/Users/Daniel/STM32Cube/Repository/STM32Cube_FW_F1_V1.8.5/Drivers/STM32F1xx_HAL_Driver/Inc/Legacy -IC:/Users/Daniel/STM32Cube/Repository/STM32Cube_FW_F1_V1.8.5/Drivers/CMSIS/Device/ST/STM32F1xx/Include -IC:/Users/Daniel/STM32Cube/Repository/STM32Cube_FW_F1_V1.8.5/Drivers/CMSIS/Include -Os -ffunction-sections -fdata-sections -mslow-flash-data -fno-strict-aliasing -Wall -fstack-usage -fcyclomatic-complexity -MMD -MP -MF"Drivers/STM32F1xx_HAL_Driver/stm32f1xx_hal_flash_ex.d" -MT"Drivers/STM32F1xx_HAL_Driver/stm32f1xx_hal_flash_ex.o" --specs=nano.specs -mfloat-abi=soft -mthumb -o "Drivers/STM32F1xx_HAL_Driver/stm32f1xx_hal_flash_ex.o"
arm-none-eabi-gcc "C:/Users/Daniel/STM32Cube/Repository/STM32Cube_FW_F1_V1.8.5/Drivers/STM32F1xx_HAL_Driver/Src/stm32f1xx_hal_gpio.c" -mcpu=cortex-m3 -std=gnu11 -g3 -DDEBUG -DUSE_HAL_DRIVER -DSTM32F103xB -c -I../Core/Inc -IC:/Users/Daniel/STM32Cube/Repository/STM32Cube_FW_F1_V1.8.5/Drivers/STM32F1xx_HAL_Driver/Inc -IC:/Users/Daniel/STM32Cube/Repository/STM32Cube_FW_F1_V1.8.5/Drivers/STM32F1xx_HAL_Driver/Inc/Legacy -IC:/Users/Daniel/STM32Cube/Repository/STM32Cube_FW_F1_V1.8.5/Drivers/CMSIS/Device/ST/STM32F1xx/Include -IC:/Users/Daniel/STM32Cube/Repository/STM32Cube_FW_F1_V1.8.5/Drivers/CMSIS/Include -Os -ffunction-sections -fdata-sections -mslow-flash-data -fno-strict-aliasing -Wall -fstack-usage -fcyclomatic-complexity -MMD -MP -MF"Drivers/STM32F1xx_HAL_Driver/stm32f1xx_hal_gpio.d" -MT"Drivers/STM32F1xx_HAL_Driver/stm32f1xx_hal_gpio.o" --specs=nano.specs -mfloat-abi=soft -mthumb -o "Drivers/STM32F1xx_HAL_Driver/stm32f1xx_hal_gpio.o"
arm-none-eabi-gcc "C:/Users/Daniel/STM32Cube/Repository/STM32Cube_FW_F1_V1.8.5/Drivers/STM32F1xx_HAL_Driver/Src/stm32f1xx_hal_gpio_ex.c" -mcpu=cortex-m3 -std=gnu11 -g3 -DDEBUG -DUSE_HAL_DRIVER -DSTM32F103xB -c -I../Core/Inc -IC:/Users/Daniel/STM32Cube/Repository/STM32Cube_FW_F1_V1.8.5/Drivers/STM32F1xx_HAL_Driver/Inc -IC:/Users/Daniel/STM32Cube/Repository/STM32Cube_FW_F1_V1.8.5/Drivers/STM32F1xx_HAL_Driver/Inc/Legacy -IC:/Users/Daniel/STM32Cube/Repository/STM32Cube_FW_F1_V1.8.5/Drivers/CMSIS/Device/ST/STM32F1xx/Include -IC:/Users/Daniel/STM32Cube/Repository/STM32Cube_FW_F1_V1.8.5/Drivers/CMSIS/Include -Os -ffunction-sections -fdata-sections -mslow-flash-data -fno-strict-aliasing -Wall -fstack-usage -fcyclomatic-complexity -MMD -MP -MF"Drivers/STM32F1xx_HAL_Driver/stm32f1xx_hal_gpio_ex.d" -MT"Drivers/STM32F1xx_HAL_Driver/stm32f1xx_hal_gpio_ex.o" --specs=nano.specs -mfloat-abi=soft -mthumb -o "Drivers/STM32F1xx_HAL_Driver/stm32f1xx_hal_gpio_ex.o"
arm-none-eabi-gcc "C:/Users/Daniel/STM32Cube/Repository/STM32Cube_FW_F1_V1.8.5/Drivers/STM32F1xx_HAL_Driver/Src/stm32f1xx_hal_pwr.c" -mcpu=cortex-m3 -std=gnu11 -g3 -DDEBUG -DUSE_HAL_DRIVER -DSTM32F103xB -c -I../Core/Inc -IC:/Users/Daniel/STM32Cube/Repository/STM32Cube_FW_F1_V1.8.5/Drivers/STM32F1xx_HAL_Driver/Inc -IC:/Users/Daniel/STM32Cube/Repository/STM32Cube_FW_F1_V1.8.5/Drivers/STM32F1xx_HAL_Driver/Inc/Legacy -IC:/Users/Daniel/STM32Cube/Repository/STM32Cube_FW_F1_V1.8.5/Drivers/CMSIS/Device/ST/STM32F1xx/Include -IC:/Users/Daniel/STM32Cube/Repository/STM32Cube_FW_F1_V1.8.5/Drivers/CMSIS/Include -Os -ffunction-sections -fdata-sections -mslow-flash-data -fno-strict-aliasing -Wall -fstack-usage -fcyclomatic-complexity -MMD -MP -MF"Drivers/STM32F1xx_HAL_Driver/stm32f1xx_hal_pwr.d" -MT"Drivers/STM32F1xx_HAL_Driver/stm32f1xx_hal_pwr.o" --specs=nano.specs -mfloat-abi=soft -mthumb -o "Drivers/STM32F1xx_HAL_Driver/stm32f1xx_hal_pwr.o"
arm-none-eabi-gcc "C:/Users/Daniel/STM32Cube/Repository/STM32Cube_FW_F1_V1.8.5/Drivers/STM32F1xx_HAL_Driver/Src/stm32f1xx_hal_rcc.c" -mcpu=cortex-m3 -std=gnu11 -g3 -DDEBUG -DUSE_HAL_DRIVER -DSTM32F103xB -c -I../Core/Inc -IC:/Users/Daniel/STM32Cube/Repository/STM32Cube_FW_F1_V1.8.5/Drivers/STM32F1xx_HAL_Driver/Inc -IC:/Users/Daniel/STM32Cube/Repository/STM32Cube_FW_F1_V1.8.5/Drivers/STM32F1xx_HAL_Driver/Inc/Legacy -IC:/Users/Daniel/STM32Cube/Repository/STM32Cube_FW_F1_V1.8.5/Drivers/CMSIS/Device/ST/STM32F1xx/Include -IC:/Users/Daniel/STM32Cube/Repository/STM32Cube_FW_F1_V1.8.5/Drivers/CMSIS/Include -Os -ffunction-sections -fdata-sections -mslow-flash-data -fno-strict-aliasing -Wall -fstack-usage -fcyclomatic-complexity -MMD -MP -MF"Drivers/STM32F1xx_HAL_Driver/stm32f1xx_hal_rcc.d" -MT"Drivers/STM32F1xx_HAL_Driver/stm32f1xx_hal_rcc.o" --specs=nano.specs -mfloat-abi=soft -mthumb -o "Drivers/STM32F1xx_HAL_Driver/stm32f1xx_hal_rcc.o"
arm-none-eabi-gcc "C:/Users/Daniel/STM32Cube/Repository/STM32Cube_FW_F1_V1.8.5/Drivers/STM32F1xx_HAL_Driver/Src/stm32f1xx_hal_rcc_ex.c" -mcpu=cortex-m3 -std=gnu11 -g3 -DDEBUG -DUSE_HAL_DRIVER -DSTM32F103xB -c -I../Core/Inc -IC:/Users/Daniel/STM32Cube/Repository/STM32Cube_FW_F1_V1.8.5/Drivers/STM32F1xx_HAL_Driver/Inc -IC:/Users/Daniel/STM32Cube/Repository/STM32Cube_FW_F1_V1.8.5/Drivers/STM32F1xx_HAL_Driver/Inc/Legacy -IC:/Users/Daniel/STM32Cube/Repository/STM32Cube_FW_F1_V1.8.5/Drivers/CMSIS/Device/ST/STM32F1xx/Include -IC:/Users/Daniel/STM32Cube/Repository/STM32Cube_FW_F1_V1.8.5/Drivers/CMSIS/Include -Os -ffunction-sections -fdata-sections -mslow-flash-data -fno-strict-aliasing -Wall -fstack-usage -fcyclomatic-complexity -MMD -MP -MF"Drivers/STM32F1xx_HAL_Driver/stm32f1xx_hal_rcc_ex.d" -MT"Drivers/STM32F1xx_HAL_Driver/stm32f1xx_hal_rcc_ex.o" --specs=nano.specs -mfloat-abi=soft -mthumb -o "Drivers/STM32F1xx_HAL_Driver/stm32f1xx_hal_rcc_ex.o"
arm-none-eabi-gcc "C:/Users/Daniel/STM32Cube/Repository/STM32Cube_FW_F1_V1.8.5/Drivers/STM32F1xx_HAL_Driver/Src/stm32f1xx_hal_tim.c" -mcpu=cortex-m3 -std=gnu11 -g3 -DDEBUG -DUSE_HAL_DRIVER -DSTM32F103xB -c -I../Core/Inc -IC:/Users/Daniel/STM32Cube/Repository/STM32Cube_FW_F1_V1.8.5/Drivers/STM32F1xx_HAL_Driver/Inc -IC:/Users/Daniel/STM32Cube/Repository/STM32Cube_FW_F1_V1.8.5/Drivers/STM32F1xx_HAL_Driver/Inc/Legacy -IC:/Users/Daniel/STM32Cube/Repository/STM32Cube_FW_F1_V1.8.5/Drivers/CMSIS/Device/ST/STM32F1xx/Include -IC:/Users/Daniel/STM32Cube/Repository/STM32Cube_FW_F1_V1.8.5/Drivers/CMSIS/Include -Os -ffunction-sections -fdata-sections -mslow-flash-data -fno-strict-aliasing -Wall -fstack-usage -fcyclomatic-complexity -MMD -MP -MF"Drivers/STM32F1xx_HAL_Driver/stm32f1xx_hal_tim.d" -MT"Drivers/STM32F1xx_HAL_Driver/stm32f1xx_hal_tim.o" --specs=nano.specs -mfloat-abi=soft -mthumb -o "Drivers/STM32F1xx_HAL_Driver/stm32f1xx_hal_tim.o"
arm-none-eabi-gcc "C:/Users/Daniel/STM32Cube/Repository/STM32Cube_FW_F1_V1.8.5/Drivers/STM32F1xx_HAL_Driver/Src/stm32f1xx_hal_tim_ex.c" -mcpu=cortex-m3 -std=gnu11 -g3 -DDEBUG -DUSE_HAL_DRIVER -DSTM32F103xB -c -I../Core/Inc -IC:/Users/Daniel/STM32Cube/Repository/STM32Cube_FW_F1_V1.8.5/Drivers/STM32F1xx_HAL_Driver/Inc -IC:/Users/Daniel/STM32Cube/Repository/STM32Cube_FW_F1_V1.8.5/Drivers/STM32F1xx_HAL_Driver/Inc/Legacy -IC:/Users/Daniel/STM32Cube/Repository/STM32Cube_FW_F1_V1.8.5/Drivers/CMSIS/Device/ST/STM32F1xx/Include -IC:/Users/Daniel/STM32Cube/Repository/STM32Cube_FW_F1_V1.8.5/Drivers/CMSIS/Include -Os -ffunction-sections -fdata-sections -mslow-flash-data -fno-strict-aliasing -Wall -fstack-usage -fcyclomatic-complexity -MMD -MP -MF"Drivers/STM32F1xx_HAL_Driver/stm32f1xx_hal_tim_ex.d" -MT"Drivers/STM32F1xx_HAL_Driver/stm32f1xx_hal_tim_ex.o" --specs=nano.specs -mfloat-abi=soft -mthumb -o "Drivers/STM32F1xx_HAL_Driver/stm32f1xx_hal_tim_ex.o"
arm-none-eabi-gcc -mcpu=cortex-m3 -DDEBUG -c -x assembler-with-cpp -MMD -MP -MF"Core/Startup/startup_stm32f103c8tx.d" -MT"Core/Startup/startup_stm32f103c8tx.o" --specs=nano.specs -mfloat-abi=soft -mthumb -o "Core/Startup/startup_stm32f103c8tx.o" "../Core/Startup/startup_stm32f103c8tx.s"
arm-none-eabi-gcc "../Core/Src/can.c" -mcpu=cortex-m3 -std=gnu11 -g3 -DDEBUG -DUSE_HAL_DRIVER -DSTM32F103xB -c -I../Core/Inc -IC:/Users/Daniel/STM32Cube/Repository/STM32Cube_FW_F1_V1.8.5/Drivers/STM32F1xx_HAL_Driver/Inc -IC:/Users/Daniel/STM32Cube/Repository/STM32Cube_FW_F1_V1.8.5/Drivers/STM32F1xx_HAL_Driver/Inc/Legacy -IC:/Users/Daniel/STM32Cube/Repository/STM32Cube_FW_F1_V1.8.5/Drivers/CMSIS/Device/ST/STM32F1xx/Include -IC:/Users/Daniel/STM32Cube/Repository/STM32Cube_FW_F1_V1.8.5/Drivers/CMSIS/Include -Os -ffunction-sections -fdata-sections -mslow-flash-data -fno-strict-aliasing -Wall -fstack-usage -fcyclomatic-complexity -MMD -MP -MF"Core/Src/can.d" -MT"Core/Src/can.o" --specs=nano.specs -mfloat-abi=soft -mthumb -o "Core/Src/can.o"
arm-none-eabi-gcc "../Core/Src/gpio.c" -mcpu=cortex-m3 -std=gnu11 -g3 -DDEBUG -DUSE_HAL_DRIVER -DSTM32F103xB -c -I../Core/Inc -IC:/Users/Daniel/STM32Cube/Repository/STM32Cube_FW_F1_V1.8.5/Drivers/STM32F1xx_HAL_Driver/Inc -IC:/Users/Daniel/STM32Cube/Repository/STM32Cube_FW_F1_V1.8.5/Drivers/STM32F1xx_HAL_Driver/Inc/Legacy -IC:/Users/Daniel/STM32Cube/Repository/STM32Cube_FW_F1_V1.8.5/Drivers/CMSIS/Device/ST/STM32F1xx/Include -IC:/Users/Daniel/STM32Cube/Repository/STM32Cube_FW_F1_V1.8.5/Drivers/CMSIS/Include -Os -ffunction-sections -fdata-sections -mslow-flash-data -fno-strict-aliasing -Wall -fstack-usage -fcyclomatic-complexity -MMD -MP -MF"Core/Src/gpio.d" -MT"Core/Src/gpio.o" --specs=nano.specs -mfloat-abi=soft -mthumb -o "Core/Src/gpio.o"
arm-none-eabi-gcc "../Core/Src/main.c" -mcpu=cortex-m3 -std=gnu11 -g3 -DDEBUG -DUSE_HAL_DRIVER -DSTM32F103xB -c -I../Core/Inc -IC:/Users/Daniel/STM32Cube/Repository/STM32Cube_FW_F1_V1.8.5/Drivers/STM32F1xx_HAL_Driver/Inc -IC:/Users/Daniel/STM32Cube/Repository/STM32Cube_FW_F1_V1.8.5/Drivers/STM32F1xx_HAL_Driver/Inc/Legacy -IC:/Users/Daniel/STM32Cube/Repository/STM32Cube_FW_F1_V1.8.5/Drivers/CMSIS/Device/ST/STM32F1xx/Include -IC:/Users/Daniel/STM32Cube/Repository/STM32Cube_FW_F1_V1.8.5/Drivers/CMSIS/Include -Os -ffunction-sections -fdata-sections -mslow-flash-data -fno-strict-aliasing -Wall -fstack-usage -fcyclomatic-complexity -MMD -MP -MF"Core/Src/main.d" -MT"Core/Src/main.o" --specs=nano.specs -mfloat-abi=soft -mthumb -o "Core/Src/main.o"
arm-none-eabi-gcc "../Core/Src/stm32f1xx_hal_msp.c" -mcpu=cortex-m3 -std=gnu11 -g3 -DDEBUG -DUSE_HAL_DRIVER -DSTM32F103xB -c -I../Core/Inc -IC:/Users/Daniel/STM32Cube/Repository/STM32Cube_FW_F1_V1.8.5/Drivers/STM32F1xx_HAL_Driver/Inc -IC:/Users/Daniel/STM32Cube/Repository/STM32Cube_FW_F1_V1.8.5/Drivers/STM32F1xx_HAL_Driver/Inc/Legacy -IC:/Users/Daniel/STM32Cube/Repository/STM32Cube_FW_F1_V1.8.5/Drivers/CMSIS/Device/ST/STM32F1xx/Include -IC:/Users/Daniel/STM32Cube/Repository/STM32Cube_FW_F1_V1.8.5/Drivers/CMSIS/Include -Os -ffunction-sections -fdata-sections -mslow-flash-data -fno-strict-aliasing -Wall -fstack-usage -fcyclomatic-complexity -MMD -MP -MF"Core/Src/stm32f1xx_hal_msp.d" -MT"Core/Src/stm32f1xx_hal_msp.o" --specs=nano.specs -mfloat-abi=soft -mthumb -o "Core/Src/stm32f1xx_hal_msp.o"
arm-none-eabi-gcc "../Core/Src/stm32f1xx_it.c" -mcpu=cortex-m3 -std=gnu11 -g3 -DDEBUG -DUSE_HAL_DRIVER -DSTM32F103xB -c -I../Core/Inc -IC:/Users/Daniel/STM32Cube/Repository/STM32Cube_FW_F1_V1.8.5/Drivers/STM32F1xx_HAL_Driver/Inc -IC:/Users/Daniel/STM32Cube/Repository/STM32Cube_FW_F1_V1.8.5/Drivers/STM32F1xx_HAL_Driver/Inc/Legacy -IC:/Users/Daniel/STM32Cube/Repository/STM32Cube_FW_F1_V1.8.5/Drivers/CMSIS/Device/ST/STM32F1xx/Include -IC:/Users/Daniel/STM32Cube/Repository/STM32Cube_FW_F1_V1.8.5/Drivers/CMSIS/Include -Os -ffunction-sections -fdata-sections -mslow-flash-data -fno-strict-aliasing -Wall -fstack-usage -fcyclomatic-complexity -MMD -MP -MF"Core/Src/stm32f1xx_it.d" -MT"Core/Src/stm32f1xx_it.o" --specs=nano.specs -mfloat-abi=soft -mthumb -o "Core/Src/stm32f1xx_it.o"
arm-none-eabi-gcc "../Core/Src/syscalls.c" -mcpu=cortex-m3 -std=gnu11 -g3 -DDEBUG -DUSE_HAL_DRIVER -DSTM32F103xB -c -I../Core/Inc -IC:/Users/Daniel/STM32Cube/Repository/STM32Cube_FW_F1_V1.8.5/Drivers/STM32F1xx_HAL_Driver/Inc -IC:/Users/Daniel/STM32Cube/Repository/STM32Cube_FW_F1_V1.8.5/Drivers/STM32F1xx_HAL_Driver/Inc/Legacy -IC:/Users/Daniel/STM32Cube/Repository/STM32Cube_FW_F1_V1.8.5/Drivers/CMSIS/Device/ST/STM32F1xx/Include -IC:/Users/Daniel/STM32Cube/Repository/STM32Cube_FW_F1_V1.8.5/Drivers/CMSIS/Include -Os -ffunction-sections -fdata-sections -mslow-flash-data -fno-strict-aliasing -Wall -fstack-usage -fcyclomatic-complexity -MMD -MP -MF"Core/Src/syscalls.d" -MT"Core/Src/syscalls.o" --specs=nano.specs -mfloat-abi=soft -mthumb -o "Core/Src/syscalls.o"
arm-none-eabi-gcc "../Core/Src/sysmem.c" -mcpu=cortex-m3 -std=gnu11 -g3 -DDEBUG -DUSE_HAL_DRIVER -DSTM32F103xB -c -I../Core/Inc -IC:/Users/Daniel/STM32Cube/Repository/STM32Cube_FW_F1_V1.8.5/Drivers/STM32F1xx_HAL_Driver/Inc -IC:/Users/Daniel/STM32Cube/Repository/STM32Cube_FW_F1_V1.8.5/Drivers/STM32F1xx_HAL_Driver/Inc/Legacy -IC:/Users/Daniel/STM32Cube/Repository/STM32Cube_FW_F1_V1.8.5/Drivers/CMSIS/Device/ST/STM32F1xx/Include -IC:/Users/Daniel/STM32Cube/Repository/STM32Cube_FW_F1_V1.8.5/Drivers/CMSIS/Include -Os -ffunction-sections -fdata-sections -mslow-flash-data -fno-strict-aliasing -Wall -fstack-usage -fcyclomatic-complexity -MMD -MP -MF"Core/Src/sysmem.d" -MT"Core/Src/sysmem.o" --specs=nano.specs -mfloat-abi=soft -mthumb -o "Core/Src/sysmem.o"
arm-none-eabi-gcc "../Core/Src/system_stm32f1xx.c" -mcpu=cortex-m3 -std=gnu11 -g3 -DDEBUG -DUSE_HAL_DRIVER -DSTM32F103xB -c -I../Core/Inc -IC:/Users/Daniel/STM32Cube/Repository/STM32Cube_FW_F1_V1.8.5/Drivers/STM32F1xx_HAL_Driver/Inc -IC:/Users/Daniel/STM32Cube/Repository/STM32Cube_FW_F1_V1.8.5/Drivers/STM32F1xx_HAL_Driver/Inc/Legacy -IC:/Users/Daniel/STM32Cube/Repository/STM32Cube_FW_F1_V1.8.5/Drivers/CMSIS/Device/ST/STM32F1xx/Include -IC:/Users/Daniel/STM32Cube/Repository/STM32Cube_FW_F1_V1.8.5/Drivers/CMSIS/Include -Os -ffunction-sections -fdata-sections -mslow-flash-data -fno-strict-aliasing -Wall -fstack-usage -fcyclomatic-complexity -MMD -MP -MF"Core/Src/system_stm32f1xx.d" -MT"Core/Src/system_stm32f1xx.o" --specs=nano.specs -mfloat-abi=soft -mthumb -o "Core/Src/system_stm32f1xx.o"
arm-none-eabi-gcc -o "ELC_FBL.elf" @"objects.list"   -mcpu=cortex-m3 -T"C:\Users\Daniel\Desktop\GitHub Repositories\ELC_FBL\STM32F103C8TX_FLASH.ld" --specs=nosys.specs -Wl,-Map="ELC_FBL.map" -Wl,--gc-sections -static --specs=nano.specs -mfloat-abi=soft -mthumb -Wl,--start-group -lc -lm -Wl,--end-group
Finished building target: ELC_FBL.elf
 
arm-none-eabi-size  ELC_FBL.elf 
arm-none-eabi-objdump -h -S ELC_FBL.elf  > "ELC_FBL.list"
arm-none-eabi-objcopy  -O ihex ELC_FBL.elf  "ELC_FBL.hex"
   text	   data	    bss	    dec	    hex	filename
   7820	     24	    728	   8572	   217c	ELC_FBL.elf
arm-none-eabi-objcopy  -O binary ELC_FBL.elf  "ELC_FBL.bin"
arm-none-eabi-objcopy  -O verilog ELC_FBL.elf  "ELC_FBL.verilog"
Finished building: default.size.stdout
arm-none-eabi-objcopy  -O srec ELC_FBL.elf  "ELC_FBL.srec"
arm-none-eabi-objcopy  -O symbolsrec ELC_FBL.elf  "ELC_FBL.symbolsrec"
 
Finished building: ELC_FBL.hex
Finished building: ELC_FBL.list
 
Finished building: ELC_FBL.bin
Finished building: ELC_FBL.verilog
 
Finished building: ELC_FBL.symbolsrec
Finished building: ELC_FBL.srec
 
 
 
 
23:40:35 **** Incremental Build of configuration Debug for project ELC_APP ****
make -j12 all 
arm-none-eabi-size  ELC_APP.elf 
   text	   data	    bss	    dec	    hex	filename
  26324	    120	  18568	  45012	   afd4	ELC_APP.elf
Finished building: default.size.stdout
 
23:40:36 **** Incremental Build of configuration Debug for project ELC_FBL ****
make -j12 all 
arm-none-eabi-size  ELC_FBL.elf 
   text	   data	    bss	    dec	    hex	filename
   7820	     24	    728	   8572	   217c	ELC_FBL.elf
Finished building: default.size.stdout
 
